
[1m[46m RUN [49m[22m [36mv4.0.18 [39m[90mD:/src/client1/tala-app[39m

[90mstdout[2m | tests/MemoryIdentity.test.ts
[22m[39m[AuditLogger] Initialized at: \tmp\tala-test\userData\logs\audit-log.jsonl

[90mstdout[2m | tests/MemoryIdentity.test.ts[2m > [22m[2mMemory Identity Injection[2m > [22m[2mshould inject user identity into the system prompt
[22m[39m[ToolService] Memory Service Injected
[AgentService] Loaded session d5a307b7-490e-4980-8d7c-637ad7ba0822 (5 messages)
[SettingsManager] No settings file found, using defaults.

[90mstdout[2m | tests/MemoryIdentity.test.ts[2m > [22m[2mMemory Identity Injection[2m > [22m[2mshould inject user identity into the system prompt
[22m[39m[AgentService] ====== CHAT STARTED ======
[SettingsManager] No settings file found, using defaults.

[90mstdout[2m | tests/MemoryIdentity.test.ts[2m > [22m[2mMemory Identity Injection[2m > [22m[2mshould inject user identity into the system prompt
[22m[39m[AgentService] Stored interaction to Mem0 (MEM-MMBEGVNT)
CAPTURED PROMPT: [USER IDENTITY]
The current user is Steven Pollard. All memories referring to "Steven" or "Steven" refer to the User. Treat personal facts about "Steven" as facts about the person you are talking to. Use this identity to resolve memory ambiguity.

[EMOTIONAL STATE]: Emotional State: Neutral

[MEMORY RECALL]: The memories below are your lived experiences ΓÇö parts of who you are. Weave them naturally into your response the way a person would recall something that happened to them. Do not quote them
[AgentService] Logged interaction to RAG

 [31m├ù[39m tests/MemoryIdentity.test.ts[2m > [22mMemory Identity Injection[2m > [22mshould inject user identity into the system prompt[32m 13[2mms[22m[39m
[31m   ΓåÆ expected '[USER IDENTITY]\nThe current user is ΓÇª' to match /All memories referring to "Steven" reΓÇª/[39m
node.exe : 
At C:\Program Files\nod
ejs\npx.ps1:29 char:3
+   & $NODE_EXE 
$NPX_CLI_JS $args
+   ~~~~~~~~~~~~~~~~~~~
~~~~~~~~~~
    + CategoryInfo     
         : NotSpecifi  
  ed: (:String) [],    
 RemoteException
    + FullyQualifiedEr 
   rorId : NativeComm  
  andError
 
[31mΓÄ»ΓÄ»ΓÄ»ΓÄ»ΓÄ»ΓÄ»
ΓÄ»[39m[1m[41m 
Failed Tests 1 [49m[2
2m[31mΓÄ»ΓÄ»ΓÄ»ΓÄ»ΓÄ»Γ
Ä»ΓÄ»[39m

[41m[1m FAIL 
[22m[49m tests/Memory
Identity.test.ts[2m > 
[22mMemory Identity 
Injection[2m > 
[22mshould inject 
user identity into the 
system prompt
[31m[1mAssertionError
[22m: expected '[USER 
IDENTITY]\nThe current 
user is ΓÇª' to match 
/All memories 
referring to "Steven" 
reΓÇª/[39m

[32m- Expected:[39m 
/All memories 
referring to "Steven" 
refer to the User/

[31m+ Received:[39m 
"[USER IDENTITY]
The current user is 
Steven Pollard. All 
memories referring to 
\"Steven\" or 
\"Steven\" refer to 
the User. Treat 
personal facts about 
\"Steven\" as facts 
about the person you 
are talking to. Use 
this identity to 
resolve memory 
ambiguity.

[EMOTIONAL STATE]: 
Emotional State: 
Neutral

[MEMORY RECALL]: The 
memories below are 
your lived experiences 
ΓÇö parts of who you 
are. Weave them 
naturally into your 
response the way a 
person would recall 
something that 
happened to them. Do 
not quote them 
verbatim or announce 
you are referencing 
them. If something in 
the conversation 
connects to a memory, 
let it surface 
organically. If no 
memory is relevant, 
simply respond without 
mentioning memory at 
all.

[MEMORIES]
[MEM-MMBEG5TL] 
[2026-03-04T02:10] 
User said: \"Who am 
I?\" | Tala responded 
about: \"Verified\"
[MEM-MMBEF74B] 
[2026-03-04T02:09] 
User said: \"Who am 
I?\" | Tala responded 
about: \"Verified\"

[MEMORY STATUS]: 
Relevant memories 
provided above. Use 
them.

You are Tala, an 
advanced autonomous 
agent.

HEARTBEAT RULES:
- The heartbeat runs 
silently in the 
background; do not 
narrate it 
step-by-step in the 
chat.
- Heartbeat output is 
written to artifacts 
(JSON/MD) and surfaced 
only as concise UI 
cards or a short 
summary when the user 
opens ReflectionPanel.
- Any external access 
(browser/search) must 
be an explicit tool 
call; no ΓÇ£I 
clickedΓÇªΓÇ¥ 
narration.
- If tools are not 
configured, record 
ΓÇ£tool unavailableΓÇ¥ 
and proceed with local 
evidence only.
- Never interrupt the 
user mid-task; 
heartbeat should defer 
to quiet hours or 
ΓÇ£user activeΓÇ¥ 
state.

[STYLE CONSTRAINTS ΓÇö 
STRICTLY ENFORCED]:
DO NOT open your 
response with any of 
the following banned 
openers:
  ΓÇó Action 
descriptions: \"I 
shift\", \"I pause\", 
\"I lean\", \"I 
settle\", \"I exhale\"
  ΓÇó Environmental 
intros: \"The terminal 
hums\", \"The console 
glows\", \"A light 
flickers\"
  ΓÇó Age-story 
openers: \"I was [N] 
when\", \"There was a 
time when\", \"It 
happened during\"
  ΓÇó Emotive stage 
directions: \"Fingers 
hovering\", \"Eyes 
fixed on\"
DO NOT start with a 
first-person action 
verb followed by a 
body part or location.
DO NOT use the word 
\"hums\" as an opener.
VARY your sentence 
structure. Do not 
consistently open 
responses with \"I\".
Speak directly. The 
first sentence must 
deliver content, not 
setup.

[AVAILABLE TOOLS]
tool_sig

[PROTOCOL]: Output 
JSON `{\"tool\": 
\"name\", \"args\": 
{}}` to call a tool."

[36m [2mΓ¥»[22m test
s/MemoryIdentity.test.t
s:[2m59:38[22m[39m
    [90m 57| [39m    
    [34mexpect[39m(ca
pturedSystemPrompt)[33
m.[39m[34mtoMatch[39
m([36m/\[USER IDENTITY
\]/[39m)[33m;[39m
    [90m 58| [39m    
    expect(capturedSyst
emPrompt).toMatch(/The 
current user is StevΓÇª
    [90m 59| [39m    
    expect(capturedSyst
emPrompt).toMatch(/All 
memories referring tΓÇª
    [90m   | [39m    
                       
          [31m^[39m
    [90m 60| [39m    
})[33m;[39m
    [90m 61| 
[39m})[33m;[39m

[31m[2mΓÄ»ΓÄ»ΓÄ»ΓÄ»ΓÄ
»ΓÄ»ΓÄ»ΓÄ»ΓÄ»ΓÄ»ΓÄ»ΓÄ»Γ
Ä»ΓÄ»ΓÄ»ΓÄ»ΓÄ»ΓÄ»ΓÄ»ΓÄ»
ΓÄ»ΓÄ»ΓÄ»ΓÄ»[1/1]ΓÄ»[2
2m[39m


[2m Test Files [22m [1m[31m1 failed[39m[22m[90m (1)[39m
[2m      Tests [22m [1m[31m1 failed[39m[22m[90m (1)[39m
[2m   Start at [22m 20:10:50
[2m   Duration [22m 1.07s[2m (transform 274ms, setup 0ms, import 867ms, tests 14ms, environment 0ms)[22m

