
> tala-app@0.0.0 test
> vitest run


[1m[46m RUN [49m[22m [36mv4.1.0 [39m[90mD:/src/client1/tala-app[39m

[90mstdout[2m | tests/reflection/ArtifactStore.test.ts[2m > [22m[2mArtifactStore[2m > [22m[2mpurges old records by file age
[22m[39m[ArtifactStore] Purging records older than 30 days...
[ArtifactStore] Purged 1 records.

 [32mΓ£ô[39m tests/reflection/ArtifactStore.test.ts [2m([22m[2m8 tests[22m[2m)[22m[32m 65[2mms[22m[39m
[90mstdout[2m | tests/reflection/ReflectionEngine.test.ts
[22m[39m[AuditLogger] Initialized at: \tmp\tala-test\userData\logs\audit-log.jsonl

[90mstdout[2m | electron/__tests__/inference/CanonicalStreaming.test.ts
[22m[39m[AuditLogger] Initialized at: \tmp\tala-test\logs\audit-log.jsonl

[90mstdout[2m | tests/RetrievalProviders.test.ts
[22m[39m[AuditLogger] Initialized at: \tmp\tala-test\logs\audit-log.jsonl

node.exe : 
[90mstderr[2m | tests
/RetrievalProviders.tes
t.ts[2m > [22m[2mExt
ernalApiSearchProvider
[2m > [22m[2mreturns 
error result when 
config is null
At C:\Program Files\nod
ejs\npm.ps1:29 char:3
+   & $NODE_EXE 
$NPM_CLI_JS $args
+   ~~~~~~~~~~~~~~~~~~~
~~~~~~~~~~
    + CategoryInfo     
         : NotSpecifi  
  ed: ([90mstderr[   
 2m... config is nu    
ll:String) [], Rem    
oteException
    + FullyQualifiedEr 
   rorId : NativeComm  
  andError
 
[22m[39m[ExternalSear
ch][external:unconfigur
ed] FAIL phase=config 
(not configured)

[90mstderr[2m | tests
/RetrievalProviders.tes
t.ts[2m > [22m[2mExt
ernalApiSearchProvider
[2m > [22m[2mreturns 
error result when 
provider is disabled
[22m[39m[ExternalSear
ch][external:test-provi
der] FAIL phase=config 
(disabled)

[90mstdout[2m | tests/RetrievalProviders.test.ts[2m > [22m[2mExternalApiSearchProvider[2m > [22m[2mresult normalization (via mocked HTTP)[2m > [22m[2mnormalizes serper-style response into NormalizedSearchResult
[22m[39m[ExternalSearch][external:serper1] OK 2 results in 0ms

[90mstdout[2m | tests/RetrievalProviders.test.ts[2m > [22m[2mExternalApiSearchProvider[2m > [22m[2mresult normalization (via mocked HTTP)[2m > [22m[2mrespects topK option
[22m[39m[ExternalSearch][external:p1] OK 4 results in 0ms

[90mstdout[2m | tests/RetrievalProviders.test.ts[2m > [22m[2mExternalApiSearchProvider[2m > [22m[2mresult normalization (via mocked HTTP)[2m > [22m[2mreturns graceful error result when _executeSearch throws
[22m[39m[ExternalSearch][external:p1] OK 4 results in 0ms (cached)

[90mstdout[2m | electron/__tests__/inference/CanonicalStreaming.test.ts[2m > [22m[2mInferenceService.executeStream()[2m > [22m[2msuccessful stream emits inference_started, stream_opened, stream_completed, inference_completed
[22m[39m[InferenceService] Stream attempt 1/1 ΓÇö provider: ollama-test scope: local type: ollama openTimeout: 30000ms promptChars: 2 turnId: turn-001
[InferenceService] First token received ΓÇö provider: ollama-test firstTokenLatency: 0ms turnId: turn-001

[90mstdout[2m | electron/__tests__/inference/CanonicalStreaming.test.ts[2m > [22m[2mInferenceService.executeStream()[2m > [22m[2msuccessful stream emits inference_started, stream_opened, stream_completed, inference_completed
[22m[39m[BrainResponse] hasToolCalls=false toolCalls=[]

[90mstderr[2m | tests
/reflection/ReflectionE
ngine.test.ts[2m > [2
2m[2mReflectionEngine
[2m > 
[22m[2mReflection 
Cycle[2m > 
[22m[2mproduces a 
reflection event when 
errors exist
[22m[39m[Test] 
Simulated inference 
timeout
[Test] ECONNREFUSED 
from Ollama

[90mstdout[2m | electron/__tests__/inference/CanonicalStreaming.test.ts[2m > [22m[2mInferenceService.executeStream()[2m > [22m[2msuccessful stream does not create failure signals in ReflectionEngine
[22m[39m[InferenceService] Stream attempt 1/1 ΓÇö provider: ollama-test scope: local type: ollama openTimeout: 30000ms promptChars: 0 turnId: turn-001
[InferenceService] First token received ΓÇö provider: ollama-test firstTokenLatency: 0ms turnId: turn-001

[90mstdout[2m | tests/RetrievalProviders.test.ts[2m > [22m[2mExternalApiSearchProvider[2m > [22m[2mresult normalization (via mocked HTTP)[2m > [22m[2mpreserves metadata fields (providerType, providerName, endpoint)
[22m[39m[ExternalSearch][external:p1] OK 4 results in 0ms (cached)

[90mstdout[2m | electron/__tests__/inference/CanonicalStreaming.test.ts[2m > [22m[2mInferenceService.executeStream()[2m > [22m[2msuccessful stream does not create failure signals in ReflectionEngine
[22m[39m[BrainResponse] hasToolCalls=false toolCalls=[]

[90mstderr[2m | tests
/reflection/ReflectionE
ngine.test.ts[2m > [2
2m[2mReflectionEngine
[2m > 
[22m[2mReflection 
Cycle[2m > 
[22m[2mincludes turn 
data in reflection 
events
[22m[39m[Test] Tool 
call failed: search_web

[90mstdout[2m | electron/__tests__/inference/CanonicalStreaming.test.ts[2m > [22m[2mInferenceService.executeStream()[2m > [22m[2mstream failure before first token triggers fallback when fallbackAllowed=true
[22m[39m[InferenceService] Stream attempt 1/2 ΓÇö provider: primary scope: local type: ollama openTimeout: 30000ms promptChars: 0 turnId: turn-001

[90mstdout[2m | electron/__tests__/inference/CanonicalStreaming.test.ts[2m > [22m[2mInferenceService.executeStream()[2m > [22m[2mstream failure before first token triggers fallback when fallbackAllowed=true
[22m[39m[InferenceService] Cancelling in-flight request for attempt 1 ΓÇö provider: primary, reason: Error: connection refused, turnId: turn-001
[InferenceService] Stream attempt 2/2 ΓÇö provider: fallback scope: local type: ollama openTimeout: 30000ms promptChars: 0 turnId: turn-001
[InferenceService] First token received ΓÇö provider: fallback firstTokenLatency: 0ms turnId: turn-001

[90mstdout[2m | electron/__tests__/inference/CanonicalStreaming.test.ts[2m > [22m[2mInferenceService.executeStream()[2m > [22m[2mstream failure before first token triggers fallback when fallbackAllowed=true
[22m[39m[BrainResponse] hasToolCalls=false toolCalls=[]

[90mstdout[2m | electron/__tests__/inference/CanonicalStreaming.test.ts[2m > [22m[2mInferenceService.executeStream()[2m > [22m[2mstream failure after partial output does NOT retry, returns isPartial=true
[22m[39m[InferenceService] Stream attempt 1/2 ΓÇö provider: primary scope: local type: ollama openTimeout: 30000ms promptChars: 0 turnId: turn-001
[InferenceService] First token received ΓÇö provider: primary firstTokenLatency: 0ms turnId: turn-001

[90mstdout[2m | electron/__tests__/inference/CanonicalStreaming.test.ts[2m > [22m[2mInferenceService.executeStream()[2m > [22m[2mstream failure after partial output does NOT retry, returns isPartial=true
[22m[39m[InferenceService] Cancelling in-flight request for attempt 1 ΓÇö provider: primary, reason: Error: mid-stream disconnect, turnId: turn-001

[90mstdout[2m | tests/RetrievalProviders.test.ts[2m > [22m[2mRetrievalOrchestrator with LocalSearchProvider and ExternalApiSearchProvider[2m > [22m[2mroutes local-only requests to local provider when providerIds=["local"]
[22m[39m[RetrievalOrchestrator] retrieve starting for query: "test" (mode: keyword)

[90mstdout[2m | tests/RetrievalProviders.test.ts[2m > [22m[2mRetrievalOrchestrator with LocalSearchProvider and ExternalApiSearchProvider[2m > [22m[2mroutes local-only requests to local provider when providerIds=["local"]
[22m[39m[RetrievalOrchestrator] Selected providers for category "all" (request.providerIds=["local"]): [ [32m'local'[39m ]

[90mstdout[2m | tests/RetrievalProviders.test.ts[2m > [22m[2mRetrievalOrchestrator with LocalSearchProvider and ExternalApiSearchProvider[2m > [22m[2mroutes local-only requests to local provider when providerIds=["local"]
[22m[39m[RetrievalOrchestrator] retrieve completed in 1ms with 1 results.

[90mstdout[2m | tests/RetrievalProviders.test.ts[2m > [22m[2mRetrievalOrchestrator with LocalSearchProvider and ExternalApiSearchProvider[2m > [22m[2muses all keyword providers when providerIds is omitted
[22m[39m[RetrievalOrchestrator] retrieve starting for query: "test" (mode: keyword)

[90mstdout[2m | tests/RetrievalProviders.test.ts[2m > [22m[2mRetrievalOrchestrator with LocalSearchProvider and ExternalApiSearchProvider[2m > [22m[2muses all keyword providers when providerIds is omitted
[22m[39m[RetrievalOrchestrator] Selected providers for category "all" (request.providerIds=undefined): [ [32m'local'[39m, [32m'external:ext1'[39m ]

[90mstdout[2m | tests/RetrievalProviders.test.ts[2m > [22m[2mRetrievalOrchestrator with LocalSearchProvider and ExternalApiSearchProvider[2m > [22m[2muses all keyword providers when providerIds is omitted
[22m[39m[ExternalSearch][external:ext1] OK 1 results in 0ms

[90mstdout[2m | tests/RetrievalProviders.test.ts[2m > [22m[2mRetrievalOrchestrator with LocalSearchProvider and ExternalApiSearchProvider[2m > [22m[2muses all keyword providers when providerIds is omitted
[22m[39m[RetrievalOrchestrator] retrieve completed in 1ms with 2 results.

[90mstdout[2m | tests/RetrievalProviders.test.ts[2m > [22m[2mRetrievalOrchestrator with LocalSearchProvider and ExternalApiSearchProvider[2m > [22m[2mdeduplicates results with matching itemKey across providers
[22m[39m[RetrievalOrchestrator] retrieve starting for query: "q" (mode: keyword)

[90mstdout[2m | tests/RetrievalProviders.test.ts[2m > [22m[2mRetrievalOrchestrator with LocalSearchProvider and ExternalApiSearchProvider[2m > [22m[2mdeduplicates results with matching itemKey across providers
[22m[39m[RetrievalOrchestrator] Selected providers for category "all" (request.providerIds=undefined): [ [32m'p1'[39m, [32m'p2'[39m ]

[90mstdout[2m | tests/RetrievalProviders.test.ts[2m > [22m[2mRetrievalOrchestrator with LocalSearchProvider and ExternalApiSearchProvider[2m > [22m[2mdeduplicates results with matching itemKey across providers
[22m[39m[RetrievalOrchestrator] retrieve completed in 1ms with 1 results.

[90mstdout[2m | tests/RetrievalProviders.test.ts[2m > [22m[2mRetrievalOrchestrator with LocalSearchProvider and ExternalApiSearchProvider[2m > [22m[2mcaptures external provider failure as warning and returns partial results
[22m[39m[RetrievalOrchestrator] retrieve starting for query: "q" (mode: keyword)

[90mstdout[2m | tests/RetrievalProviders.test.ts[2m > [22m[2mRetrievalOrchestrator with LocalSearchProvider and ExternalApiSearchProvider[2m > [22m[2mcaptures external provider failure as warning and returns partial results
[22m[39m[RetrievalOrchestrator] Selected providers for category "all" (request.providerIds=undefined): [ [32m'local'[39m, [32m'external:fail-ext'[39m ]

[90mstdout[2m | tests/RetrievalProviders.test.ts[2m > [22m[2mRetrievalOrchestrator with LocalSearchProvider and ExternalApiSearchProvider[2m > [22m[2mcaptures external provider failure as warning and returns partial results
[22m[39m[RetrievalOrchestrator] retrieve completed in 1ms with 1 results.

[90mstdout[2m | tests/RetrievalProviders.test.ts[2m > [22m[2mRetrievalOrchestrator with LocalSearchProvider and ExternalApiSearchProvider[2m > [22m[2mreturns empty results gracefully when all providers fail
[22m[39m[RetrievalOrchestrator] retrieve starting for query: "q" (mode: keyword)

[90mstdout[2m | tests/RetrievalProviders.test.ts[2m > [22m[2mRetrievalOrchestrator with LocalSearchProvider and ExternalApiSearchProvider[2m > [22m[2mreturns empty results gracefully when all providers fail
[22m[39m[RetrievalOrchestrator] Selected providers for category "all" (request.providerIds=undefined): [ [32m'fail'[39m ]

[90mstderr[2m | tests
/reflection/ReflectionE
ngine.test.ts[2m > [2
2m[2mReflectionEngine
[2m > 
[22m[2mReflection 
Cycle[2m > 
[22m[2mdrains 
buffers after 
collection (no 
double-counting)
[22m[39m[Test] 
Intentional test error

[90mstderr[2m | tests
/RetrievalProviders.tes
t.ts[2m > [22m[2mRet
rievalOrchestrator 
with 
LocalSearchProvider 
and ExternalApiSearchPr
ovider[2m > 
[22m[2mcaptures 
external provider 
failure as warning and 
returns partial results
[22m[39m[ExternalSear
ch][external:fail-ext] 
FAIL phase=request 
message="External API 
down"

[90mstdout[2m | tests/RetrievalProviders.test.ts[2m > [22m[2mRetrievalOrchestrator with LocalSearchProvider and ExternalApiSearchProvider[2m > [22m[2mreturns empty results gracefully when all providers fail
[22m[39m[RetrievalOrchestrator] retrieve completed in 1ms with 0 results.

[90mstdout[2m | electron/__tests__/inference/CanonicalStreaming.test.ts[2m > [22m[2mInferenceService.executeStream()[2m > [22m[2mtimeout error emits inference_timeout and calls ReflectionEngine.reportSignal with inference_timeout
[22m[39m[InferenceService] Stream attempt 1/1 ΓÇö provider: ollama-test scope: local type: ollama openTimeout: 30000ms promptChars: 0 turnId: turn-001

[90mstdout[2m | electron/__tests__/inference/CanonicalStreaming.test.ts[2m > [22m[2mInferenceService.executeStream()[2m > [22m[2mtimeout error emits inference_timeout and calls ReflectionEngine.reportSignal with inference_timeout
[22m[39m[InferenceService] Cancelling in-flight request for attempt 1 ΓÇö provider: ollama-test, reason: Error: Request timeout exceeded, turnId: turn-001

 [32mΓ£ô[39m electron/__tests__/diagnostics/RuntimeControl.test.ts [2m([22m[2m39 tests[22m[2m)[22m[32m 134[2mms[22m[39m
[90mstdout[2m | electron/__tests__/inference/CanonicalStreaming.test.ts[2m > [22m[2mInferenceService.executeStream()[2m > [22m[2mstream-open timeout (StreamOpenTimeoutError) emits inference_timeout
[22m[39m[InferenceService] Stream attempt 1/1 ΓÇö provider: ollama-test scope: local type: ollama openTimeout: 30000ms promptChars: 0 turnId: turn-001

 [31mΓ¥»[39m tests/RetrievalProviders.test.ts [2m([22m[2m26 tests[22m[2m | [22m[31m2 failed[39m[2m)[22m[32m 33[2mms[22m[39m
     [32mΓ£ô[39m has id "local" and supports keyword mode[32m 3[2mms[22m[39m
     [32mΓ£ô[39m normalizes FileService results into NormalizedSearchResult shape[32m 2[2mms[22m[39m
     [32mΓ£ô[39m generates stable itemKey from path[32m 0[2mms[22m[39m
     [32mΓ£ô[39m respects topK option[32m 0[2mms[22m[39m
     [32mΓ£ô[39m returns empty results when FileService returns empty array[32m 1[2mms[22m[39m
     [32mΓ£ô[39m returns error (not throws) when FileService throws[32m 1[2mms[22m[39m
     [32mΓ£ô[39m has id "external:<configId>" when config is provided[32m 0[2mms[22m[39m
     [32mΓ£ô[39m has id "external:unconfigured" when config is null[32m 0[2mms[22m[39m
     [32mΓ£ô[39m supports keyword mode[32m 1[2mms[22m[39m
     [32mΓ£ô[39m returns error result when config is null[32m 1[2mms[22m[39m
     [32mΓ£ô[39m returns error result when provider is disabled[32m 1[2mms[22m[39m
     [32mΓ£ô[39m refreshFromSettings updates the provider id and config[32m 0[2mms[22m[39m
       [32mΓ£ô[39m normalizes serper-style response into NormalizedSearchResult[32m 1[2mms[22m[39m
       [32mΓ£ô[39m respects topK option[32m 1[2mms[22m[39m
[31m       [31m├ù[31m returns graceful error result when _executeSearch throws[39m[32m 6[2mms[22m[39m
[31m       [31m├ù[31m preserves metadata fields (providerType, providerName, endpoint)[39m[32m 5[2mms[22m[39m
     [32mΓ£ô[39m returns null when config is undefined[32m 0[2mms[22m[39m
     [32mΓ£ô[39m returns null when providers array is empty[32m 0[2mms[22m[39m
     [32mΓ£ô[39m returns null when active provider is disabled[32m 0[2mms[22m[39m
     [32mΓ£ô[39m returns null when activeProviderId does not match any provider[32m 0[2mms[22m[39m
     [32mΓ£ô[39m returns the active enabled provider[32m 0[2mms[22m[39m
     [32mΓ£ô[39m routes local-only requests to local provider when providerIds=["local"][32m 3[2mms[22m[39m
     [32mΓ£ô[39m uses all keyword providers when providerIds is omitted[32m 1[2mms[22m[39m
     [32mΓ£ô[39m deduplicates results with matching itemKey across providers[32m 1[2mms[22m[39m
     [32mΓ£ô[39m captures external provider failure as warning and returns partial results[32m 1[2mms[22m[39m
     [32mΓ£ô[39m returns empty results gracefully when all providers fail[32m 1[2mms[22m[39m
[90mstdout[2m | electron/__tests__/inference/CanonicalStreaming.test.ts[2m > [22m[2mInferenceService.executeStream()[2m > [22m[2mstream-open timeout (StreamOpenTimeoutError) emits inference_timeout
[22m[39m[InferenceService] Cancelling in-flight request for attempt 1 ΓÇö provider: ollama-test, reason: StreamOpenTimeoutError: Stream open timeout after 15000ms, turnId: turn-001

[90mstderr[2m | tests
/reflection/ReflectionE
ngine.test.ts[2m > [2
2m[2mReflectionEngine
[2m > 
[22m[2mReflection 
Cycle[2m > 
[22m[2mgenerates 
meaningful 
observations for 
timeout errors
[22m[39mRequest 
timed out after 30000ms
Connection timed out 
to Ollama

[90mstdout[2m | electron/__tests__/router/IntentAndRpMemory.test.ts
[22m[39m[AuditLogger] Initialized at: \tmp\tala-test\userData\logs\audit-log.jsonl

[90mstdout[2m | electron/__tests__/inference/CanonicalStreaming.test.ts[2m > [22m[2mInferenceService.executeStream()[2m > [22m[2mabort signal sets streamStatus=aborted (not timeout)
[22m[39m[InferenceService] Stream attempt 1/1 ΓÇö provider: ollama-test scope: local type: ollama openTimeout: 30000ms promptChars: 0 turnId: turn-001

[90mstdout[2m | electron/__tests__/inference/CanonicalStreaming.test.ts[2m > [22m[2mInferenceService.executeStream()[2m > [22m[2mabort signal sets streamStatus=aborted (not timeout)
[22m[39m[InferenceService] Cancelling in-flight request for attempt 1 ΓÇö provider: ollama-test, reason: AbortError: Aborted, turnId: turn-001

 [31mΓ¥»[39m tests/WorldModel.test.ts [2m([22m[2m40 tests[22m[2m | [22m[31m6 failed[39m[2m)[22m[32m 44[2mms[22m[39m
     [32mΓ£ô[39m TalaWorldModel has all required top-level sections[32m 4[2mms[22m[39m
     [32mΓ£ô[39m partial sections are supported ΓÇö unavailable sections carry degradedReason[32m 1[2mms[22m[39m
     [32mΓ£ô[39m degraded markers are preserved on all section types[32m 0[2mms[22m[39m
[31m     [31m├ù[31m builds workspace state for an existing workspace root[39m[32m 9[2mms[22m[39m
[31m     [31m├ù[31m classifies workspace as mixed when both src/electron and docs are present[39m[32m 4[2mms[22m[39m
     [32mΓ£ô[39m builds unavailable state when workspace root is missing[32m 1[2mms[22m[39m
     [32mΓ£ô[39m limits recentFiles to 20 entries[32m 1[2mms[22m[39m
     [32mΓ£ô[39m active files are included in workspace state[32m 0[2mms[22m[39m
[31m     [31m├ù[31m builds repo state as a git repo when .git is present[39m[32m 3[2mms[22m[39m
[31m     [31m├ù[31m detects key directories correctly[39m[32m 1[2mms[22m[39m
[31m     [31m├ù[31m classifies project as electron_app when both electron and src are present[39m[32m 2[2mms[22m[39m
[31m     [31m├ù[31m marks hasArchitectureDocs when docs directory is present[39m[32m 1[2mms[22m[39m
     [32mΓ£ô[39m builds unavailable repo state when no workspace root is provided[32m 0[2mms[22m[39m
     [32mΓ£ô[39m marks state as partial when no GitService provided but .git exists[32m 0[2mms[22m[39m
     [32mΓ£ô[39m uses cached state on subsequent calls within cache window[32m 0[2mms[22m[39m
     [32mΓ£ô[39m invalidateCache forces a fresh build[32m 1[2mms[22m[39m
     [32mΓ£ô[39m projects inference state correctly from diagnostics snapshot[32m 1[2mms[22m[39m
     [32mΓ£ô[39m projects MCP services into tool world state[32m 0[2mms[22m[39m
     [32mΓ£ô[39m projects provider health scores into provider world state[32m 0[2mms[22m[39m
     [32mΓ£ô[39m marks degraded subsystems in runtime world state[32m 0[2mms[22m[39m
     [32mΓ£ô[39m produces unavailable states gracefully when called directly[32m 0[2mms[22m[39m
     [32mΓ£ô[39m extracts immediate task from current turn text[32m 0[2mms[22m[39m
     [32mΓ£ô[39m explicit goal statement outranks inferred confidence ΓÇö sets high confidence[32m 0[2mms[22m[39m
     [32mΓ£ô[39m non-explicit turn text results in medium confidence[32m 0[2mms[22m[39m
     [32mΓ£ô[39m recent turn summaries contribute project focus[32m 0[2mms[22m[39m
     [32mΓ£ô[39m stable direction from profile is preserved[32m 0[2mms[22m[39m
     [32mΓ£ô[39m stale goal state is marked when no input is provided[32m 0[2mms[22m[39m
     [32mΓ£ô[39m builds unavailable state with reason[32m 0[2mms[22m[39m
     [32mΓ£ô[39m truncates immediate task to MAX_IMMEDIATE_TASK_LENGTH[32m 0[2mms[22m[39m
     [32mΓ£ô[39m full build succeeds and returns TalaWorldModel with all sections[32m 2[2mms[22m[39m
     [32mΓ£ô[39m partial build succeeds when diagnostics snapshot is unavailable[32m 0[2mms[22m[39m
     [32mΓ£ô[39m assembly mode is full when all sections are available[32m 0[2mms[22m[39m
     [32mΓ£ô[39m cache is returned on subsequent calls within freshness window[32m 1[2mms[22m[39m
     [32mΓ£ô[39m invalidateCache forces a rebuild on next call[32m 2[2mms[22m[39m
     [32mΓ£ô[39m getCachedModel returns null before first assembly[32m 0[2mms[22m[39m
     [32mΓ£ô[39m telemetry is emitted on world model assembly[32m 1[2mms[22m[39m
     [32mΓ£ô[39m buildDiagnosticsSummary returns IPC-safe read model[32m 0[2mms[22m[39m
     [32mΓ£ô[39m diagnostics summary does not leak raw file paths beyond workspace root[32m 0[2mms[22m[39m
     [32mΓ£ô[39m diagnostics summary counts match model sections[32m 0[2mms[22m[39m
     [32mΓ£ô[39m goals in summary reflect explicit goal when set[32m 0[2mms[22m[39m
 [32mΓ£ô[39m tests/reflection/ReflectionEngine.test.ts [2m([22m[2m8 tests[22m[2m)[22m[32m 62[2mms[22m[39m
 [32mΓ£ô[39m tests/BrowserToolBinding.test.ts [2m([22m[2m12 tests[22m[2m)[22m[32m 207[2mms[22m[39m
[90mstdout[2m | electron/__tests__/inference/CanonicalStreaming.test.ts[2m > [22m[2mInferenceService.executeStream()[2m > [22m[2mall providers exhausted emits stream_aborted and reports inference_failure signal
[22m[39m[InferenceService] Stream attempt 1/1 ΓÇö provider: ollama-test scope: local type: ollama openTimeout: 30000ms promptChars: 0 turnId: turn-001

 [31mΓ¥»[39m tests/P7DCrossLayerAuthorityEnforcement.test.ts [2m([22m[2m27 tests[22m[2m | [22m[31m1 failed[39m[2m)[22m[32m 33[2mms[22m[39m
     [32mΓ£ô[39m canonical_memory has the lowest (highest authority) priority number[32m 2[2mms[22m[39m
     [32mΓ£ô[39m mem0 has higher authority than graph[32m 0[2mms[22m[39m
     [32mΓ£ô[39m graph has higher authority than rag[32m 0[2mms[22m[39m
     [32mΓ£ô[39m hierarchy order: canonical_memory < mem0 < graph < rag[32m 0[2mms[22m[39m
     [32mΓ£ô[39m returns empty sets when no candidates have canonicalId[32m 1[2mms[22m[39m
     [32mΓ£ô[39m returns empty sets when every canonicalId is unique (no conflict)[32m 0[2mms[22m[39m
     [32mΓ£ô[39m derived candidate is added to supportingIds when canonical exists in group[32m 1[2mms[22m[39m
     [32mΓ£ô[39m canonical winner is NOT added to supportingIds[32m 0[2mms[22m[39m
     [32mΓ£ô[39m canonical winner is added to canonicalWinnerIds[32m 1[2mms[22m[39m
     [32mΓ£ô[39m multiple derived candidates are all added to supportingIds[32m 1[2mms[22m[39m
     [32mΓ£ô[39m mem0 beats rag for same canonicalId ΓÇö rag is conflict loser[32m 0[2mms[22m[39m
     [32mΓ£ô[39m graph beats rag for same canonicalId[32m 0[2mms[22m[39m
     [32mΓ£ô[39m mem0 beats both graph and rag for same canonicalId[32m 0[2mms[22m[39m
     [32mΓ£ô[39m deterministic tie-break by id when sourceLayer priority is equal[32m 0[2mms[22m[39m
     [32mΓ£ô[39m derived evidence candidate gets excluded.superseded_by_canonical when canonical consumes budget[32m 6[2mms[22m[39m
     [32mΓ£ô[39m lower-priority layer candidate gets excluded.authority_conflict in non-canonical conflict[32m 1[2mms[22m[39m
[31m     [31m├ù[31m derived graph candidate included alongside canonical gets included.supporting_derived[39m[32m 10[2mms[22m[39m
     [32mΓ£ô[39m canonical graph item is included when derived evidence item shares canonicalId and budget=1[32m 1[2mms[22m[39m
     [32mΓ£ô[39m no derived item outranks a canonical item for the same canonicalId[32m 0[2mms[22m[39m
     [32mΓ£ô[39m conflict resolution is applied independent of any score component[32m 0[2mms[22m[39m
     [32mΓ£ô[39m conflictResolutionRecords is non-empty when authority conflicts occur[32m 1[2mms[22m[39m
     [32mΓ£ô[39m conflictResolutionRecords includes winner and derivedCandidateId[32m 0[2mms[22m[39m
     [32mΓ£ô[39m conflictResolutionRecords is empty when no canonicalId conflicts exist[32m 0[2mms[22m[39m
     [32mΓ£ô[39m conflictResolved=true on canonical winner decision[32m 0[2mms[22m[39m
     [32mΓ£ô[39m candidates with no canonicalId receive standard inclusion reason[32m 1[2mms[22m[39m
     [32mΓ£ô[39m conflict resolution does not produce records for candidates with no canonicalId[32m 0[2mms[22m[39m
     [32mΓ£ô[39m resolves two independent conflict groups correctly[32m 0[2mms[22m[39m
[90mstdout[2m | electron/__tests__/inference/CanonicalStreaming.test.ts[2m > [22m[2mInferenceService.executeStream()[2m > [22m[2mall providers exhausted emits stream_aborted and reports inference_failure signal
[22m[39m[InferenceService] Cancelling in-flight request for attempt 1 ΓÇö provider: ollama-test, reason: Error: connection refused, turnId: turn-001

 [31mΓ¥»[39m tests/ContextAssemblyService.test.ts [2m([22m[2m46 tests[22m[2m | [22m[31m2 failed[39m[2m)[22m[32m 48[2mms[22m[39m
       [32mΓ£ô[39m returns a valid ContextAssemblyResult with items[32m 8[2mms[22m[39m
       [32mΓ£ô[39m returns empty result when retrieval returns no results[32m 2[2mms[22m[39m
       [32mΓ£ô[39m all injected items have selectionClass evidence[32m 1[2mms[22m[39m
       [32mΓ£ô[39m caps injected items at policy maxItems[32m 2[2mms[22m[39m
       [32mΓ£ô[39m global budget cap is enforced for evidence items[32m 1[2mms[22m[39m
       [32mΓ£ô[39m enforces max chunks per document when documentId is present in metadata[32m 1[2mms[22m[39m
       [32mΓ£ô[39m does not apply per-doc cap when documentId is absent[32m 1[2mms[22m[39m
       [32mΓ£ô[39m moves overflow items to latent selectionClass[32m 0[2mms[22m[39m
       [32mΓ£ô[39m latent items preserve metadata and citation provenance[32m 1[2mms[22m[39m
       [32mΓ£ô[39m preserves ranked order in latent items[32m 1[2mms[22m[39m
[31m       [31m├ù[31m preserves title, uri, sourceKey, score from retrieval result[39m[32m 8[2mms[22m[39m
       [32mΓ£ô[39m preserves chunkId, documentId, charStart, charEnd in metadata[32m 1[2mms[22m[39m
       [32mΓ£ô[39m uses metadata.chunkContent as content when available[32m 0[2mms[22m[39m
       [32mΓ£ô[39m falls back to snippet when chunkContent is absent[32m 0[2mms[22m[39m
       [32mΓ£ô[39m strict mode result has no graph_context items[32m 1[2mms[22m[39m
       [32mΓ£ô[39m strict mode: resolved policy groundingMode is strict[32m 0[2mms[22m[39m
       [32mΓ£ô[39m graph_assisted result policy has graphTraversal.enabled true[32m 0[2mms[22m[39m
       [32mΓ£ô[39m exploratory result policy has graphTraversal.enabled true[32m 1[2mms[22m[39m
       [32mΓ£ô[39m exploratory policy has larger maxHopDepth than graph_assisted[32m 0[2mms[22m[39m
       [32mΓ£ô[39m produces deterministic output for the same result[32m 1[2mms[22m[39m
       [32mΓ£ô[39m includes [PRIMARY EVIDENCE] section when evidence items exist[32m 0[2mms[22m[39m
       [32mΓ£ô[39m omits [DIRECT GRAPH CONTEXT] when no graph_context items exist[32m 0[2mms[22m[39m
       [32mΓ£ô[39m includes [POLICY CONSTRAINTS] section[32m 0[2mms[22m[39m
       [32mΓ£ô[39m includes [LATENT MEMORY SUMMARY] when latent items exist[32m 2[2mms[22m[39m
       [32mΓ£ô[39m omits [LATENT MEMORY SUMMARY] when no latent items exist[32m 0[2mms[22m[39m
       [32mΓ£ô[39m includes notebookId in POLICY CONSTRAINTS when present[32m 0[2mms[22m[39m
       [32mΓ£ô[39m returns graceful result with warning when retrieval throws[32m 1[2mms[22m[39m
       [32mΓ£ô[39m accurately counts evidence and latent items[32m 1[2mms[22m[39m
       [32mΓ£ô[39m when affective service not provided: no affective items, same behavior[32m 1[2mms[22m[39m
       [32mΓ£ô[39m when affectiveModulation disabled in policy: no affective items returned[32m 1[2mms[22m[39m
       [32mΓ£ô[39m when strict mode: no affective items even with service and enabled policy[32m 1[2mms[22m[39m
       [32mΓ£ô[39m graph_assisted mode with enabled service: affective items appear as graph_context[32m 1[2mms[22m[39m
       [32mΓ£ô[39m exploratory mode with enabled service: affective items appear as graph_context[32m 0[2mms[22m[39m
       [32mΓ£ô[39m affective items are never selectionClass evidence[32m 0[2mms[22m[39m
[31m       [31m├ù[31m affective items carry metadata.affective=true[39m[32m 1[2mms[22m[39m
       [32mΓ£ô[39m evidence ordering unchanged when allowEvidenceReordering=false (default)[32m 1[2mms[22m[39m
       [32mΓ£ô[39m allowGraphOrderingInfluence=true: affective items appear first in graph_context[32m 0[2mms[22m[39m
       [32mΓ£ô[39m affective service failure adds warning but does not fail assembly[32m 1[2mms[22m[39m
       [32mΓ£ô[39m global budget cap applies to combined structural+affective items[32m 0[2mms[22m[39m
       [32mΓ£ô[39m itemCountByClass.graph_context counts affective items[32m 0[2mms[22m[39m
       [32mΓ£ô[39m [AFFECTIVE CONTEXT] present when affective items in result[32m 0[2mms[22m[39m
       [32mΓ£ô[39m [AFFECTIVE CONTEXT] omitted when no affective items in result[32m 0[2mms[22m[39m
       [32mΓ£ô[39m [DIRECT GRAPH CONTEXT] shows only non-affective graph_context items[32m 0[2mms[22m[39m
       [32mΓ£ô[39m [POLICY CONSTRAINTS] includes affective modulation status when configured[32m 0[2mms[22m[39m
       [32mΓ£ô[39m [POLICY CONSTRAINTS] shows affectiveModulation disabled when not configured[32m 0[2mms[22m[39m
       [32mΓ£ô[39m non-authoritative disclaimer preserved in affective item content[32m 0[2mms[22m[39m
 [31mΓ¥»[39m tests/GraphTraversalService.test.ts [2m([22m[2m60 tests[22m[2m | [22m[31m1 failed[39m[2m)[22m[32m 46[2mms[22m[39m
       [32mΓ£ô[39m returns empty array when graphTraversal.enabled is false[32m 4[2mms[22m[39m
       [32mΓ£ô[39m returns empty array when groundingMode is strict[32m 1[2mms[22m[39m
       [32mΓ£ô[39m returns empty array when evidenceItems is empty[32m 0[2mms[22m[39m
       [32mΓ£ô[39m returns empty array when no evidence items have a documentId[32m 1[2mms[22m[39m
       [32mΓ£ô[39m returns empty array when only one item has a given documentId[32m 1[2mms[22m[39m
       [32mΓ£ô[39m creates one graph_context node when 2 items share a documentId[32m 0[2mms[22m[39m
       [32mΓ£ô[39m creates one graph_context node per document (not per item)[32m 1[2mms[22m[39m
       [32mΓ£ô[39m graph_context items have selectionClass graph_context[32m 0[2mms[22m[39m
       [32mΓ£ô[39m graph_context items have graphEdgeType contains[32m 1[2mms[22m[39m
       [32mΓ£ô[39m graph_context items have graphEdgeTrust derived[32m 0[2mms[22m[39m
       [32mΓ£ô[39m graph_context item sourceKey matches the documentId[32m 0[2mms[22m[39m
       [32mΓ£ô[39m content references evidence anchor titles[32m 0[2mms[22m[39m
       [32mΓ£ô[39m metadata preserves graphNodeType source_document[32m 0[2mms[22m[39m
       [32mΓ£ô[39m metadata preserves anchorCount matching number of evidence items[32m 0[2mms[22m[39m
       [32mΓ£ô[39m metadata preserves anchorKeys with sourceKeys of anchors[32m 1[2mms[22m[39m
       [32mΓ£ô[39m returns empty array when maxHopDepth is 0[32m 0[2mms[22m[39m
       [32mΓ£ô[39m includes graph_context items when allowedEdgeTypes is undefined[32m 0[2mms[22m[39m
       [32mΓ£ô[39m includes contains items when allowedEdgeTypes includes contains[32m 0[2mms[22m[39m
       [32mΓ£ô[39m excludes contains items when allowedEdgeTypes does not include contains[32m 0[2mms[22m[39m
       [32mΓ£ô[39m includes derived items when minEdgeTrustLevel is derived[32m 1[2mms[22m[39m
       [32mΓ£ô[39m includes derived items when minEdgeTrustLevel is inferred_low[32m 0[2mms[22m[39m
       [32mΓ£ô[39m excludes derived items when minEdgeTrustLevel is explicit[32m 0[2mms[22m[39m
       [32mΓ£ô[39m excludes derived items when minEdgeTrustLevel is canonical[32m 0[2mms[22m[39m
       [32mΓ£ô[39m caps total results at maxRelatedNodes[32m 0[2mms[22m[39m
       [32mΓ£ô[39m caps source_document nodes via maxNodesPerType[32m 0[2mms[22m[39m
       [32mΓ£ô[39m allows all source_document nodes when type is not in maxNodesPerType[32m 0[2mms[22m[39m
     [32mΓ£ô[39m returns a section node when 2+ items share the same sectionLabel[32m 0[2mms[22m[39m
     [32mΓ£ô[39m section node has selectionClass graph_context[32m 0[2mms[22m[39m
     [32mΓ£ô[39m section node has graphEdgeType about and graphEdgeTrust derived[32m 0[2mms[22m[39m
     [32mΓ£ô[39m section node has graphNodeType document_chunk[32m 0[2mms[22m[39m
     [32mΓ£ô[39m section node title matches the sectionLabel[32m 0[2mms[22m[39m
     [32mΓ£ô[39m section node sourceKey is prefixed with section:[32m 0[2mms[22m[39m
     [32mΓ£ô[39m section node content references the sectionLabel and anchor titles[32m 0[2mms[22m[39m
     [32mΓ£ô[39m section node metadata preserves anchorCount and anchorKeys[32m 0[2mms[22m[39m
     [32mΓ£ô[39m returns empty when only one item has a given sectionLabel[32m 0[2mms[22m[39m
     [32mΓ£ô[39m returns empty when items have no sectionLabel[32m 0[2mms[22m[39m
     [32mΓ£ô[39m produces one section node per distinct shared sectionLabel[32m 0[2mms[22m[39m
     [32mΓ£ô[39m section node is suppressed when maxHopDepth is 0[32m 0[2mms[22m[39m
     [32mΓ£ô[39m section node is excluded when allowedEdgeTypes does not include about[32m 0[2mms[22m[39m
     [32mΓ£ô[39m section node derivedFrom is section_cooccurrence[32m 0[2mms[22m[39m
     [32mΓ£ô[39m returns a topic node when 2+ items share a significant title keyword[32m 1[2mms[22m[39m
     [32mΓ£ô[39m topic node has selectionClass graph_context[32m 0[2mms[22m[39m
     [32mΓ£ô[39m topic node has graphEdgeType related_to and graphEdgeTrust derived[32m 0[2mms[22m[39m
     [32mΓ£ô[39m topic node has graphNodeType topic[32m 0[2mms[22m[39m
     [32mΓ£ô[39m topic node sourceKey is prefixed with topic:[32m 0[2mms[22m[39m
     [32mΓ£ô[39m topic node content references the keyword and contributing titles[32m 0[2mms[22m[39m
     [32mΓ£ô[39m topic node metadata preserves keyword, anchorCount, derivedFrom[32m 0[2mms[22m[39m
     [32mΓ£ô[39m does not emit a topic node when only one item has a given keyword[32m 0[2mms[22m[39m
     [32mΓ£ô[39m does not emit topic nodes when maxHopDepth is 1[32m 0[2mms[22m[39m
     [32mΓ£ô[39m excludes stop words from keyword extraction[32m 0[2mms[22m[39m
     [32mΓ£ô[39m excludes short tokens (under 3 chars) from keywords[32m 0[2mms[22m[39m
     [32mΓ£ô[39m topic nodes are excluded when allowedEdgeTypes does not include related_to[32m 0[2mms[22m[39m
     [32mΓ£ô[39m topic nodes are capped by maxNodesPerType.topic[32m 0[2mms[22m[39m
     [32mΓ£ô[39m items with no title do not contribute keywords[32m 0[2mms[22m[39m
     [32mΓ£ô[39m includes graph_context items in result when 2+ evidence chunks share a documentId and mode is graph_assisted[32m 5[2mms[22m[39m
[31m     [31m├ù[31m graph_context items in ContextAssemblyResult have correct edge type[39m[32m 10[2mms[22m[39m
     [32mΓ£ô[39m produces no graph_context items when groundingMode is strict[32m 1[2mms[22m[39m
     [32mΓ£ô[39m graph_context items are counted in itemCountByClass[32m 1[2mms[22m[39m
     [32mΓ£ô[39m graph_context items are subject to global budget cap[32m 1[2mms[22m[39m
     [32mΓ£ô[39m renderPromptBlocks includes DIRECT GRAPH CONTEXT section when graph items are present[32m 1[2mms[22m[39m
[90mstdout[2m | electron/__tests__/inference/CanonicalStreaming.test.ts[2m > [22m[2mInferenceService.executeStream()[2m > [22m[2mresult carries provider metadata from the descriptor
[22m[39m[InferenceService] Stream attempt 1/1 ΓÇö provider: my-ollama scope: local type: ollama openTimeout: 30000ms promptChars: 0 turnId: turn-001
[InferenceService] First token received ΓÇö provider: my-ollama firstTokenLatency: 0ms turnId: turn-001

[90mstdout[2m | electron/__tests__/inference/CanonicalStreaming.test.ts[2m > [22m[2mInferenceService.executeStream()[2m > [22m[2mresult carries provider metadata from the descriptor
[22m[39m[BrainResponse] hasToolCalls=false toolCalls=[]

 [31mΓ¥»[39m tests/P7CAffectiveWeighting.test.ts [2m([22m[2m43 tests[22m[2m | [22m[31m1 failed[39m[2m)[22m[32m 41[2mms[22m[39m
       [32mΓ£ô[39m extracts words from moodVector keys[32m 3[2mms[22m[39m
       [32mΓ£ô[39m excludes words shorter than 3 characters[32m 0[2mms[22m[39m
       [32mΓ£ô[39m returns empty set for empty moodVector[32m 0[2mms[22m[39m
       [32mΓ£ô[39m lowercases all keywords[32m 0[2mms[22m[39m
       [32mΓ£ô[39m splits on underscores[32m 0[2mms[22m[39m
       [32mΓ£ô[39m returns no_state when state is null[32m 0[2mms[22m[39m
       [32mΓ£ô[39m returns policy_disabled when policy is null[32m 0[2mms[22m[39m
       [32mΓ£ô[39m returns policy_disabled when enabled=false[32m 0[2mms[22m[39m
       [32mΓ£ô[39m returns policy_disabled when affectiveWeight=0[32m 1[2mms[22m[39m
       [32mΓ£ô[39m returns layer_not_eligible for evidence when allowEvidenceReordering=false[32m 0[2mms[22m[39m
       [32mΓ£ô[39m returns layer_not_eligible for graph_context when allowGraphOrderingInfluence=false[32m 0[2mms[22m[39m
       [32mΓ£ô[39m returns no_keywords when moodVector is empty[32m 0[2mms[22m[39m
       [32mΓ£ô[39m returns no_keyword_match when no candidate text overlap[32m 1[2mms[22m[39m
       [32mΓ£ô[39m returns keyword_boost_applied when overlap found[32m 1[2mms[22m[39m
       [32mΓ£ô[39m adjustment is exactly KEYWORD_BOOST_INCREMENT for single keyword match[32m 0[2mms[22m[39m
       [32mΓ£ô[39m multiple keyword matches accumulate[32m 0[2mms[22m[39m
       [32mΓ£ô[39m adjustment capped at affectiveWeight ├ù AFFECTIVE_BOOST_FACTOR[32m 0[2mms[22m[39m
       [32mΓ£ô[39m affectiveWeight above MAX_AFFECTIVE_WEIGHT is silently clamped[32m 0[2mms[22m[39m
       [32mΓ£ô[39m adjustment is always non-negative[32m 0[2mms[22m[39m
       [32mΓ£ô[39m matchedKeywords is a subset of extracted keywords[32m 0[2mms[22m[39m
       [32mΓ£ô[39m same inputs always produce same output (rule 1 & 6)[32m 1[2mms[22m[39m
       [32mΓ£ô[39m different candidate texts produce different adjustments when keywords differ[32m 0[2mms[22m[39m
     [32mΓ£ô[39m affectiveAdjustment appears in ScoreBreakdown when provided (rule 5)[32m 0[2mms[22m[39m
     [32mΓ£ô[39m affectiveAdjustment=0 (default) produces same result as not providing it[32m 0[2mms[22m[39m
     [32mΓ£ô[39m higher affectiveAdjustment yields higher finalScore[32m 0[2mms[22m[39m
     [32mΓ£ô[39m affectiveAdjustment is clamped to [0, MAX_AFFECTIVE_WEIGHT ├ù AFFECTIVE_BOOST_FACTOR][32m 0[2mms[22m[39m
     [32mΓ£ô[39m canonical authority score always dominates affective adjustment (rule 4)[32m 0[2mms[22m[39m
     [32mΓ£ô[39m no affective adjustment applied when affective modulation disabled (rule 9)[32m 4[2mms[22m[39m
     [32mΓ£ô[39m evidence ordering unchanged when allowEvidenceReordering=false (rule 4)[32m 2[2mms[22m[39m
[31m     [31m├ù[31m evidence affective reason code is layer_not_eligible when allowEvidenceReordering=false[39m[32m 9[2mms[22m[39m
     [32mΓ£ô[39m evidence can be reordered by affective keyword overlap when allowEvidenceReordering=true[32m 1[2mms[22m[39m
     [32mΓ£ô[39m graph_context decisions include affective reason codes (rule 8)[32m 1[2mms[22m[39m
     [32mΓ£ô[39m ScoreBreakdown.affectiveAdjustment is non-zero when keyword boost applied (rule 5)[32m 1[2mms[22m[39m
     [32mΓ£ô[39m all decisions have affectiveReasonCode when affective state available (rule 8)[32m 1[2mms[22m[39m
     [32mΓ£ô[39m no affective adjustment when astroSeam is null (rule 9)[32m 1[2mms[22m[39m
     [32mΓ£ô[39m P7B determinism preserved: same inputs ΓåÆ same assembly order with or without affective (rule 10)[32m 1[2mms[22m[39m
     [32mΓ£ô[39m assembly completes successfully with no errors when affective modulation enabled (rule 10)[32m 2[2mms[22m[39m
     [32mΓ£ô[39m canonical evidence item always ranks above speculative graph item regardless of affective boost (rule 4)[32m 1[2mms[22m[39m
     [32mΓ£ô[39m buildAffectiveStateFromItems accessible through assembly (no crash with emotion_tag items)[32m 0[2mms[22m[39m
     [32mΓ£ô[39m MAX_AFFECTIVE_WEIGHT is 0.3[32m 0[2mms[22m[39m
     [32mΓ£ô[39m AFFECTIVE_BOOST_FACTOR is 0.5[32m 0[2mms[22m[39m
     [32mΓ£ô[39m KEYWORD_BOOST_INCREMENT is 0.05[32m 0[2mms[22m[39m
     [32mΓ£ô[39m max possible adjustment (MAX_AFFECTIVE_WEIGHT ├ù AFFECTIVE_BOOST_FACTOR) is 0.15[32m 0[2mms[22m[39m
[90mstdout[2m | electron/__tests__/inference/CanonicalStreaming.test.ts[2m > [22m[2mInferenceService.executeStream()[2m > [22m[2mtool calls returned by the brain are propagated into StreamInferenceResult.toolCalls
[22m[39m[InferenceService] Stream attempt 1/1 ΓÇö provider: ollama-test scope: local type: ollama openTimeout: 30000ms promptChars: 0 turnId: turn-001
[InferenceService] First token received ΓÇö provider: ollama-test firstTokenLatency: 1ms turnId: turn-001

[90mstdout[2m | electron/__tests__/inference/CanonicalStreaming.test.ts[2m > [22m[2mInferenceService.executeStream()[2m > [22m[2mtool calls returned by the brain are propagated into StreamInferenceResult.toolCalls
[22m[39m[BrainResponse] hasToolCalls=true toolCalls=[read_file]

[90mstdout[2m | electron/__tests__/inference/CanonicalStreaming.test.ts[2m > [22m[2mInferenceService.executeStream()[2m > [22m[2mStreamInferenceResult.toolCalls is undefined when brain returns no tool calls
[22m[39m[InferenceService] Stream attempt 1/1 ΓÇö provider: ollama-test scope: local type: ollama openTimeout: 30000ms promptChars: 0 turnId: turn-001
[InferenceService] First token received ΓÇö provider: ollama-test firstTokenLatency: 0ms turnId: turn-001

[90mstdout[2m | electron/__tests__/inference/CanonicalStreaming.test.ts[2m > [22m[2mInferenceService.executeStream()[2m > [22m[2mStreamInferenceResult.toolCalls is undefined when brain returns no tool calls
[22m[39m[BrainResponse] hasToolCalls=false toolCalls=[]

 [31mΓ¥»[39m electron/__tests__/inference/CanonicalStreaming.test.ts [2m([22m[2m11 tests[22m[2m | [22m[31m1 failed[39m[2m)[22m[32m 35[2mms[22m[39m
     [32mΓ£ô[39m successful stream emits inference_started, stream_opened, stream_completed, inference_completed[32m 8[2mms[22m[39m
     [32mΓ£ô[39m successful stream does not create failure signals in ReflectionEngine[32m 2[2mms[22m[39m
     [32mΓ£ô[39m stream failure before first token triggers fallback when fallbackAllowed=true[32m 2[2mms[22m[39m
[31m     [31m├ù[31m stream failure after partial output does NOT retry, returns isPartial=true[39m[32m 11[2mms[22m[39m
     [32mΓ£ô[39m timeout error emits inference_timeout and calls ReflectionEngine.reportSignal with inference_timeout[32m 2[2mms[22m[39m
     [32mΓ£ô[39m stream-open timeout (StreamOpenTimeoutError) emits inference_timeout[32m 1[2mms[22m[39m
     [32mΓ£ô[39m abort signal sets streamStatus=aborted (not timeout)[32m 1[2mms[22m[39m
     [32mΓ£ô[39m all providers exhausted emits stream_aborted and reports inference_failure signal[32m 1[2mms[22m[39m
     [32mΓ£ô[39m result carries provider metadata from the descriptor[32m 2[2mms[22m[39m
     [32mΓ£ô[39m tool calls returned by the brain are propagated into StreamInferenceResult.toolCalls[32m 1[2mms[22m[39m
     [32mΓ£ô[39m StreamInferenceResult.toolCalls is undefined when brain returns no tool calls[32m 1[2mms[22m[39m
[90mstdout[2m | electron/__tests__/router/IntentAndRpMemory.test.ts[2m > [22m[2mIntentClassifier ΓÇö social / affectionate prompts[2m > [22m[2m"Hey baby how are you?" ΓåÆ greeting or social, NOT technical
[22m[39m[IntentClassifier] intent=greeting confidence=0.92 reason=social_override

[90mstdout[2m | electron/__tests__/router/IntentAndRpMemory.test.ts[2m > [22m[2mIntentClassifier ΓÇö social / affectionate prompts[2m > [22m[2m"How are you doing today?" ΓåÆ greeting or social, NOT technical
[22m[39m[IntentClassifier] intent=social confidence=0.92 reason=social_override

[90mstdout[2m | electron/__tests__/router/IntentAndRpMemory.test.ts[2m > [22m[2mIntentClassifier ΓÇö social / affectionate prompts[2m > [22m[2m"I'm happy you're here" ΓåÆ social (affectionate, no technical signal)
[22m[39m[IntentClassifier] intent=social confidence=0.92 reason=social_override

[90mstdout[2m | electron/__tests__/router/IntentAndRpMemory.test.ts[2m > [22m[2mIntentClassifier ΓÇö autobiographical / personal-memory prompts[2m > [22m[2m"Tell me about your favorite childhood memory" ΓåÆ lore/social, NOT technical
[22m[39m[IntentClassifier] intent=lore confidence=0.85

[90mstdout[2m | electron/__tests__/router/IntentAndRpMemory.test.ts[2m > [22m[2mIntentClassifier ΓÇö autobiographical / personal-memory prompts[2m > [22m[2m"Tell me about your favorite childhood memory" ΓåÆ not technical (full sentence with punctuation)
[22m[39m[IntentClassifier] intent=lore confidence=0.85

[90mstdout[2m | electron/__tests__/router/IntentAndRpMemory.test.ts[2m > [22m[2mIntentClassifier ΓÇö autobiographical / personal-memory prompts[2m > [22m[2m"Do you remember when..." ΓåÆ lore/social, NOT technical
[22m[39m[IntentClassifier] intent=lore confidence=0.85

[90mstdout[2m | electron/__tests__/router/IntentAndRpMemory.test.ts[2m > [22m[2mIntentClassifier ΓÇö autobiographical / personal-memory prompts[2m > [22m[2m"Do you remember when we were kids?" ΓåÆ NOT technical
[22m[39m[IntentClassifier] intent=lore confidence=0.85

[90mstdout[2m | electron/__tests__/router/IntentAndRpMemory.test.ts[2m > [22m[2mIntentClassifier ΓÇö operational / technical prompts still classify correctly[2m > [22m[2m"Open a browser to google.com" ΓåÆ browser
[22m[39m[IntentClassifier] intent=browser confidence=0.95

[90mstdout[2m | electron/__tests__/router/IntentAndRpMemory.test.ts[2m > [22m[2mIntentClassifier ΓÇö operational / technical prompts still classify correctly[2m > [22m[2m"Change the settings page" ΓåÆ technical
[22m[39m[IntentClassifier] intent=technical confidence=0.85

[90mstdout[2m | electron/__tests__/router/IntentAndRpMemory.test.ts[2m > [22m[2mIntentClassifier ΓÇö operational / technical prompts still classify correctly[2m > [22m[2m"Search the repo for ArtifactRouter" ΓåÆ technical
[22m[39m[IntentClassifier] intent=technical confidence=0.85

[90mstdout[2m | electron/__tests__/router/IntentAndRpMemory.test.ts[2m > [22m[2mIntentClassifier ΓÇö operational / technical prompts still classify correctly[2m > [22m[2m"Debug the memory retrieval pipeline" ΓåÆ technical
[22m[39m[IntentClassifier] intent=technical confidence=0.85

[90mstdout[2m | electron/__tests__/router/IntentAndRpMemory.test.ts[2m > [22m[2mIntentClassifier ΓÇö operational / technical prompts still classify correctly[2m > [22m[2m"Install the dependencies and run the build" ΓåÆ technical
[22m[39m[IntentClassifier] intent=technical confidence=0.85

[90mstdout[2m | electron/__tests__/router/IntentAndRpMemory.test.ts[2m > [22m[2mIntentClassifier ΓÇö operational / technical prompts still classify correctly[2m > [22m[2m"Fix the error in the API function" ΓåÆ technical
[22m[39m[IntentClassifier] intent=technical confidence=0.85

[90mstdout[2m | electron/__tests__/router/IntentAndRpMemory.test.ts[2m > [22m[2mIntentClassifier ΓÇö mixed greeting + technical task[2m > [22m[2m"Hey, can you debug this error?" ΓåÆ mixed or technical, NOT greeting
[22m[39m[IntentClassifier] intent=mixed/technical confidence=0.9 reason=content_overrides_greeting

[90mstdout[2m | electron/__tests__/router/IntentAndRpMemory.test.ts[2m > [22m[2mRP mode ΓÇö capability policy[2m > [22m[2mblocks tools in RP mode
[22m[39m[TalaRouter] Processing turn rp-cap-1 in mode=rp 
[IntentClassifier] intent=greeting confidence=0.95
[TalaRouter] Intent: greeting | Suppressed: true | Reason: standard 
[TalaRouter] Retrieval bypassed ΓÇö greeting intent (no lore/substantive override).
[TalaRouter] RP mode policy ΓÇö tools=false, memoryReads=true, memoryWrites=false
[TalaRouter] Routing complete. Approved memories: 0/0
[TalaRouter] Capabilities ΓÇö allowed=["memory_retrieval"] blocked=["tools"]
[TalaRouter] Memory write policy: do_not_write ΓÇö RP mode isolation prohibits memory writes

 [32mΓ£ô[39m electron/__tests__/inference/LocalInferenceHardening.test.ts [2m([22m[2m15 tests[22m[2m)[22m[32m 213[2mms[22m[39m
[90mstdout[2m | electron/__tests__/router/IntentAndRpMemory.test.ts[2m > [22m[2mRP mode ΓÇö capability policy[2m > [22m[2mallows memory_retrieval in RP mode
[22m[39m[TalaRouter] Processing turn rp-cap-2 in mode=rp 
[IntentClassifier] intent=greeting confidence=0.95
[TalaRouter] Intent: greeting | Suppressed: true | Reason: standard 
[TalaRouter] Retrieval bypassed ΓÇö greeting intent (no lore/substantive override).
[TalaRouter] RP mode policy ΓÇö tools=false, memoryReads=true, memoryWrites=false
[TalaRouter] Routing complete. Approved memories: 0/0
[TalaRouter] Capabilities ΓÇö allowed=["memory_retrieval"] blocked=["tools"]
[TalaRouter] Memory write policy: do_not_write ΓÇö RP mode isolation prohibits memory writes

[90mstdout[2m | electron/__tests__/router/IntentAndRpMemory.test.ts[2m > [22m[2mRP mode ΓÇö capability policy[2m > [22m[2mblocks memory writes in RP mode
[22m[39m[TalaRouter] Processing turn rp-write-1 in mode=rp 
[IntentClassifier] intent=lore confidence=0.85
[TalaRouter] Intent: lore | Suppressed: false | Reason: standard 

[90mstdout[2m | electron/__tests__/router/IntentAndRpMemory.test.ts[2m > [22m[2mRP mode ΓÇö capability policy[2m > [22m[2mblocks memory writes in RP mode
[22m[39m[TalaRouter] RP mode policy ΓÇö tools=false, memoryReads=true, memoryWrites=false
[TalaRouter] Routing complete. Approved memories: 0/0
[TalaRouter] Capabilities ΓÇö allowed=["memory_retrieval"] blocked=["tools"]
[TalaRouter] Memory write policy: do_not_write ΓÇö RP mode isolation prohibits memory writes

[90mstdout[2m | electron/__tests__/router/IntentAndRpMemory.test.ts[2m > [22m[2mRP mode ΓÇö capability policy[2m > [22m[2mdoes not block all capabilities ΓÇö memory_retrieval is explicitly allowed
[22m[39m[TalaRouter] Processing turn rp-cap-3 in mode=rp 
[IntentClassifier] intent=lore confidence=0.85
[TalaRouter] Intent: lore | Suppressed: false | Reason: standard 

[90mstdout[2m | electron/__tests__/router/IntentAndRpMemory.test.ts[2m > [22m[2mRP mode ΓÇö capability policy[2m > [22m[2mdoes not block all capabilities ΓÇö memory_retrieval is explicitly allowed
[22m[39m[TalaRouter] RP mode policy ΓÇö tools=false, memoryReads=true, memoryWrites=false
[TalaRouter] Routing complete. Approved memories: 0/0
[TalaRouter] Capabilities ΓÇö allowed=["memory_retrieval"] blocked=["tools"]
[TalaRouter] Memory write policy: do_not_write ΓÇö RP mode isolation prohibits memory writes

[90mstdout[2m | electron/__tests__/router/IntentAndRpMemory.test.ts[2m > [22m[2mRP mode ΓÇö RouterFilter allows safe core memories[2m > [22m[2mapproves core mem0 memory in RP mode for autobiographical query
[22m[39m[TalaRouter] Processing turn rp-mem-1 in mode=rp 
[IntentClassifier] intent=lore confidence=0.85
[TalaRouter] Intent: lore | Suppressed: false | Reason: standard 

[90mstdout[2m | electron/__tests__/router/IntentAndRpMemory.test.ts[2m > [22m[2mRP mode ΓÇö RouterFilter allows safe core memories[2m > [22m[2mapproves core mem0 memory in RP mode for autobiographical query
[22m[39m[TalaRouter] Candidates before filter ΓÇö mem0:1 (total=1)
[TalaRouter] Lore composition ΓÇö loreCandidates=0 explicitCandidates=1 fallbackCap=1
[TalaRouter] Approved memories ΓÇö mem0:1 (total=1)
[TalaRouter] Memory-grounded response mode: memory_grounded_soft
[TalaRouter] RP mode policy ΓÇö tools=false, memoryReads=true, memoryWrites=false
[TalaRouter] Routing complete. Approved memories: 1/1
[TalaRouter] Capabilities ΓÇö allowed=["memory_retrieval"] blocked=["tools"]
[TalaRouter] Memory write policy: do_not_write ΓÇö RP mode isolation prohibits memory writes

[90mstdout[2m | electron/__tests__/router/IntentAndRpMemory.test.ts[2m > [22m[2mRP mode ΓÇö RouterFilter allows safe core memories[2m > [22m[2mapproves explicit user fact in RP mode
[22m[39m[TalaRouter] Processing turn rp-explicit-1 in mode=rp 
[IntentClassifier] intent=lore confidence=0.85
[TalaRouter] Intent: lore | Suppressed: false | Reason: standard 

[90mstdout[2m | electron/__tests__/router/IntentAndRpMemory.test.ts[2m > [22m[2mRP mode ΓÇö RouterFilter allows safe core memories[2m > [22m[2mapproves explicit user fact in RP mode
[22m[39m[TalaRouter] Candidates before filter ΓÇö explicit:1 (total=1)
[TalaRouter] Lore composition ΓÇö loreCandidates=0 explicitCandidates=1 fallbackCap=1
[TalaRouter] Approved memories ΓÇö explicit:1 (total=1)
[TalaRouter] Memory-grounded response mode: memory_grounded_soft
[TalaRouter] RP mode policy ΓÇö tools=false, memoryReads=true, memoryWrites=false
[TalaRouter] Routing complete. Approved memories: 1/1
[TalaRouter] Capabilities ΓÇö allowed=["memory_retrieval"] blocked=["tools"]
[TalaRouter] Memory write policy: do_not_write ΓÇö RP mode isolation prohibits memory writes

[90mstdout[2m | electron/__tests__/router/IntentAndRpMemory.test.ts[2m > [22m[2mRP mode ΓÇö RouterFilter allows safe core memories[2m > [22m[2mapproves rp-tagged memory in RP mode
[22m[39m[TalaRouter] Processing turn rp-rp-1 in mode=rp 
[IntentClassifier] intent=lore confidence=0.85
[TalaRouter] Intent: lore | Suppressed: false | Reason: standard 

[90mstdout[2m | electron/__tests__/router/IntentAndRpMemory.test.ts[2m > [22m[2mRP mode ΓÇö RouterFilter allows safe core memories[2m > [22m[2mapproves rp-tagged memory in RP mode
[22m[39m[TalaRouter] Candidates before filter ΓÇö diary:1 (total=1)
[TalaRouter] Lore composition ΓÇö loreCandidates=1 explicitCandidates=0 fallbackCap=1
[TalaRouter] Approved memories ΓÇö diary:1 (total=1)
[TalaRouter] Memory-grounded response mode: memory_grounded_soft
[TalaRouter] RP mode policy ΓÇö tools=false, memoryReads=true, memoryWrites=false
[TalaRouter] Routing complete. Approved memories: 1/1
[TalaRouter] Capabilities ΓÇö allowed=["memory_retrieval"] blocked=["tools"]
[TalaRouter] Memory write policy: do_not_write ΓÇö RP mode isolation prohibits memory writes

[90mstdout[2m | electron/__tests__/router/IntentAndRpMemory.test.ts[2m > [22m[2mRP mode ΓÇö RouterFilter still blocks unsafe memories[2m > [22m[2mblocks contested memories in RP mode
[22m[39m[IntentClassifier] intent=lore confidence=0.85
[RouterFilter] EXCLUDE id=mem-bad-1 reason=blocked_by_safety (contested) mode=rp

[90mstdout[2m | electron/__tests__/router/IntentAndRpMemory.test.ts[2m > [22m[2mRP mode ΓÇö RouterFilter still blocks unsafe memories[2m > [22m[2mblocks archived memories in RP mode
[22m[39m[IntentClassifier] intent=lore confidence=0.85
[RouterFilter] EXCLUDE id=mem-bad-2 reason=blocked_by_safety (archived) mode=rp

[90mstdout[2m | electron/__tests__/router/IntentAndRpMemory.test.ts[2m > [22m[2mRP mode ΓÇö RouterFilter still blocks unsafe memories[2m > [22m[2mallows rag-source memories in RP mode (LTMF/canon lore is retrieved via RAG)
[22m[39m[IntentClassifier] intent=lore confidence=0.85

[90mstdout[2m | electron/__tests__/router/IntentAndRpMemory.test.ts[2m > [22m[2mRP mode ΓÇö RouterFilter still blocks unsafe memories[2m > [22m[2mblocks system/tool_result-source memories in RP mode (non-lore sources still excluded)
[22m[39m[IntentClassifier] intent=lore confidence=0.85
[RouterFilter] EXCLUDE id=mem-bad-3 reason=blocked_by_memory_read_policy (disallowed_source_system) mode=rp

[90mstdout[2m | electron/__tests__/router/IntentAndRpMemory.test.ts[2m > [22m[2mRP mode ΓÇö RouterFilter still blocks unsafe memories[2m > [22m[2mblocks assistant-role memories in RP mode
[22m[39m[IntentClassifier] intent=lore confidence=0.85
[RouterFilter] EXCLUDE id=mem-bad-4 reason=blocked_by_memory_read_policy (rp_role_mismatch) mode=rp

[90mstdout[2m | electron/__tests__/router/IntentAndRpMemory.test.ts[2m > [22m[2mAssistant mode ΓÇö behavior unchanged[2m > [22m[2mallows all capabilities in assistant mode for substantive queries
[22m[39m[TalaRouter] Processing turn assist-1 in mode=assistant 
[IntentClassifier] intent=technical confidence=0.85
[TalaRouter] Intent: technical | Suppressed: false | Reason: standard 

[90mstdout[2m | electron/__tests__/router/IntentAndRpMemory.test.ts[2m > [22m[2mAssistant mode ΓÇö behavior unchanged[2m > [22m[2mallows all capabilities in assistant mode for substantive queries
[22m[39m[TalaRouter] Routing complete. Approved memories: 0/0
[TalaRouter] Capabilities ΓÇö allowed=["all"] blocked=[]
[TalaRouter] Memory write policy: long_term ΓÇö Technical/technical intent warrants long-term retention

[90mstdout[2m | electron/__tests__/router/IntentAndRpMemory.test.ts[2m > [22m[2mAssistant mode ΓÇö behavior unchanged[2m > [22m[2mallows long-term memory writes in assistant mode for technical queries
[22m[39m[TalaRouter] Processing turn assist-2 in mode=assistant 
[IntentClassifier] intent=technical confidence=0.85
[TalaRouter] Intent: technical | Suppressed: false | Reason: standard 

[90mstdout[2m | electron/__tests__/router/IntentAndRpMemory.test.ts[2m > [22m[2mAssistant mode ΓÇö behavior unchanged[2m > [22m[2mallows long-term memory writes in assistant mode for technical queries
[22m[39m[TalaRouter] Routing complete. Approved memories: 0/0
[TalaRouter] Capabilities ΓÇö allowed=["all"] blocked=[]
[TalaRouter] Memory write policy: long_term ΓÇö Technical/technical intent warrants long-term retention

[90mstdout[2m | electron/__tests__/router/IntentAndRpMemory.test.ts[2m > [22m[2mAssistant mode ΓÇö behavior unchanged[2m > [22m[2mblocks rp-tagged memories from entering assistant mode
[22m[39m[IntentClassifier] intent=technical confidence=0.85
[RouterFilter] EXCLUDE id=rp-leak-1 reason=wrong_mode_scope (assistant_isolation) mode=assistant

[90mstdout[2m | electron/__tests__/router/IntentAndRpMemory.test.ts[2m > [22m[2mHybrid mode ΓÇö behavior unchanged[2m > [22m[2muses short-term memory writes in hybrid mode
[22m[39m[TalaRouter] Processing turn hybrid-1 in mode=hybrid 
[IntentClassifier] intent=unknown confidence=0.5 reason=no_signal_matched
[TalaRouter] Intent: unknown | Suppressed: false | Reason: standard 

[90mstdout[2m | electron/__tests__/router/IntentAndRpMemory.test.ts[2m > [22m[2mHybrid mode ΓÇö behavior unchanged[2m > [22m[2muses short-term memory writes in hybrid mode
[22m[39m[TalaRouter] Routing complete. Approved memories: 0/0
[TalaRouter] Capabilities ΓÇö allowed=["all"] blocked=[]
[TalaRouter] Memory write policy: short_term ΓÇö Hybrid mode uses short-term persistence by default

[90mstdout[2m | electron/__tests__/router/IntentAndRpMemory.test.ts[2m > [22m[2mIntentClassifier ΓÇö autobiographical lore prompts with affectionate openers[2m > [22m[2m"Hey baby can you tell me about when you were 17?" ΓåÆ lore, NOT greeting
[22m[39m[IntentClassifier] intent=lore tone=greeting confidence=0.9 reason=autobiographical_request_overrode_social_opener

[90mstdout[2m | electron/__tests__/router/IntentAndRpMemory.test.ts[2m > [22m[2mIntentClassifier ΓÇö autobiographical lore prompts with affectionate openers[2m > [22m[2m"Love, tell me about your childhood" ΓåÆ lore, NOT greeting or social
[22m[39m[IntentClassifier] intent=lore confidence=0.85

[90mstdout[2m | electron/__tests__/router/IntentAndRpMemory.test.ts[2m > [22m[2mIntentClassifier ΓÇö autobiographical lore prompts with affectionate openers[2m > [22m[2m"Babe, what were you like at 17?" ΓåÆ lore (autobiographical age reference)
[22m[39m[IntentClassifier] intent=lore confidence=0.85

[90mstdout[2m | electron/__tests__/router/IntentAndRpMemory.test.ts[2m > [22m[2mIntentClassifier ΓÇö autobiographical lore prompts with affectionate openers[2m > [22m[2m"Do you remember when you were young?" ΓåÆ lore
[22m[39m[IntentClassifier] intent=lore confidence=0.85

[90mstdout[2m | electron/__tests__/router/IntentAndRpMemory.test.ts[2m > [22m[2mIntentClassifier ΓÇö autobiographical lore prompts with affectionate openers[2m > [22m[2m"What happened when you were 17?" ΓåÆ lore (age marker)
[22m[39m[IntentClassifier] intent=lore confidence=0.85

[90mstdout[2m | electron/__tests__/router/IntentAndRpMemory.test.ts[2m > [22m[2mIntentClassifier ΓÇö autobiographical lore prompts with affectionate openers[2m > [22m[2m"Tell me about your past" ΓåÆ lore
[22m[39m[IntentClassifier] intent=lore confidence=0.85

[90mstdout[2m | electron/__tests__/router/IntentAndRpMemory.test.ts[2m > [22m[2mIntentClassifier ΓÇö autobiographical lore prompts with affectionate openers[2m > [22m[2m"Do you remember when you were 17?" ΓåÆ lore
[22m[39m[IntentClassifier] intent=lore confidence=0.85

[90mstdout[2m | electron/__tests__/router/IntentAndRpMemory.test.ts[2m > [22m[2mIntentClassifier ΓÇö autobiographical lore prompts with affectionate openers[2m > [22m[2m"So you dont have a memory?" ΓåÆ lore (memory follow-up, apostrophe omitted as typed)
[22m[39m[IntentClassifier] intent=lore confidence=0.85

[90mstdout[2m | electron/__tests__/router/IntentAndRpMemory.test.ts[2m > [22m[2mIntentClassifier ΓÇö pure greetings remain greeting[2m > [22m[2m"Good morning" ΓåÆ greeting
[22m[39m[IntentClassifier] intent=greeting confidence=0.95

[90mstdout[2m | electron/__tests__/router/IntentAndRpMemory.test.ts[2m > [22m[2mIntentClassifier ΓÇö pure greetings remain greeting[2m > [22m[2m"Good morning baby" ΓåÆ greeting (no lore content)
[22m[39m[IntentClassifier] intent=greeting confidence=0.92 reason=social_override

[90mstdout[2m | electron/__tests__/router/IntentAndRpMemory.test.ts[2m > [22m[2mIntentClassifier ΓÇö pure greetings remain greeting[2m > [22m[2m"Hey, how are you?" ΓåÆ greeting or social
[22m[39m[IntentClassifier] intent=greeting confidence=0.92 reason=social_override

[90mstdout[2m | electron/__tests__/router/IntentAndRpMemory.test.ts[2m > [22m[2mTalaContextRouter ΓÇö greeting suppression policy[2m > [22m[2mpure greeting suppresses retrieval
[22m[39m[TalaRouter] Processing turn greet-sup-1 in mode=rp 
[IntentClassifier] intent=greeting confidence=0.95
[TalaRouter] Intent: greeting | Suppressed: true | Reason: standard 
[TalaRouter] Retrieval bypassed ΓÇö greeting intent (no lore/substantive override).
[TalaRouter] RP mode policy ΓÇö tools=false, memoryReads=true, memoryWrites=false
[TalaRouter] Routing complete. Approved memories: 0/0
[TalaRouter] Capabilities ΓÇö allowed=["memory_retrieval"] blocked=["tools"]
[TalaRouter] Memory write policy: do_not_write ΓÇö RP mode isolation prohibits memory writes

[90mstdout[2m | electron/__tests__/router/IntentAndRpMemory.test.ts[2m > [22m[2mTalaContextRouter ΓÇö greeting suppression policy[2m > [22m[2mautobiographical prompt does NOT suppress retrieval in RP mode
[22m[39m[TalaRouter] Processing turn lore-nosup-1 in mode=rp 
[IntentClassifier] intent=lore tone=greeting confidence=0.9 reason=autobiographical_request_overrode_social_opener
[TalaRouter] Intent: lore | Suppressed: false | Reason: Lore > Greeting (autobiographical opener) 
[TalaRouter] Greeting opener present, but lore request overrides suppression ΓÇö retrieval will run

[90mstdout[2m | electron/__tests__/router/IntentAndRpMemory.test.ts[2m > [22m[2mTalaContextRouter ΓÇö greeting suppression policy[2m > [22m[2mautobiographical prompt does NOT suppress retrieval in RP mode
[22m[39m[TalaRouter] RP mode policy ΓÇö tools=false, memoryReads=true, memoryWrites=false
[TalaRouter] Routing complete. Approved memories: 0/0
[TalaRouter] Capabilities ΓÇö allowed=["memory_retrieval"] blocked=["tools"]
[TalaRouter] Memory write policy: do_not_write ΓÇö RP mode isolation prohibits memory writes

[90mstdout[2m | electron/__tests__/router/IntentAndRpMemory.test.ts[2m > [22m[2mTalaContextRouter ΓÇö greeting suppression policy[2m > [22m[2maffectionate opener with lore content does NOT suppress retrieval
[22m[39m[TalaRouter] Processing turn lore-nosup-2 in mode=rp 
[IntentClassifier] intent=lore confidence=0.85
[TalaRouter] Intent: lore | Suppressed: false | Reason: standard 

[90mstdout[2m | electron/__tests__/router/IntentAndRpMemory.test.ts[2m > [22m[2mTalaContextRouter ΓÇö greeting suppression policy[2m > [22m[2maffectionate opener with lore content does NOT suppress retrieval
[22m[39m[TalaRouter] RP mode policy ΓÇö tools=false, memoryReads=true, memoryWrites=false
[TalaRouter] Routing complete. Approved memories: 0/0
[TalaRouter] Capabilities ΓÇö allowed=["memory_retrieval"] blocked=["tools"]
[TalaRouter] Memory write policy: do_not_write ΓÇö RP mode isolation prohibits memory writes

[90mstdout[2m | electron/__tests__/router/IntentAndRpMemory.test.ts[2m > [22m[2mTalaContextRouter ΓÇö greeting suppression policy[2m > [22m[2mRP autobiographical prompts have approved memories capacity > 0 when memories available
[22m[39m[TalaRouter] Processing turn lore-approved-1 in mode=rp 
[IntentClassifier] intent=lore confidence=0.85
[TalaRouter] Intent: lore | Suppressed: false | Reason: standard 

[90mstdout[2m | electron/__tests__/router/IntentAndRpMemory.test.ts[2m > [22m[2mTalaContextRouter ΓÇö greeting suppression policy[2m > [22m[2mRP autobiographical prompts have approved memories capacity > 0 when memories available
[22m[39m[TalaRouter] Candidates before filter ΓÇö diary:1 (total=1)
[TalaRouter] Lore composition ΓÇö loreCandidates=1 explicitCandidates=0 fallbackCap=1
[TalaRouter] Approved memories ΓÇö diary:1 (total=1)
[TalaRouter] Memory-grounded response mode: memory_grounded_soft
[TalaRouter] RP mode policy ΓÇö tools=false, memoryReads=true, memoryWrites=false
[TalaRouter] Routing complete. Approved memories: 1/1
[TalaRouter] Capabilities ΓÇö allowed=["memory_retrieval"] blocked=["tools"]
[TalaRouter] Memory write policy: do_not_write ΓÇö RP mode isolation prohibits memory writes

[90mstdout[2m | electron/__tests__/router/IntentAndRpMemory.test.ts[2m > [22m[2mMemoryFilter.resolveContradictions ΓÇö lore source priority[2m > [22m[2mfor lore intent, diary source outranks explicit/chat source
[22m[39m[IntentClassifier] intent=lore confidence=0.85
[MemoryFilter] Lore/autobiographical intent ΓÇö source priority: diary/graph(4) > rag(3) > mem0(2) > explicit/chat(1)

[90mstdout[2m | electron/__tests__/router/IntentAndRpMemory.test.ts[2m > [22m[2mMemoryFilter.resolveContradictions ΓÇö lore source priority[2m > [22m[2mfor lore intent, rag (LTMF) source outranks explicit/chat source
[22m[39m[IntentClassifier] intent=lore confidence=0.85
[MemoryFilter] Lore/autobiographical intent ΓÇö source priority: diary/graph(4) > rag(3) > mem0(2) > explicit/chat(1)

[90mstdout[2m | electron/__tests__/router/IntentAndRpMemory.test.ts[2m > [22m[2mMemoryFilter.resolveContradictions ΓÇö lore source priority[2m > [22m[2mfor non-lore intent, explicit still outranks rag (default behavior unchanged)
[22m[39m[IntentClassifier] intent=technical confidence=0.85

[90mstdout[2m | electron/__tests__/router/IntentAndRpMemory.test.ts[2m > [22m[2mRP mode ΓÇö autobiographical reads remain allowed[2m > [22m[2mRP mode still blocks tools (scenario D: browser intent)
[22m[39m[TalaRouter] Processing turn rp-tool-block in mode=rp 
[IntentClassifier] intent=browser confidence=0.95
[TalaRouter] Intent: browser | Suppressed: false | Reason: Browser pattern matched 

[90mstdout[2m | electron/__tests__/router/IntentAndRpMemory.test.ts[2m > [22m[2mRP mode ΓÇö autobiographical reads remain allowed[2m > [22m[2mRP mode still blocks tools (scenario D: browser intent)
[22m[39m[TalaRouter] RP mode policy ΓÇö tools=false, memoryReads=true, memoryWrites=false
[TalaRouter] Routing complete. Approved memories: 0/0
[TalaRouter] Capabilities ΓÇö allowed=["memory_retrieval"] blocked=["tools"]
[TalaRouter] Memory write policy: do_not_write ΓÇö RP mode isolation prohibits memory writes

[90mstdout[2m | electron/__tests__/router/IntentAndRpMemory.test.ts[2m > [22m[2mRP mode ΓÇö autobiographical reads remain allowed[2m > [22m[2mRP mode still blocks memory writes for lore prompts
[22m[39m[TalaRouter] Processing turn rp-write-lore in mode=rp 
[IntentClassifier] intent=lore confidence=0.85
[TalaRouter] Intent: lore | Suppressed: false | Reason: standard 

[90mstdout[2m | electron/__tests__/router/IntentAndRpMemory.test.ts[2m > [22m[2mRP mode ΓÇö autobiographical reads remain allowed[2m > [22m[2mRP mode still blocks memory writes for lore prompts
[22m[39m[TalaRouter] RP mode policy ΓÇö tools=false, memoryReads=true, memoryWrites=false
[TalaRouter] Routing complete. Approved memories: 0/0
[TalaRouter] Capabilities ΓÇö allowed=["memory_retrieval"] blocked=["tools"]
[TalaRouter] Memory write policy: do_not_write ΓÇö RP mode isolation prohibits memory writes

[90mstdout[2m | electron/__tests__/reflection/ReflectionPipeline.test.ts
[22m[39m[AuditLogger] Initialized at: \tmp\tala-test\userData\logs\audit-log.jsonl

[90mstdout[2m | electron/__tests__/router/IntentAndRpMemory.test.ts[2m > [22m[2mRP mode ΓÇö autobiographical reads remain allowed[2m > [22m[2mRP mode allows lore retrieval reads (memory_retrieval in allowedCapabilities)
[22m[39m[TalaRouter] Processing turn rp-lore-read in mode=rp 
[IntentClassifier] intent=lore tone=greeting confidence=0.9 reason=autobiographical_request_overrode_social_opener
[TalaRouter] Intent: lore | Suppressed: false | Reason: Lore > Greeting (autobiographical opener) 
[TalaRouter] Greeting opener present, but lore request overrides suppression ΓÇö retrieval will run

[90mstdout[2m | electron/__tests__/router/IntentAndRpMemory.test.ts[2m > [22m[2mRP mode ΓÇö autobiographical reads remain allowed[2m > [22m[2mRP mode allows lore retrieval reads (memory_retrieval in allowedCapabilities)
[22m[39m[TalaRouter] RP mode policy ΓÇö tools=false, memoryReads=true, memoryWrites=false
[TalaRouter] Routing complete. Approved memories: 0/0
[TalaRouter] Capabilities ΓÇö allowed=["memory_retrieval"] blocked=["tools"]
[TalaRouter] Memory write policy: do_not_write ΓÇö RP mode isolation prohibits memory writes

 [32mΓ£ô[39m electron/__tests__/router/IntentAndRpMemory.test.ts [2m([22m[2m51 tests[22m[2m)[22m[32m 47[2mms[22m[39m
[90mstdout[2m | tests/HybridRetrieval.test.ts
[22m[39m[AuditLogger] Initialized at: \tmp\tala-test\logs\audit-log.jsonl

[90mstdout[2m | tests/HybridRetrieval.test.ts[2m > [22m[2mHybrid Retrieval[2m > [22m[2mprovider invocation[2m > [22m[2mcalls both keyword and semantic providers for hybrid mode
[22m[39m[RetrievalOrchestrator] retrieve starting for query: "test" (mode: hybrid)

[90mstdout[2m | tests/HybridRetrieval.test.ts[2m > [22m[2mHybrid Retrieval[2m > [22m[2mprovider invocation[2m > [22m[2mcalls both keyword and semantic providers for hybrid mode
[22m[39m[RetrievalOrchestrator] Selected providers for category "all" (request.providerIds=undefined): [ [32m'local'[39m, [32m'semantic'[39m ]

[90mstdout[2m | tests/HybridRetrieval.test.ts[2m > [22m[2mHybrid Retrieval[2m > [22m[2mprovider invocation[2m > [22m[2mcalls both keyword and semantic providers for hybrid mode
[22m[39m[RetrievalOrchestrator] retrieve completed in 1ms with 0 results.

[90mstdout[2m | tests/HybridRetrieval.test.ts[2m > [22m[2mHybrid Retrieval[2m > [22m[2mprovider invocation[2m > [22m[2mtreats a provider as semantic when it supports semantic but not keyword mode
[22m[39m[RetrievalOrchestrator] retrieve starting for query: "q" (mode: hybrid)

[90mstdout[2m | tests/HybridRetrieval.test.ts[2m > [22m[2mHybrid Retrieval[2m > [22m[2mprovider invocation[2m > [22m[2mtreats a provider as semantic when it supports semantic but not keyword mode
[22m[39m[RetrievalOrchestrator] Selected providers for category "all" (request.providerIds=undefined): [ [32m'pgvector_v2'[39m ]

[90mstdout[2m | tests/HybridRetrieval.test.ts[2m > [22m[2mHybrid Retrieval[2m > [22m[2mprovider invocation[2m > [22m[2mtreats a provider as semantic when it supports semantic but not keyword mode
[22m[39m[RetrievalOrchestrator] retrieve completed in 1ms with 1 results.

[90mstdout[2m | tests/HybridRetrieval.test.ts[2m > [22m[2mHybrid Retrieval[2m > [22m[2mprovider invocation[2m > [22m[2mdoes not call keyword-only provider for semantic mode
[22m[39m[RetrievalOrchestrator] retrieve starting for query: "test" (mode: semantic)

[90mstdout[2m | tests/HybridRetrieval.test.ts[2m > [22m[2mHybrid Retrieval[2m > [22m[2mprovider invocation[2m > [22m[2mdoes not call keyword-only provider for semantic mode
[22m[39m[RetrievalOrchestrator] Selected providers for category "all" (request.providerIds=undefined): [ [32m'semantic'[39m ]

[90mstdout[2m | tests/HybridRetrieval.test.ts[2m > [22m[2mHybrid Retrieval[2m > [22m[2mprovider invocation[2m > [22m[2mdoes not call keyword-only provider for semantic mode
[22m[39m[RetrievalOrchestrator] retrieve completed in 1ms with 0 results.

[90mstdout[2m | tests/HybridRetrieval.test.ts[2m > [22m[2mHybrid Retrieval[2m > [22m[2mprovider invocation[2m > [22m[2mdoes not call semantic provider for keyword mode
[22m[39m[RetrievalOrchestrator] retrieve starting for query: "test" (mode: keyword)

[90mstdout[2m | tests/HybridRetrieval.test.ts[2m > [22m[2mHybrid Retrieval[2m > [22m[2mprovider invocation[2m > [22m[2mdoes not call semantic provider for keyword mode
[22m[39m[RetrievalOrchestrator] Selected providers for category "all" (request.providerIds=undefined): [ [32m'local'[39m ]

[90mstdout[2m | tests/HybridRetrieval.test.ts[2m > [22m[2mHybrid Retrieval[2m > [22m[2mprovider invocation[2m > [22m[2mdoes not call semantic provider for keyword mode
[22m[39m[RetrievalOrchestrator] retrieve completed in 0ms with 0 results.

[90mstdout[2m | tests/HybridRetrieval.test.ts[2m > [22m[2mHybrid Retrieval[2m > [22m[2mprovider invocation[2m > [22m[2mreturns empty results gracefully when no providers support hybrid
[22m[39m[RetrievalOrchestrator] retrieve starting for query: "test" (mode: hybrid)

[90mstdout[2m | tests/HybridRetrieval.test.ts[2m > [22m[2mHybrid Retrieval[2m > [22m[2mprovider invocation[2m > [22m[2mreturns empty results gracefully when no providers support hybrid
[22m[39m[RetrievalOrchestrator] Selected providers for category "all" (request.providerIds=undefined): []

[90mstdout[2m | tests/HybridRetrieval.test.ts[2m > [22m[2mHybrid Retrieval[2m > [22m[2mprovider invocation[2m > [22m[2mreturns empty results gracefully when no providers support hybrid
[22m[39m[RetrievalOrchestrator] retrieve completed in 0ms with 0 results.

[90mstderr[2m | tests
/HybridRetrieval.test.t
s[2m > 
[22m[2mHybrid 
Retrieval[2m > 
[22m[2mprovider 
invocation[2m > 
[22m[2mreturns empty 
results gracefully 
when no providers 
support hybrid
[22m[39m[RetrievalOrc
hestrator] No 
providers selected for 
category="all" 
mode="hybrid". Check 
provider registration.

[90mstdout[2m | tests/HybridRetrieval.test.ts[2m > [22m[2mHybrid Retrieval[2m > [22m[2msemantic-only results[2m > [22m[2mproduces fusedScore = semanticWeight * semanticScore for semantic-only results
[22m[39m[RetrievalOrchestrator] retrieve starting for query: "q" (mode: hybrid)

[90mstdout[2m | tests/HybridRetrieval.test.ts[2m > [22m[2mHybrid Retrieval[2m > [22m[2msemantic-only results[2m > [22m[2mproduces fusedScore = semanticWeight * semanticScore for semantic-only results
[22m[39m[RetrievalOrchestrator] Selected providers for category "all" (request.providerIds=undefined): [ [32m'semantic'[39m ]

[90mstdout[2m | tests/HybridRetrieval.test.ts[2m > [22m[2mHybrid Retrieval[2m > [22m[2msemantic-only results[2m > [22m[2mproduces fusedScore = semanticWeight * semanticScore for semantic-only results
[22m[39m[RetrievalOrchestrator] retrieve completed in 0ms with 1 results.

[90mstdout[2m | tests/HybridRetrieval.test.ts[2m > [22m[2mHybrid Retrieval[2m > [22m[2msemantic-only results[2m > [22m[2mpreserves semantic result metadata (provenance fields)
[22m[39m[RetrievalOrchestrator] retrieve starting for query: "q" (mode: hybrid)

 [32mΓ£ô[39m electron/__tests__/inference/ProviderDetection.test.ts [2m([22m[2m14 tests[22m[2m)[22m[33m 493[2mms[22m[39m
[90mstdout[2m | tests/HybridRetrieval.test.ts[2m > [22m[2mHybrid Retrieval[2m > [22m[2msemantic-only results[2m > [22m[2mpreserves semantic result metadata (provenance fields)
[22m[39m[RetrievalOrchestrator] Selected providers for category "all" (request.providerIds=undefined): [ [32m'semantic'[39m ]

[90mstdout[2m | tests/HybridRetrieval.test.ts[2m > [22m[2mHybrid Retrieval[2m > [22m[2msemantic-only results[2m > [22m[2mpreserves semantic result metadata (provenance fields)
[22m[39m[RetrievalOrchestrator] retrieve completed in 0ms with 1 results.

[90mstdout[2m | tests/HybridRetrieval.test.ts[2m > [22m[2mHybrid Retrieval[2m > [22m[2mkeyword-only results[2m > [22m[2mproduces fusedScore = keywordWeight * keywordScore for keyword-only results
[22m[39m[RetrievalOrchestrator] retrieve starting for query: "q" (mode: hybrid)

[90mstdout[2m | tests/HybridRetrieval.test.ts[2m > [22m[2mHybrid Retrieval[2m > [22m[2mkeyword-only results[2m > [22m[2mproduces fusedScore = keywordWeight * keywordScore for keyword-only results
[22m[39m[RetrievalOrchestrator] Selected providers for category "all" (request.providerIds=undefined): [ [32m'local'[39m ]

[90mstdout[2m | tests/HybridRetrieval.test.ts[2m > [22m[2mHybrid Retrieval[2m > [22m[2mkeyword-only results[2m > [22m[2mproduces fusedScore = keywordWeight * keywordScore for keyword-only results
[22m[39m[RetrievalOrchestrator] retrieve completed in 0ms with 1 results.

[90mstdout[2m | tests/HybridRetrieval.test.ts[2m > [22m[2mHybrid Retrieval[2m > [22m[2mkeyword-only results[2m > [22m[2massigns default score 0.5 to keyword result with null score
[22m[39m[RetrievalOrchestrator] retrieve starting for query: "q" (mode: hybrid)

[90mstdout[2m | tests/HybridRetrieval.test.ts[2m > [22m[2mHybrid Retrieval[2m > [22m[2mkeyword-only results[2m > [22m[2massigns default score 0.5 to keyword result with null score
[22m[39m[RetrievalOrchestrator] Selected providers for category "all" (request.providerIds=undefined): [ [32m'local'[39m ]

[90mstdout[2m | tests/HybridRetrieval.test.ts[2m > [22m[2mHybrid Retrieval[2m > [22m[2mkeyword-only results[2m > [22m[2massigns default score 0.5 to keyword result with null score
[22m[39m[RetrievalOrchestrator] retrieve completed in 1ms with 1 results.

[90mstdout[2m | tests/HybridRetrieval.test.ts[2m > [22m[2mHybrid Retrieval[2m > [22m[2mduplicate merging[2m > [22m[2mmerges duplicates with the same itemKey from semantic and keyword providers
[22m[39m[RetrievalOrchestrator] retrieve starting for query: "q" (mode: hybrid)

[90mstdout[2m | tests/HybridRetrieval.test.ts[2m > [22m[2mHybrid Retrieval[2m > [22m[2mduplicate merging[2m > [22m[2mmerges duplicates with the same itemKey from semantic and keyword providers
[22m[39m[RetrievalOrchestrator] Selected providers for category "all" (request.providerIds=undefined): [ [32m'local'[39m, [32m'semantic'[39m ]

[90mstdout[2m | tests/HybridRetrieval.test.ts[2m > [22m[2mHybrid Retrieval[2m > [22m[2mduplicate merging[2m > [22m[2mmerges duplicates with the same itemKey from semantic and keyword providers
[22m[39m[RetrievalOrchestrator] retrieve completed in 0ms with 1 results.

[90mstdout[2m | tests/HybridRetrieval.test.ts[2m > [22m[2mHybrid Retrieval[2m > [22m[2mduplicate merging[2m > [22m[2mmerges duplicates with the same URI even when itemKeys differ
[22m[39m[RetrievalOrchestrator] retrieve starting for query: "q" (mode: hybrid)

[90mstdout[2m | tests/HybridRetrieval.test.ts[2m > [22m[2mHybrid Retrieval[2m > [22m[2mduplicate merging[2m > [22m[2mmerges duplicates with the same URI even when itemKeys differ
[22m[39m[RetrievalOrchestrator] Selected providers for category "all" (request.providerIds=undefined): [ [32m'local'[39m, [32m'semantic'[39m ]

[90mstdout[2m | tests/HybridRetrieval.test.ts[2m > [22m[2mHybrid Retrieval[2m > [22m[2mduplicate merging[2m > [22m[2mmerges duplicates with the same URI even when itemKeys differ
[22m[39m[RetrievalOrchestrator] retrieve completed in 0ms with 1 results.

[90mstdout[2m | tests/HybridRetrieval.test.ts[2m > [22m[2mHybrid Retrieval[2m > [22m[2mduplicate merging[2m > [22m[2mmerges duplicates with the same contentHash even when itemKeys differ
[22m[39m[RetrievalOrchestrator] retrieve starting for query: "q" (mode: hybrid)

[90mstdout[2m | tests/HybridRetrieval.test.ts[2m > [22m[2mHybrid Retrieval[2m > [22m[2mduplicate merging[2m > [22m[2mmerges duplicates with the same contentHash even when itemKeys differ
[22m[39m[RetrievalOrchestrator] Selected providers for category "all" (request.providerIds=undefined): [ [32m'local'[39m, [32m'semantic'[39m ]

[90mstdout[2m | tests/HybridRetrieval.test.ts[2m > [22m[2mHybrid Retrieval[2m > [22m[2mduplicate merging[2m > [22m[2mmerges duplicates with the same contentHash even when itemKeys differ
[22m[39m[RetrievalOrchestrator] retrieve completed in 1ms with 1 results.

[90mstdout[2m | tests/HybridRetrieval.test.ts[2m > [22m[2mHybrid Retrieval[2m > [22m[2mduplicate merging[2m > [22m[2mdoes NOT merge distinct documents into one result
[22m[39m[RetrievalOrchestrator] retrieve starting for query: "q" (mode: hybrid)

[90mstdout[2m | tests/HybridRetrieval.test.ts[2m > [22m[2mHybrid Retrieval[2m > [22m[2mduplicate merging[2m > [22m[2mdoes NOT merge distinct documents into one result
[22m[39m[RetrievalOrchestrator] Selected providers for category "all" (request.providerIds=undefined): [ [32m'local'[39m, [32m'semantic'[39m ]

[90mstdout[2m | tests/HybridRetrieval.test.ts[2m > [22m[2mHybrid Retrieval[2m > [22m[2mduplicate merging[2m > [22m[2mdoes NOT merge distinct documents into one result
[22m[39m[RetrievalOrchestrator] retrieve completed in 1ms with 3 results.

[90mstdout[2m | tests/HybridRetrieval.test.ts[2m > [22m[2mHybrid Retrieval[2m > [22m[2mduplicate merging[2m > [22m[2mkeeps sourceProviders list for merged result
[22m[39m[RetrievalOrchestrator] retrieve starting for query: "q" (mode: hybrid)

[90mstdout[2m | tests/HybridRetrieval.test.ts[2m > [22m[2mHybrid Retrieval[2m > [22m[2mduplicate merging[2m > [22m[2mkeeps sourceProviders list for merged result
[22m[39m[RetrievalOrchestrator] Selected providers for category "all" (request.providerIds=undefined): [ [32m'local'[39m, [32m'semantic'[39m ]

[90mstdout[2m | tests/HybridRetrieval.test.ts[2m > [22m[2mHybrid Retrieval[2m > [22m[2mduplicate merging[2m > [22m[2mkeeps sourceProviders list for merged result
[22m[39m[RetrievalOrchestrator] retrieve completed in 0ms with 1 results.

[90mstdout[2m | tests/HybridRetrieval.test.ts[2m > [22m[2mHybrid Retrieval[2m > [22m[2mfusedScore computation[2m > [22m[2mcomputes correct fusedScore with both providers contributing
[22m[39m[RetrievalOrchestrator] retrieve starting for query: "q" (mode: hybrid)

[90mstdout[2m | tests/HybridRetrieval.test.ts[2m > [22m[2mHybrid Retrieval[2m > [22m[2mfusedScore computation[2m > [22m[2mcomputes correct fusedScore with both providers contributing
[22m[39m[RetrievalOrchestrator] Selected providers for category "all" (request.providerIds=undefined): [ [32m'local'[39m, [32m'semantic'[39m ]

[90mstdout[2m | tests/HybridRetrieval.test.ts[2m > [22m[2mHybrid Retrieval[2m > [22m[2mfusedScore computation[2m > [22m[2mcomputes correct fusedScore with both providers contributing
[22m[39m[RetrievalOrchestrator] retrieve completed in 0ms with 1 results.

[90mstdout[2m | tests/HybridRetrieval.test.ts[2m > [22m[2mHybrid Retrieval[2m > [22m[2mfusedScore computation[2m > [22m[2mclamps raw scores above 1 to 1 before fusion
[22m[39m[RetrievalOrchestrator] retrieve starting for query: "q" (mode: hybrid)

[90mstdout[2m | tests/HybridRetrieval.test.ts[2m > [22m[2mHybrid Retrieval[2m > [22m[2mfusedScore computation[2m > [22m[2mclamps raw scores above 1 to 1 before fusion
[22m[39m[RetrievalOrchestrator] Selected providers for category "all" (request.providerIds=undefined): [ [32m'local'[39m ]

[90mstdout[2m | tests/HybridRetrieval.test.ts[2m > [22m[2mHybrid Retrieval[2m > [22m[2mfusedScore computation[2m > [22m[2mclamps raw scores above 1 to 1 before fusion
[22m[39m[RetrievalOrchestrator] retrieve completed in 0ms with 1 results.

[90mstdout[2m | tests/HybridRetrieval.test.ts[2m > [22m[2mHybrid Retrieval[2m > [22m[2mfusedScore computation[2m > [22m[2msorts results by fusedScore descending
[22m[39m[RetrievalOrchestrator] retrieve starting for query: "q" (mode: hybrid)

[90mstdout[2m | tests/HybridRetrieval.test.ts[2m > [22m[2mHybrid Retrieval[2m > [22m[2mfusedScore computation[2m > [22m[2msorts results by fusedScore descending
[22m[39m[RetrievalOrchestrator] Selected providers for category "all" (request.providerIds=undefined): [ [32m'local'[39m ]

[90mstdout[2m | tests/HybridRetrieval.test.ts[2m > [22m[2mHybrid Retrieval[2m > [22m[2mfusedScore computation[2m > [22m[2msorts results by fusedScore descending
[22m[39m[RetrievalOrchestrator] retrieve completed in 0ms with 3 results.

[90mstdout[2m | tests/HybridRetrieval.test.ts[2m > [22m[2mHybrid Retrieval[2m > [22m[2mnotebook boost[2m > [22m[2mapplies notebook boost (+0.1) in notebook scope
[22m[39m[RetrievalOrchestrator] retrieve starting for query: "q" (mode: hybrid)

[90mstdout[2m | tests/HybridRetrieval.test.ts[2m > [22m[2mHybrid Retrieval[2m > [22m[2mnotebook boost[2m > [22m[2mapplies notebook boost (+0.1) in notebook scope
[22m[39m[RetrievalOrchestrator] Selected providers for category "all" (request.providerIds=undefined): [ [32m'semantic'[39m ]

[90mstdout[2m | tests/HybridRetrieval.test.ts[2m > [22m[2mHybrid Retrieval[2m > [22m[2mnotebook boost[2m > [22m[2mapplies notebook boost (+0.1) in notebook scope
[22m[39m[RetrievalOrchestrator] retrieve completed in 1ms with 1 results.

[90mstdout[2m | tests/HybridRetrieval.test.ts[2m > [22m[2mHybrid Retrieval[2m > [22m[2mnotebook boost[2m > [22m[2mdoes NOT apply notebook boost in global scope
[22m[39m[RetrievalOrchestrator] retrieve starting for query: "q" (mode: hybrid)

[90mstdout[2m | tests/HybridRetrieval.test.ts[2m > [22m[2mHybrid Retrieval[2m > [22m[2mnotebook boost[2m > [22m[2mdoes NOT apply notebook boost in global scope
[22m[39m[RetrievalOrchestrator] Selected providers for category "all" (request.providerIds=undefined): [ [32m'semantic'[39m ]

[90mstdout[2m | tests/HybridRetrieval.test.ts[2m > [22m[2mHybrid Retrieval[2m > [22m[2mnotebook boost[2m > [22m[2mdoes NOT apply notebook boost in global scope
[22m[39m[RetrievalOrchestrator] retrieve completed in 0ms with 1 results.

[90mstdout[2m | tests/HybridRetrieval.test.ts[2m > [22m[2mHybrid Retrieval[2m > [22m[2mnotebook boost[2m > [22m[2mdoes NOT apply notebook boost in explicit_sources scope
[22m[39m[RetrievalOrchestrator] retrieve starting for query: "q" (mode: hybrid)

[90mstdout[2m | tests/HybridRetrieval.test.ts[2m > [22m[2mHybrid Retrieval[2m > [22m[2mnotebook boost[2m > [22m[2mdoes NOT apply notebook boost in explicit_sources scope
[22m[39m[RetrievalOrchestrator] Selected providers for category "all" (request.providerIds=undefined): [ [32m'semantic'[39m ]

[90mstdout[2m | tests/HybridRetrieval.test.ts[2m > [22m[2mHybrid Retrieval[2m > [22m[2mnotebook boost[2m > [22m[2mdoes NOT apply notebook boost in explicit_sources scope
[22m[39m[RetrievalOrchestrator] retrieve completed in 0ms with 1 results.

[90mstdout[2m | tests/HybridRetrieval.test.ts[2m > [22m[2mHybrid Retrieval[2m > [22m[2mnotebook boost[2m > [22m[2mcaps fusedScore at 1.0 after notebook boost
[22m[39m[RetrievalOrchestrator] retrieve starting for query: "q" (mode: hybrid)

[90mstdout[2m | tests/HybridRetrieval.test.ts[2m > [22m[2mHybrid Retrieval[2m > [22m[2mnotebook boost[2m > [22m[2mcaps fusedScore at 1.0 after notebook boost
[22m[39m[RetrievalOrchestrator] Selected providers for category "all" (request.providerIds=undefined): [ [32m'local'[39m, [32m'semantic'[39m ]

[90mstdout[2m | tests/HybridRetrieval.test.ts[2m > [22m[2mHybrid Retrieval[2m > [22m[2mnotebook boost[2m > [22m[2mcaps fusedScore at 1.0 after notebook boost
[22m[39m[RetrievalOrchestrator] retrieve completed in 1ms with 1 results.

[90mstdout[2m | tests/HybridRetrieval.test.ts[2m > [22m[2mHybrid Retrieval[2m > [22m[2mproviderIds filtering in hybrid mode[2m > [22m[2mrestricts hybrid execution to specified providerIds
[22m[39m[RetrievalOrchestrator] retrieve starting for query: "q" (mode: hybrid)

[90mstdout[2m | tests/HybridRetrieval.test.ts[2m > [22m[2mHybrid Retrieval[2m > [22m[2mproviderIds filtering in hybrid mode[2m > [22m[2mrestricts hybrid execution to specified providerIds
[22m[39m[RetrievalOrchestrator] Selected providers for category "all" (request.providerIds=["semantic"]): [ [32m'semantic'[39m ]

[90mstdout[2m | tests/HybridRetrieval.test.ts[2m > [22m[2mHybrid Retrieval[2m > [22m[2mproviderIds filtering in hybrid mode[2m > [22m[2mrestricts hybrid execution to specified providerIds
[22m[39m[RetrievalOrchestrator] retrieve completed in 0ms with 0 results.

[90mstdout[2m | tests/HybridRetrieval.test.ts[2m > [22m[2mHybrid Retrieval[2m > [22m[2mproviderIds filtering in hybrid mode[2m > [22m[2mruns only keyword provider when providerIds restricts to keyword provider
[22m[39m[RetrievalOrchestrator] retrieve starting for query: "q" (mode: hybrid)

[90mstdout[2m | tests/HybridRetrieval.test.ts[2m > [22m[2mHybrid Retrieval[2m > [22m[2mproviderIds filtering in hybrid mode[2m > [22m[2mruns only keyword provider when providerIds restricts to keyword provider
[22m[39m[RetrievalOrchestrator] Selected providers for category "all" (request.providerIds=["local"]): [ [32m'local'[39m ]

[90mstdout[2m | tests/HybridRetrieval.test.ts[2m > [22m[2mHybrid Retrieval[2m > [22m[2mproviderIds filtering in hybrid mode[2m > [22m[2mruns only keyword provider when providerIds restricts to keyword provider
[22m[39m[RetrievalOrchestrator] retrieve completed in 0ms with 1 results.

[90mstdout[2m | tests/HybridRetrieval.test.ts[2m > [22m[2mHybrid Retrieval[2m > [22m[2mtopK limit in hybrid mode[2m > [22m[2mrespects topK after fusion and sorting
[22m[39m[RetrievalOrchestrator] retrieve starting for query: "q" (mode: hybrid)

[90mstdout[2m | tests/HybridRetrieval.test.ts[2m > [22m[2mHybrid Retrieval[2m > [22m[2mtopK limit in hybrid mode[2m > [22m[2mrespects topK after fusion and sorting
[22m[39m[RetrievalOrchestrator] Selected providers for category "all" (request.providerIds=undefined): [ [32m'local'[39m, [32m'semantic'[39m ]

[90mstdout[2m | tests/HybridRetrieval.test.ts[2m > [22m[2mHybrid Retrieval[2m > [22m[2mtopK limit in hybrid mode[2m > [22m[2mrespects topK after fusion and sorting
[22m[39m[RetrievalOrchestrator] retrieve completed in 0ms with 3 results.

[90mstdout[2m | tests/HybridRetrieval.test.ts[2m > [22m[2mHybrid Retrieval[2m > [22m[2mtopK limit in hybrid mode[2m > [22m[2mreturns top-ranked items after fusion sorting when topK is applied
[22m[39m[RetrievalOrchestrator] retrieve starting for query: "q" (mode: hybrid)

[90mstdout[2m | tests/HybridRetrieval.test.ts[2m > [22m[2mHybrid Retrieval[2m > [22m[2mtopK limit in hybrid mode[2m > [22m[2mreturns top-ranked items after fusion sorting when topK is applied
[22m[39m[RetrievalOrchestrator] Selected providers for category "all" (request.providerIds=undefined): [ [32m'local'[39m, [32m'semantic'[39m ]

[90mstdout[2m | tests/HybridRetrieval.test.ts[2m > [22m[2mHybrid Retrieval[2m > [22m[2mtopK limit in hybrid mode[2m > [22m[2mreturns top-ranked items after fusion sorting when topK is applied
[22m[39m[RetrievalOrchestrator] retrieve completed in 0ms with 2 results.

[90mstdout[2m | tests/HybridRetrieval.test.ts[2m > [22m[2mHybrid Retrieval[2m > [22m[2mcitation and provenance metadata preservation[2m > [22m[2mpreserves all original metadata fields from semantic provider
[22m[39m[RetrievalOrchestrator] retrieve starting for query: "q" (mode: hybrid)

[90mstdout[2m | tests/HybridRetrieval.test.ts[2m > [22m[2mHybrid Retrieval[2m > [22m[2mcitation and provenance metadata preservation[2m > [22m[2mpreserves all original metadata fields from semantic provider
[22m[39m[RetrievalOrchestrator] Selected providers for category "all" (request.providerIds=undefined): [ [32m'semantic'[39m ]

[90mstdout[2m | tests/HybridRetrieval.test.ts[2m > [22m[2mHybrid Retrieval[2m > [22m[2mcitation and provenance metadata preservation[2m > [22m[2mpreserves all original metadata fields from semantic provider
[22m[39m[RetrievalOrchestrator] retrieve completed in 0ms with 1 results.

[90mstdout[2m | tests/HybridRetrieval.test.ts[2m > [22m[2mHybrid Retrieval[2m > [22m[2mcitation and provenance metadata preservation[2m > [22m[2mpreserves providerId from originating provider
[22m[39m[RetrievalOrchestrator] retrieve starting for query: "q" (mode: hybrid)

[90mstdout[2m | tests/HybridRetrieval.test.ts[2m > [22m[2mHybrid Retrieval[2m > [22m[2mcitation and provenance metadata preservation[2m > [22m[2mpreserves providerId from originating provider
[22m[39m[RetrievalOrchestrator] Selected providers for category "all" (request.providerIds=undefined): [ [32m'local'[39m ]

[90mstdout[2m | tests/HybridRetrieval.test.ts[2m > [22m[2mHybrid Retrieval[2m > [22m[2mcitation and provenance metadata preservation[2m > [22m[2mpreserves providerId from originating provider
[22m[39m[RetrievalOrchestrator] retrieve completed in 0ms with 1 results.

[90mstdout[2m | tests/HybridRetrieval.test.ts[2m > [22m[2mHybrid Retrieval[2m > [22m[2mkeyword and semantic modes are unaffected[2m > [22m[2mkeyword mode does not apply hybrid fusion scoring
[22m[39m[RetrievalOrchestrator] retrieve starting for query: "q" (mode: keyword)

[90mstdout[2m | tests/HybridRetrieval.test.ts[2m > [22m[2mHybrid Retrieval[2m > [22m[2mkeyword and semantic modes are unaffected[2m > [22m[2mkeyword mode does not apply hybrid fusion scoring
[22m[39m[RetrievalOrchestrator] Selected providers for category "all" (request.providerIds=undefined): [ [32m'local'[39m ]

[90mstdout[2m | electron/__tests__/reflection/ReflectionPipeline.test.ts[2m > [22m[2mReflectionPipeline End-to-End[2m > [22m[2msubmitting goal creates queue item and increments queue depth
[22m[39m[SettingsManager] loadSettings activeMode=assistant source=disk
[ReflectionService] Ecosystem Initialized. Enabled: true

[90mstdout[2m | tests/HybridRetrieval.test.ts[2m > [22m[2mHybrid Retrieval[2m > [22m[2mkeyword and semantic modes are unaffected[2m > [22m[2mkeyword mode does not apply hybrid fusion scoring
[22m[39m[RetrievalOrchestrator] retrieve completed in 0ms with 2 results.

[90mstdout[2m | tests/HybridRetrieval.test.ts[2m > [22m[2mHybrid Retrieval[2m > [22m[2mkeyword and semantic modes are unaffected[2m > [22m[2msemantic mode does not apply hybrid fusion scoring
[22m[39m[RetrievalOrchestrator] retrieve starting for query: "q" (mode: semantic)

[90mstdout[2m | electron/__tests__/reflection/ReflectionPipeline.test.ts[2m > [22m[2mReflectionPipeline End-to-End[2m > [22m[2mprocess next goal locks and runs queued item, writing journal entry
[22m[39m[ReflectionService] Ecosystem Initialized. Enabled: true

[90mstdout[2m | tests/HybridRetrieval.test.ts[2m > [22m[2mHybrid Retrieval[2m > [22m[2mkeyword and semantic modes are unaffected[2m > [22m[2msemantic mode does not apply hybrid fusion scoring
[22m[39m[RetrievalOrchestrator] Selected providers for category "all" (request.providerIds=undefined): [ [32m'semantic'[39m ]

[90mstdout[2m | electron/__tests__/reflection/ReflectionPipeline.test.ts[2m > [22m[2mReflectionPipeline End-to-End[2m > [22m[2mprocess next goal locks and runs queued item, writing journal entry
[22m[39m[ReflectionScheduler] Pipeline Phase Transition -> queueing

[90mstdout[2m | tests/HybridRetrieval.test.ts[2m > [22m[2mHybrid Retrieval[2m > [22m[2mkeyword and semantic modes are unaffected[2m > [22m[2msemantic mode does not apply hybrid fusion scoring
[22m[39m[RetrievalOrchestrator] retrieve completed in 1ms with 1 results.

[90mstdout[2m | electron/__tests__/reflection/ReflectionPipeline.test.ts[2m > [22m[2mReflectionPipeline End-to-End[2m > [22m[2mprocess next goal locks and runs queued item, writing journal entry
[22m[39m[ReflectionScheduler] Pipeline Phase Transition -> observing

[90mstdout[2m | tests/HybridRetrieval.test.ts[2m > [22m[2mHybrid Retrieval[2m > [22m[2mkeyword and semantic modes are unaffected[2m > [22m[2mkeyword mode deduplication uses first-occurrence-wins (not URI-based)
[22m[39m[RetrievalOrchestrator] retrieve starting for query: "q" (mode: keyword)

[90mstdout[2m | tests/RetrievalOrchestrator.test.ts
[22m[39m[AuditLogger] Initialized at: \tmp\tala-test\logs\audit-log.jsonl

[90mstdout[2m | electron/__tests__/reflection/ReflectionPipeline.test.ts[2m > [22m[2mReflectionPipeline End-to-End[2m > [22m[2mprocess next goal locks and runs queued item, writing journal entry
[22m[39m[ReflectionScheduler] Pipeline Phase Transition -> reflecting

[90mstdout[2m | tests/HybridRetrieval.test.ts[2m > [22m[2mHybrid Retrieval[2m > [22m[2mkeyword and semantic modes are unaffected[2m > [22m[2mkeyword mode deduplication uses first-occurrence-wins (not URI-based)
[22m[39m[RetrievalOrchestrator] Selected providers for category "all" (request.providerIds=undefined): [ [32m'p1'[39m, [32m'p2'[39m ]

[90mstdout[2m | electron/__tests__/reflection/ReflectionPipeline.test.ts[2m > [22m[2mReflectionPipeline End-to-End[2m > [22m[2mprocess next goal locks and runs queued item, writing journal entry
[22m[39m[ReflectionService] Goal goal_1774318100846_fka5q analysis hypothesis: This is a test hypothesis

[90mstdout[2m | tests/HybridRetrieval.test.ts[2m > [22m[2mHybrid Retrieval[2m > [22m[2mkeyword and semantic modes are unaffected[2m > [22m[2mkeyword mode deduplication uses first-occurrence-wins (not URI-based)
[22m[39m[RetrievalOrchestrator] retrieve completed in 0ms with 1 results.

[90mstdout[2m | electron/__tests__/reflection/ReflectionPipeline.test.ts[2m > [22m[2mReflectionPipeline End-to-End[2m > [22m[2mprocess next goal locks and runs queued item, writing journal entry
[22m[39m[ReflectionScheduler] Pipeline Phase Transition -> journaling

[90mstdout[2m | tests/HybridRetrieval.test.ts[2m > [22m[2mHybrid Retrieval[2m > [22m[2medge cases[2m > [22m[2mhandles provider failure gracefully in hybrid mode
[22m[39m[RetrievalOrchestrator] retrieve starting for query: "q" (mode: hybrid)

[90mstdout[2m | electron/__tests__/reflection/ReflectionPipeline.test.ts[2m > [22m[2mReflectionPipeline End-to-End[2m > [22m[2mprocess next goal locks and runs queued item, writing journal entry
[22m[39m[ReflectionScheduler] Pipeline Phase Transition -> completed

[90mstdout[2m | tests/HybridRetrieval.test.ts[2m > [22m[2mHybrid Retrieval[2m > [22m[2medge cases[2m > [22m[2mhandles provider failure gracefully in hybrid mode
[22m[39m[RetrievalOrchestrator] Selected providers for category "all" (request.providerIds=undefined): [ [32m'local'[39m, [32m'semantic'[39m ]

[90mstdout[2m | electron/__tests__/reflection/ReflectionPipeline.test.ts[2m > [22m[2mReflectionPipeline End-to-End[2m > [22m[2mmanual processing does not instantly return success without work if no anomalies
[22m[39m[ReflectionService] Ecosystem Initialized. Enabled: true

[90mstdout[2m | tests/HybridRetrieval.test.ts[2m > [22m[2mHybrid Retrieval[2m > [22m[2medge cases[2m > [22m[2mhandles provider failure gracefully in hybrid mode
[22m[39m[RetrievalOrchestrator] retrieve completed in 0ms with 1 results.

[90mstdout[2m | electron/__tests__/reflection/ReflectionPipeline.test.ts[2m > [22m[2mReflectionPipeline End-to-End[2m > [22m[2mmanual processing does not instantly return success without work if no anomalies
[22m[39m[ReflectionService] ΓöÇΓöÇ Manual Reflection Triggered ΓöÇΓöÇ
[ReflectionScheduler] Pipeline Phase Transition -> observing

[90mstdout[2m | tests/HybridRetrieval.test.ts[2m > [22m[2mHybrid Retrieval[2m > [22m[2medge cases[2m > [22m[2mreturns empty results when hybrid mode has no providers registered
[22m[39m[RetrievalOrchestrator] retrieve starting for query: "q" (mode: hybrid)

[90mstdout[2m | electron/__tests__/reflection/ReflectionPipeline.test.ts[2m > [22m[2mReflectionPipeline End-to-End[2m > [22m[2mmanual processing does not instantly return success without work if no anomalies
[22m[39m[ReflectionScheduler] Pipeline Phase Transition -> completed

[90mstdout[2m | tests/HybridRetrieval.test.ts[2m > [22m[2mHybrid Retrieval[2m > [22m[2medge cases[2m > [22m[2mreturns empty results when hybrid mode has no providers registered
[22m[39m[RetrievalOrchestrator] Selected providers for category "all" (request.providerIds=undefined): []

[90mstdout[2m | electron/__tests__/reflection/ReflectionPipeline.test.ts[2m > [22m[2mReflectionPipeline End-to-End[2m > [22m[2mgoal execution creates reflection issue and transitions states
[22m[39m[ReflectionService] Ecosystem Initialized. Enabled: true

[90mstderr[2m | tests
/HybridRetrieval.test.t
s[2m > 
[22m[2mHybrid 
Retrieval[2m > 
[22m[2medge 
cases[2m > 
[22m[2mreturns empty 
results when hybrid 
mode has no providers 
registered
[22m[39m[RetrievalOrc
hestrator] No 
providers selected for 
category="all" 
mode="hybrid". Check 
provider registration.

[90mstdout[2m | electron/__tests__/reflection/ReflectionPipeline.test.ts[2m > [22m[2mReflectionPipeline End-to-End[2m > [22m[2mgoal execution creates reflection issue and transitions states
[22m[39m[ReflectionScheduler] Pipeline Phase Transition -> queueing

[90mstdout[2m | tests/HybridRetrieval.test.ts[2m > [22m[2mHybrid Retrieval[2m > [22m[2medge cases[2m > [22m[2mreturns empty results when hybrid mode has no providers registered
[22m[39m[RetrievalOrchestrator] retrieve completed in 0ms with 0 results.

[90mstdout[2m | electron/__tests__/reflection/ReflectionPipeline.test.ts[2m > [22m[2mReflectionPipeline End-to-End[2m > [22m[2mgoal execution creates reflection issue and transitions states
[22m[39m[ReflectionScheduler] Pipeline Phase Transition -> observing

[90mstdout[2m | tests/HybridRetrieval.test.ts[2m > [22m[2mHybrid Retrieval[2m > [22m[2medge cases[2m > [22m[2mhandles hybrid mode with null-score semantic result gracefully
[22m[39m[RetrievalOrchestrator] retrieve starting for query: "q" (mode: hybrid)

[90mstdout[2m | electron/__tests__/reflection/ReflectionPipeline.test.ts[2m > [22m[2mReflectionPipeline End-to-End[2m > [22m[2mgoal execution creates reflection issue and transitions states
[22m[39m[ReflectionScheduler] Pipeline Phase Transition -> reflecting

[90mstdout[2m | tests/HybridRetrieval.test.ts[2m > [22m[2mHybrid Retrieval[2m > [22m[2medge cases[2m > [22m[2mhandles hybrid mode with null-score semantic result gracefully
[22m[39m[RetrievalOrchestrator] Selected providers for category "all" (request.providerIds=undefined): [ [32m'semantic'[39m ]

[90mstdout[2m | electron/__tests__/reflection/ReflectionPipeline.test.ts[2m > [22m[2mReflectionPipeline End-to-End[2m > [22m[2mgoal execution creates reflection issue and transitions states
[22m[39m[ReflectionService] Goal goal_1774318100892_4cqy6 analysis hypothesis: This is a test hypothesis

[90mstdout[2m | tests/HybridRetrieval.test.ts[2m > [22m[2mHybrid Retrieval[2m > [22m[2medge cases[2m > [22m[2mhandles hybrid mode with null-score semantic result gracefully
[22m[39m[RetrievalOrchestrator] retrieve completed in 0ms with 1 results.

[90mstdout[2m | electron/__tests__/reflection/ReflectionPipeline.test.ts[2m > [22m[2mReflectionPipeline End-to-End[2m > [22m[2mgoal execution creates reflection issue and transitions states
[22m[39m[ReflectionScheduler] Pipeline Phase Transition -> journaling

[90mstdout[2m | electron/__tests__/reflection/ReflectionPipeline.test.ts[2m > [22m[2mReflectionPipeline End-to-End[2m > [22m[2mgoal execution creates reflection issue and transitions states
[22m[39m[ReflectionScheduler] Pipeline Phase Transition -> completed

 [32mΓ£ô[39m tests/HybridRetrieval.test.ts [2m([22m[2m33 tests[22m[2m)[22m[32m 42[2mms[22m[39m
 [32mΓ£ô[39m electron/__tests__/reflection/ReflectionPipeline.test.ts [2m([22m[2m4 tests[22m[2m)[22m[32m 109[2mms[22m[39m
[90mstdout[2m | tests/RetrievalOrchestrator.test.ts[2m > [22m[2mRetrievalOrchestrator[2m > [22m[2mglobal scope[2m > [22m[2mreturns a global scope with empty boundaries
[22m[39m[RetrievalOrchestrator] retrieve starting for query: "coffee" (mode: keyword)

[90mstderr[2m | tests
/RetrievalOrchestrator.
test.ts[2m > [22m[2m
RetrievalOrchestrator[
2m > [22m[2mglobal 
scope[2m > 
[22m[2mreturns a 
global scope with 
empty boundaries
[22m[39m[RetrievalOrc
hestrator] No 
providers selected for 
category="all" 
mode="keyword". Check 
provider registration.

[90mstdout[2m | tests/RetrievalOrchestrator.test.ts[2m > [22m[2mRetrievalOrchestrator[2m > [22m[2mglobal scope[2m > [22m[2mreturns a global scope with empty boundaries
[22m[39m[RetrievalOrchestrator] Selected providers for category "all" (request.providerIds=undefined): []

[90mstdout[2m | tests/RetrievalOrchestrator.test.ts[2m > [22m[2mRetrievalOrchestrator[2m > [22m[2mglobal scope[2m > [22m[2mreturns a global scope with empty boundaries
[22m[39m[RetrievalOrchestrator] retrieve completed in 1ms with 0 results.

[90mstdout[2m | tests/RetrievalOrchestrator.test.ts[2m > [22m[2mRetrievalOrchestrator[2m > [22m[2mglobal scope[2m > [22m[2mreturns empty results when no providers are registered
[22m[39m[RetrievalOrchestrator] retrieve starting for query: "hello" (mode: keyword)

[90mstdout[2m | tests/RetrievalOrchestrator.test.ts[2m > [22m[2mRetrievalOrchestrator[2m > [22m[2mglobal scope[2m > [22m[2mreturns empty results when no providers are registered
[22m[39m[RetrievalOrchestrator] Selected providers for category "all" (request.providerIds=undefined): []

[90mstdout[2m | tests/RetrievalOrchestrator.test.ts[2m > [22m[2mRetrievalOrchestrator[2m > [22m[2mglobal scope[2m > [22m[2mreturns empty results when no providers are registered
[22m[39m[RetrievalOrchestrator] retrieve completed in 0ms with 0 results.

[90mstdout[2m | tests/RetrievalOrchestrator.test.ts[2m > [22m[2mRetrievalOrchestrator[2m > [22m[2mnotebook scope[2m > [22m[2mresolves notebook scope from ResearchRepository
[22m[39m[RetrievalOrchestrator] retrieve starting for query: "test" (mode: keyword)

[90mstdout[2m | tests/RetrievalOrchestrator.test.ts[2m > [22m[2mRetrievalOrchestrator[2m > [22m[2mnotebook scope[2m > [22m[2mresolves notebook scope from ResearchRepository
[22m[39m[RetrievalOrchestrator] Selected providers for category "all" (request.providerIds=undefined): []

[90mstdout[2m | tests/RetrievalOrchestrator.test.ts[2m > [22m[2mRetrievalOrchestrator[2m > [22m[2mnotebook scope[2m > [22m[2mresolves notebook scope from ResearchRepository
[22m[39m[RetrievalOrchestrator] retrieve completed in 0ms with 0 results.

[90mstdout[2m | tests/RetrievalOrchestrator.test.ts[2m > [22m[2mRetrievalOrchestrator[2m > [22m[2mnotebook scope[2m > [22m[2mfalls back to global scope when notebookId is missing
[22m[39m[RetrievalOrchestrator] retrieve starting for query: "test" (mode: keyword)

[90mstdout[2m | tests/RetrievalOrchestrator.test.ts[2m > [22m[2mRetrievalOrchestrator[2m > [22m[2mnotebook scope[2m > [22m[2mfalls back to global scope when notebookId is missing
[22m[39m[RetrievalOrchestrator] Selected providers for category "all" (request.providerIds=undefined): []

[90mstdout[2m | tests/RetrievalOrchestrator.test.ts[2m > [22m[2mRetrievalOrchestrator[2m > [22m[2mnotebook scope[2m > [22m[2mfalls back to global scope when notebookId is missing
[22m[39m[RetrievalOrchestrator] retrieve completed in 1ms with 0 results.

[90mstdout[2m | tests/RetrievalOrchestrator.test.ts[2m > [22m[2mRetrievalOrchestrator[2m > [22m[2mnotebook scope[2m > [22m[2mfalls back to global scope when no ResearchRepository is configured
[22m[39m[RetrievalOrchestrator] retrieve starting for query: "test" (mode: keyword)

[90mstdout[2m | tests/RetrievalOrchestrator.test.ts[2m > [22m[2mRetrievalOrchestrator[2m > [22m[2mnotebook scope[2m > [22m[2mfalls back to global scope when no ResearchRepository is configured
[22m[39m[RetrievalOrchestrator] Selected providers for category "all" (request.providerIds=undefined): []

[90mstdout[2m | tests/RetrievalOrchestrator.test.ts[2m > [22m[2mRetrievalOrchestrator[2m > [22m[2mnotebook scope[2m > [22m[2mfalls back to global scope when no ResearchRepository is configured
[22m[39m[RetrievalOrchestrator] retrieve completed in 0ms with 0 results.

[90mstdout[2m | tests/RetrievalOrchestrator.test.ts[2m > [22m[2mRetrievalOrchestrator[2m > [22m[2mnotebook scope[2m > [22m[2mfalls back to global scope and emits warning when ResearchRepository throws
[22m[39m[RetrievalOrchestrator] retrieve starting for query: "test" (mode: keyword)

[90mstdout[2m | tests/RetrievalOrchestrator.test.ts[2m > [22m[2mRetrievalOrchestrator[2m > [22m[2mnotebook scope[2m > [22m[2mfalls back to global scope and emits warning when ResearchRepository throws
[22m[39m[RetrievalOrchestrator] Selected providers for category "all" (request.providerIds=undefined): []

[90mstdout[2m | tests/RetrievalOrchestrator.test.ts[2m > [22m[2mRetrievalOrchestrator[2m > [22m[2mnotebook scope[2m > [22m[2mfalls back to global scope and emits warning when ResearchRepository throws
[22m[39m[RetrievalOrchestrator] retrieve completed in 0ms with 0 results.

[90mstdout[2m | tests/RetrievalOrchestrator.test.ts[2m > [22m[2mRetrievalOrchestrator[2m > [22m[2mexplicit_sources scope[2m > [22m[2mresolves to the provided URIs
[22m[39m[RetrievalOrchestrator] retrieve starting for query: "search" (mode: keyword)

[90mstdout[2m | tests/RetrievalOrchestrator.test.ts[2m > [22m[2mRetrievalOrchestrator[2m > [22m[2mexplicit_sources scope[2m > [22m[2mresolves to the provided URIs
[22m[39m[RetrievalOrchestrator] Selected providers for category "all" (request.providerIds=undefined): []

[90mstdout[2m | tests/RetrievalOrchestrator.test.ts[2m > [22m[2mRetrievalOrchestrator[2m > [22m[2mexplicit_sources scope[2m > [22m[2mresolves to the provided URIs
[22m[39m[RetrievalOrchestrator] retrieve completed in 0ms with 0 results.

[90mstdout[2m | tests/RetrievalOrchestrator.test.ts[2m > [22m[2mRetrievalOrchestrator[2m > [22m[2mexplicit_sources scope[2m > [22m[2mtreats undefined explicitSources as empty array
[22m[39m[RetrievalOrchestrator] retrieve starting for query: "search" (mode: keyword)

[90mstdout[2m | tests/RetrievalOrchestrator.test.ts[2m > [22m[2mRetrievalOrchestrator[2m > [22m[2mexplicit_sources scope[2m > [22m[2mtreats undefined explicitSources as empty array
[22m[39m[RetrievalOrchestrator] Selected providers for category "all" (request.providerIds=undefined): []

[90mstdout[2m | tests/RetrievalOrchestrator.test.ts[2m > [22m[2mRetrievalOrchestrator[2m > [22m[2mexplicit_sources scope[2m > [22m[2mtreats undefined explicitSources as empty array
[22m[39m[RetrievalOrchestrator] retrieve completed in 0ms with 0 results.

[90mstdout[2m | tests/RetrievalOrchestrator.test.ts[2m > [22m[2mRetrievalOrchestrator[2m > [22m[2mprovider selection by mode[2m > [22m[2mcalls only providers whose supportedModes include the request mode
[22m[39m[RetrievalOrchestrator] retrieve starting for query: "q" (mode: keyword)

[90mstdout[2m | tests/RetrievalOrchestrator.test.ts[2m > [22m[2mRetrievalOrchestrator[2m > [22m[2mprovider selection by mode[2m > [22m[2mcalls only providers whose supportedModes include the request mode
[22m[39m[RetrievalOrchestrator] Selected providers for category "all" (request.providerIds=undefined): [ [32m'kw'[39m ]

[90mstdout[2m | tests/RetrievalOrchestrator.test.ts[2m > [22m[2mRetrievalOrchestrator[2m > [22m[2mprovider selection by mode[2m > [22m[2mcalls only providers whose supportedModes include the request mode
[22m[39m[RetrievalOrchestrator] retrieve completed in 1ms with 0 results.

[90mstdout[2m | tests/RetrievalOrchestrator.test.ts[2m > [22m[2mRetrievalOrchestrator[2m > [22m[2mprovider selection by mode[2m > [22m[2mcalls both providers for hybrid mode when both support it
[22m[39m[RetrievalOrchestrator] retrieve starting for query: "q" (mode: hybrid)

[90mstdout[2m | tests/RetrievalOrchestrator.test.ts[2m > [22m[2mRetrievalOrchestrator[2m > [22m[2mprovider selection by mode[2m > [22m[2mcalls both providers for hybrid mode when both support it
[22m[39m[RetrievalOrchestrator] Selected providers for category "all" (request.providerIds=undefined): [ [32m'kw'[39m, [32m'sem'[39m ]

[90mstdout[2m | tests/RetrievalOrchestrator.test.ts[2m > [22m[2mRetrievalOrchestrator[2m > [22m[2mprovider selection by mode[2m > [22m[2mcalls both providers for hybrid mode when both support it
[22m[39m[RetrievalOrchestrator] retrieve completed in 0ms with 0 results.

[90mstderr[2m | tests
/RetrievalOrchestrator.
test.ts[2m > [22m[2m
RetrievalOrchestrator[
2m > [22m[2mglobal 
scope[2m > 
[22m[2mreturns empty 
results when no 
providers are 
registered
[22m[39m[RetrievalOrc
hestrator] No 
providers selected for 
category="all" 
mode="keyword". Check 
provider registration.

[90mstderr[2m | tests
/RetrievalOrchestrator.
test.ts[2m > [22m[2m
RetrievalOrchestrator[
2m > [22m[2mnotebook 
scope[2m > 
[22m[2mresolves 
notebook scope from 
ResearchRepository
[22m[39m[RetrievalOrc
hestrator] No 
providers selected for 
category="all" 
mode="keyword". Check 
provider registration.

[90mstderr[2m | tests
/RetrievalOrchestrator.
test.ts[2m > [22m[2m
RetrievalOrchestrator[
2m > [22m[2mnotebook 
scope[2m > 
[22m[2mfalls back to 
global scope when 
notebookId is missing
[22m[39m[RetrievalOrc
hestrator] No 
providers selected for 
category="all" 
mode="keyword". Check 
provider registration.

[90mstderr[2m | tests
/RetrievalOrchestrator.
test.ts[2m > [22m[2m
RetrievalOrchestrator[
2m > [22m[2mnotebook 
scope[2m > 
[22m[2mfalls back to 
global scope when no 
ResearchRepository is 
configured
[22m[39m[RetrievalOrc
hestrator] No 
providers selected for 
category="all" 
mode="keyword". Check 
provider registration.

[90mstderr[2m | tests
/RetrievalOrchestrator.
test.ts[2m > [22m[2m
RetrievalOrchestrator[
2m > [22m[2mnotebook 
scope[2m > 
[22m[2mfalls back to 
global scope and emits 
warning when 
ResearchRepository 
throws
[22m[39m[RetrievalOrc
hestrator] No 
providers selected for 
category="all" 
mode="keyword". Check 
provider registration.

[90mstderr[2m | tests
/RetrievalOrchestrator.
test.ts[2m > [22m[2m
RetrievalOrchestrator[
2m > [22m[2mexplicit_
sources scope[2m > 
[22m[2mresolves to 
the provided URIs
[22m[39m[RetrievalOrc
hestrator] No 
providers selected for 
category="all" 
mode="keyword". Check 
provider registration.

[90mstderr[2m | tests
/RetrievalOrchestrator.
test.ts[2m > [22m[2m
RetrievalOrchestrator[
2m > [22m[2mexplicit_
sources scope[2m > 
[22m[2mtreats 
undefined 
explicitSources as 
empty array
[22m[39m[RetrievalOrc
hestrator] No 
providers selected for 
category="all" 
mode="keyword". Check 
provider registration.

[90mstdout[2m | tests/RetrievalOrchestrator.test.ts[2m > [22m[2mRetrievalOrchestrator[2m > [22m[2mprovider selection by mode[2m > [22m[2mrestricts to providerIds when specified
[22m[39m[RetrievalOrchestrator] retrieve starting for query: "q" (mode: keyword)

[90mstdout[2m | tests/RetrievalOrchestrator.test.ts[2m > [22m[2mRetrievalOrchestrator[2m > [22m[2mprovider selection by mode[2m > [22m[2mrestricts to providerIds when specified
[22m[39m[RetrievalOrchestrator] Selected providers for category "all" (request.providerIds=["kw"]): [ [32m'kw'[39m ]

[90mstdout[2m | tests/RetrievalOrchestrator.test.ts[2m > [22m[2mRetrievalOrchestrator[2m > [22m[2mprovider selection by mode[2m > [22m[2mrestricts to providerIds when specified
[22m[39m[RetrievalOrchestrator] retrieve completed in 0ms with 0 results.

[90mstdout[2m | tests/RetrievalOrchestrator.test.ts[2m > [22m[2mRetrievalOrchestrator[2m > [22m[2mprovider selection by mode[2m > [22m[2mskips providers not supporting the requested mode even if in providerIds
[22m[39m[RetrievalOrchestrator] retrieve starting for query: "q" (mode: keyword)

[90mstdout[2m | tests/RetrievalOrchestrator.test.ts[2m > [22m[2mRetrievalOrchestrator[2m > [22m[2mprovider selection by mode[2m > [22m[2mskips providers not supporting the requested mode even if in providerIds
[22m[39m[RetrievalOrchestrator] No compatible providers found for requested IDs. Falling back to category "all" defaults.
[RetrievalOrchestrator] Selected providers for category "all" (request.providerIds=["sem"]): []

[90mstderr[2m | tests
/RetrievalOrchestrator.
test.ts[2m > [22m[2m
RetrievalOrchestrator[
2m > [22m[2mprovider 
selection by mode[2m 
> [22m[2mskips 
providers not 
supporting the 
requested mode even if 
in providerIds
[22m[39m[RetrievalOrc
hestrator] No 
providers selected for 
category="all" 
mode="keyword". Check 
provider registration.

[90mstdout[2m | tests/RetrievalOrchestrator.test.ts[2m > [22m[2mRetrievalOrchestrator[2m > [22m[2mprovider selection by mode[2m > [22m[2mskips providers not supporting the requested mode even if in providerIds
[22m[39m[RetrievalOrchestrator] retrieve completed in 1ms with 0 results.

[90mstdout[2m | tests/RetrievalOrchestrator.test.ts[2m > [22m[2mRetrievalOrchestrator[2m > [22m[2mresult merging ΓÇö deduplication, sort, topK[2m > [22m[2mmerges results from multiple providers into a flat array
[22m[39m[RetrievalOrchestrator] retrieve starting for query: "q" (mode: keyword)

[90mstdout[2m | tests/RetrievalOrchestrator.test.ts[2m > [22m[2mRetrievalOrchestrator[2m > [22m[2mresult merging ΓÇö deduplication, sort, topK[2m > [22m[2mmerges results from multiple providers into a flat array
[22m[39m[RetrievalOrchestrator] Selected providers for category "all" (request.providerIds=undefined): [ [32m'p1'[39m, [32m'p2'[39m ]

[90mstdout[2m | tests/RetrievalOrchestrator.test.ts[2m > [22m[2mRetrievalOrchestrator[2m > [22m[2mresult merging ΓÇö deduplication, sort, topK[2m > [22m[2mmerges results from multiple providers into a flat array
[22m[39m[RetrievalOrchestrator] retrieve completed in 1ms with 2 results.

[90mstdout[2m | tests/RetrievalOrchestrator.test.ts[2m > [22m[2mRetrievalOrchestrator[2m > [22m[2mresult merging ΓÇö deduplication, sort, topK[2m > [22m[2mdeduplicates results with the same itemKey (first occurrence wins)
[22m[39m[RetrievalOrchestrator] retrieve starting for query: "q" (mode: keyword)

[90mstdout[2m | tests/BrowserTaskMode.test.ts[2m > [22m[2mFeature A ΓÇô Browser intent classification[2m > [22m[2mclassifies "open google.com in the workspace browser" as browser intent
[22m[39m[IntentClassifier] intent=browser confidence=0.95

[90mstdout[2m | tests/RetrievalOrchestrator.test.ts[2m > [22m[2mRetrievalOrchestrator[2m > [22m[2mresult merging ΓÇö deduplication, sort, topK[2m > [22m[2mdeduplicates results with the same itemKey (first occurrence wins)
[22m[39m[RetrievalOrchestrator] Selected providers for category "all" (request.providerIds=undefined): [ [32m'p1'[39m, [32m'p2'[39m ]

[90mstdout[2m | tests/RetrievalOrchestrator.test.ts[2m > [22m[2mRetrievalOrchestrator[2m > [22m[2mresult merging ΓÇö deduplication, sort, topK[2m > [22m[2mdeduplicates results with the same itemKey (first occurrence wins)
[22m[39m[RetrievalOrchestrator] retrieve completed in 0ms with 1 results.

[90mstdout[2m | tests/RetrievalOrchestrator.test.ts[2m > [22m[2mRetrievalOrchestrator[2m > [22m[2mresult merging ΓÇö deduplication, sort, topK[2m > [22m[2msorts merged results by score descending
[22m[39m[RetrievalOrchestrator] retrieve starting for query: "q" (mode: keyword)

[90mstdout[2m | tests/RetrievalOrchestrator.test.ts[2m > [22m[2mRetrievalOrchestrator[2m > [22m[2mresult merging ΓÇö deduplication, sort, topK[2m > [22m[2msorts merged results by score descending
[22m[39m[RetrievalOrchestrator] Selected providers for category "all" (request.providerIds=undefined): [ [32m'p1'[39m ]

[90mstdout[2m | tests/RetrievalOrchestrator.test.ts[2m > [22m[2mRetrievalOrchestrator[2m > [22m[2mresult merging ΓÇö deduplication, sort, topK[2m > [22m[2msorts merged results by score descending
[22m[39m[RetrievalOrchestrator] retrieve completed in 0ms with 3 results.

[90mstdout[2m | tests/RetrievalOrchestrator.test.ts[2m > [22m[2mRetrievalOrchestrator[2m > [22m[2mresult merging ΓÇö deduplication, sort, topK[2m > [22m[2mplaces null-score results after scored results
[22m[39m[RetrievalOrchestrator] retrieve starting for query: "q" (mode: keyword)

[90mstdout[2m | tests/RetrievalOrchestrator.test.ts[2m > [22m[2mRetrievalOrchestrator[2m > [22m[2mresult merging ΓÇö deduplication, sort, topK[2m > [22m[2mplaces null-score results after scored results
[22m[39m[RetrievalOrchestrator] Selected providers for category "all" (request.providerIds=undefined): [ [32m'p1'[39m ]

[90mstdout[2m | tests/RetrievalOrchestrator.test.ts[2m > [22m[2mRetrievalOrchestrator[2m > [22m[2mresult merging ΓÇö deduplication, sort, topK[2m > [22m[2mplaces null-score results after scored results
[22m[39m[RetrievalOrchestrator] retrieve completed in 0ms with 2 results.

[90mstdout[2m | tests/RetrievalOrchestrator.test.ts[2m > [22m[2mRetrievalOrchestrator[2m > [22m[2mresult merging ΓÇö deduplication, sort, topK[2m > [22m[2mcaps results at topK
[22m[39m[RetrievalOrchestrator] retrieve starting for query: "q" (mode: keyword)

[90mstdout[2m | tests/RetrievalOrchestrator.test.ts[2m > [22m[2mRetrievalOrchestrator[2m > [22m[2mresult merging ΓÇö deduplication, sort, topK[2m > [22m[2mcaps results at topK
[22m[39m[RetrievalOrchestrator] Selected providers for category "all" (request.providerIds=undefined): [ [32m'p1'[39m ]

[90mstdout[2m | tests/RetrievalOrchestrator.test.ts[2m > [22m[2mRetrievalOrchestrator[2m > [22m[2mresult merging ΓÇö deduplication, sort, topK[2m > [22m[2mcaps results at topK
[22m[39m[RetrievalOrchestrator] retrieve completed in 1ms with 2 results.

[90mstdout[2m | tests/RetrievalOrchestrator.test.ts[2m > [22m[2mRetrievalOrchestrator[2m > [22m[2mprovider error handling[2m > [22m[2mcaptures provider throw as a non-fatal warning and returns empty results for that provider
[22m[39m[RetrievalOrchestrator] retrieve starting for query: "q" (mode: keyword)

[90mstdout[2m | tests/RetrievalOrchestrator.test.ts[2m > [22m[2mRetrievalOrchestrator[2m > [22m[2mprovider error handling[2m > [22m[2mcaptures provider throw as a non-fatal warning and returns empty results for that provider
[22m[39m[RetrievalOrchestrator] Selected providers for category "all" (request.providerIds=undefined): [ [32m'bad'[39m, [32m'good'[39m ]

[90mstdout[2m | tests/RetrievalOrchestrator.test.ts[2m > [22m[2mRetrievalOrchestrator[2m > [22m[2mprovider error handling[2m > [22m[2mcaptures provider throw as a non-fatal warning and returns empty results for that provider
[22m[39m[RetrievalOrchestrator] retrieve completed in 0ms with 1 results.

[90mstdout[2m | tests/RetrievalOrchestrator.test.ts[2m > [22m[2mRetrievalOrchestrator[2m > [22m[2mprovider error handling[2m > [22m[2mreturns no warnings when all providers succeed
[22m[39m[RetrievalOrchestrator] retrieve starting for query: "q" (mode: keyword)

[90mstdout[2m | tests/BrowserTaskMode.test.ts[2m > [22m[2mFeature A ΓÇô Browser intent classification[2m > [22m[2mclassifies "navigate to https://wikipedia.org" as browser intent
[22m[39m[IntentClassifier] intent=browser confidence=0.95

[90mstdout[2m | tests/RetrievalOrchestrator.test.ts[2m > [22m[2mRetrievalOrchestrator[2m > [22m[2mprovider error handling[2m > [22m[2mreturns no warnings when all providers succeed
[22m[39m[RetrievalOrchestrator] Selected providers for category "all" (request.providerIds=undefined): [ [32m'p1'[39m ]

[90mstdout[2m | tests/BrowserTaskMode.test.ts[2m > [22m[2mFeature A ΓÇô Browser intent classification[2m > [22m[2mclassifies "browse to https://example.com" as browser intent
[22m[39m[IntentClassifier] intent=browser confidence=0.95

[90mstdout[2m | tests/RetrievalOrchestrator.test.ts[2m > [22m[2mRetrievalOrchestrator[2m > [22m[2mprovider error handling[2m > [22m[2mreturns no warnings when all providers succeed
[22m[39m[RetrievalOrchestrator] retrieve completed in 0ms with 1 results.

[90mstdout[2m | tests/BrowserTaskMode.test.ts[2m > [22m[2mFeature A ΓÇô Browser intent classification[2m > [22m[2mclassifies "search for Star Citizen on google.com" as browser intent
[22m[39m[IntentClassifier] intent=browser confidence=0.95

[90mstdout[2m | tests/RetrievalOrchestrator.test.ts[2m > [22m[2mRetrievalOrchestrator[2m > [22m[2mresponse metadata[2m > [22m[2mechoes query and mode from the request
[22m[39m[RetrievalOrchestrator] retrieve starting for query: "my query" (mode: semantic)

[90mstdout[2m | tests/BrowserTaskMode.test.ts[2m > [22m[2mFeature A ΓÇô Browser intent classification[2m > [22m[2mclassifies "go to wikipedia.org and search for Star Citizen" as browser intent
[22m[39m[IntentClassifier] intent=browser confidence=0.95

[90mstdout[2m | tests/BrowserTaskMode.test.ts[2m > [22m[2mFeature A ΓÇô Browser intent classification[2m > [22m[2mclassifies "click the 5th result" as browser intent
[22m[39m[IntentClassifier] intent=browser confidence=0.95

[90mstdout[2m | tests/RetrievalOrchestrator.test.ts[2m > [22m[2mRetrievalOrchestrator[2m > [22m[2mresponse metadata[2m > [22m[2mechoes query and mode from the request
[22m[39m[RetrievalOrchestrator] Selected providers for category "all" (request.providerIds=undefined): []

[90mstdout[2m | tests/BrowserTaskMode.test.ts[2m > [22m[2mFeature A ΓÇô Browser intent classification[2m > [22m[2mclassifies "fill in the search box" as browser intent
[22m[39m[IntentClassifier] intent=browser confidence=0.95

[90mstdout[2m | tests/RetrievalOrchestrator.test.ts[2m > [22m[2mRetrievalOrchestrator[2m > [22m[2mresponse metadata[2m > [22m[2mechoes query and mode from the request
[22m[39m[RetrievalOrchestrator] retrieve completed in 8ms with 0 results.

[90mstdout[2m | tests/BrowserTaskMode.test.ts[2m > [22m[2mFeature A ΓÇô Browser intent classification[2m > [22m[2mclassifies "scroll the page down" as browser intent
[22m[39m[IntentClassifier] intent=browser confidence=0.95

[90mstdout[2m | tests/RetrievalOrchestrator.test.ts[2m > [22m[2mRetrievalOrchestrator[2m > [22m[2mresponse metadata[2m > [22m[2mreports durationMs as a non-negative number
[22m[39m[RetrievalOrchestrator] retrieve starting for query: "q" (mode: keyword)

[90mstdout[2m | tests/BrowserTaskMode.test.ts[2m > [22m[2mFeature A ΓÇô Browser intent classification[2m > [22m[2mclassifies "use the workspace browser" as browser intent
[22m[39m[IntentClassifier] intent=browser confidence=0.95

[90mstderr[2m | tests
/RetrievalOrchestrator.
test.ts[2m > [22m[2m
RetrievalOrchestrator[
2m > [22m[2mresponse 
metadata[2m > 
[22m[2mechoes query 
and mode from the 
request
[22m[39m[RetrievalOrc
hestrator] No 
providers selected for 
category="all" 
mode="semantic". Check 
provider registration.

[90mstdout[2m | tests/RetrievalOrchestrator.test.ts[2m > [22m[2mRetrievalOrchestrator[2m > [22m[2mresponse metadata[2m > [22m[2mreports durationMs as a non-negative number
[22m[39m[RetrievalOrchestrator] Selected providers for category "all" (request.providerIds=undefined): []

[90mstdout[2m | tests/BrowserTaskMode.test.ts[2m > [22m[2mFeature A ΓÇô Browser intent classification[2m > [22m[2mclassifies "open https://google.com" as browser intent
[22m[39m[IntentClassifier] intent=browser confidence=0.95

[90mstdout[2m | tests/BrowserTaskMode.test.ts[2m > [22m[2mFeature A ΓÇô Browser intent classification[2m > [22m[2mclassifies "type Star Citizen in the search field" as browser intent
[22m[39m[IntentClassifier] intent=browser confidence=0.95

[90mstdout[2m | tests/RetrievalOrchestrator.test.ts[2m > [22m[2mRetrievalOrchestrator[2m > [22m[2mresponse metadata[2m > [22m[2mreports durationMs as a non-negative number
[22m[39m[RetrievalOrchestrator] retrieve completed in 0ms with 0 results.

[90mstdout[2m | tests/BrowserTaskMode.test.ts[2m > [22m[2mFeature A ΓÇô Browser intent classification[2m > [22m[2mclassifies "visit bing.com" as browser intent
[22m[39m[IntentClassifier] intent=browser confidence=0.95

[90mstdout[2m | tests/RetrievalOrchestrator.test.ts[2m > [22m[2mRetrievalOrchestrator[2m > [22m[2mresponse metadata[2m > [22m[2mincludes per-provider results in providerResults
[22m[39m[RetrievalOrchestrator] retrieve starting for query: "q" (mode: keyword)

[90mstdout[2m | tests/BrowserTaskMode.test.ts[2m > [22m[2mFeature A ΓÇô Browser intent classification[2m > [22m[2mclassifies "load the web page" as browser intent
[22m[39m[IntentClassifier] intent=browser confidence=0.95

[90mstderr[2m | tests
/RetrievalOrchestrator.
test.ts[2m > [22m[2m
RetrievalOrchestrator[
2m > [22m[2mresponse 
metadata[2m > 
[22m[2mreports 
durationMs as a 
non-negative number
[22m[39m[RetrievalOrc
hestrator] No 
providers selected for 
category="all" 
mode="keyword". Check 
provider registration.

[90mstdout[2m | tests/RetrievalOrchestrator.test.ts[2m > [22m[2mRetrievalOrchestrator[2m > [22m[2mresponse metadata[2m > [22m[2mincludes per-provider results in providerResults
[22m[39m[RetrievalOrchestrator] Selected providers for category "all" (request.providerIds=undefined): [ [32m'p1'[39m ]

[90mstdout[2m | tests/LoreRetrievalPriority.test.ts[2m > [22m[2mLoreRetrievalPriority ΓÇö source ranking[2m > [22m[2mrag/ltmf candidates outrank recent chat snippets for lore intent
[22m[39m[IntentClassifier] intent=lore confidence=0.85
[MemoryFilter] Lore/autobiographical intent ΓÇö source priority: diary/graph(4) > rag(3) > mem0(2) > explicit/chat(1)

[90mstdout[2m | electron/__tests__/router/Phase1Hardening.test.ts
[22m[39m[AuditLogger] Initialized at: \tmp\tala-test\userData\logs\audit-log.jsonl

[90mstdout[2m | tests/BrowserTaskMode.test.ts[2m > [22m[2mFeature A ΓÇô Browser intent classification[2m > [22m[2mclassifies "search google for Star Citizen" as browser intent
[22m[39m[IntentClassifier] intent=browser confidence=0.95

[90mstdout[2m | tests/RetrievalOrchestrator.test.ts[2m > [22m[2mRetrievalOrchestrator[2m > [22m[2mresponse metadata[2m > [22m[2mincludes per-provider results in providerResults
[22m[39m[RetrievalOrchestrator] retrieve completed in 1ms with 1 results.

[90mstdout[2m | tests/RetrievalOrchestrator.test.ts[2m > [22m[2mRetrievalOrchestrator[2m > [22m[2mprovider option forwarding[2m > [22m[2mpasses topK, minScore, and filters to the provider
[22m[39m[RetrievalOrchestrator] retrieve starting for query: "q" (mode: keyword)

[90mstdout[2m | tests/RetrievalOrchestrator.test.ts[2m > [22m[2mRetrievalOrchestrator[2m > [22m[2mprovider option forwarding[2m > [22m[2mpasses topK, minScore, and filters to the provider
[22m[39m[RetrievalOrchestrator] Selected providers for category "all" (request.providerIds=undefined): [ [32m'p1'[39m ]

[90mstdout[2m | tests/RetrievalOrchestrator.test.ts[2m > [22m[2mRetrievalOrchestrator[2m > [22m[2mprovider option forwarding[2m > [22m[2mpasses topK, minScore, and filters to the provider
[22m[39m[RetrievalOrchestrator] retrieve completed in 1ms with 0 results.

[90mstdout[2m | tests/BrowserTaskMode.test.ts[2m > [22m[2mFeature A ΓÇô Browser intent classification[2m > [22m[2mdoes NOT classify "hello" as browser intent
[22m[39m[IntentClassifier] intent=greeting confidence=0.95

[90mstdout[2m | tests/BrowserTaskMode.test.ts[2m > [22m[2mFeature A ΓÇô Browser intent classification[2m > [22m[2mdoes NOT classify "what is the capital of France" as browser intent
[22m[39m[IntentClassifier] intent=lore confidence=0.88 reason=autobiographical_preferred_over_weak_technical

[90mstdout[2m | tests/BrowserTaskMode.test.ts[2m > [22m[2mFeature A ΓÇô Browser intent classification[2m > [22m[2mdoes NOT classify "write a python script" as browser intent
[22m[39m[IntentClassifier] intent=technical confidence=0.85

 [32mΓ£ô[39m tests/RetrievalOrchestrator.test.ts [2m([22m[2m30 tests[22m[2m)[22m[32m 47[2mms[22m[39m
[90mstdout[2m | tests/BrowserTaskMode.test.ts[2m > [22m[2mFeature A ΓÇô Browser intent classification[2m > [22m[2mdoes NOT classify "tell me about the lore" as browser intent
[22m[39m[IntentClassifier] intent=lore confidence=0.85

[90mstdout[2m | tests/LoreRetrievalPriority.test.ts[2m > [22m[2mLoreRetrievalPriority ΓÇö source ranking[2m > [22m[2mdiary and graph sources outrank mem0 for lore intent
[22m[39m[IntentClassifier] intent=lore confidence=0.85
[MemoryFilter] Lore/autobiographical intent ΓÇö source priority: diary/graph(4) > rag(3) > mem0(2) > explicit/chat(1)

[90mstdout[2m | tests/BrowserTaskMode.test.ts[2m > [22m[2mFeature A ΓÇô Browser intent classification[2m > [22m[2mdoes NOT classify "how does memory work in TALA" as browser intent
[22m[39m[IntentClassifier] intent=unknown confidence=0.5 reason=no_signal_matched

[90mstdout[2m | tests/LoreRetrievalPriority.test.ts[2m > [22m[2mLoreRetrievalPriority ΓÇö canon-first fallback[2m > [22m[2muses mem0/chat when no lore candidates exist
[22m[39m[IntentClassifier] intent=lore confidence=0.85

[90mstdout[2m | tests/LoreRetrievalPriority.test.ts[2m > [22m[2mLoreRetrievalPriority ΓÇö canon-first fallback[2m > [22m[2mwhen lore candidates exist, chat snippets do not dominate the top slot
[22m[39m[IntentClassifier] intent=lore tone=greeting confidence=0.9 reason=autobiographical_request_overrode_social_opener
[MemoryFilter] Lore/autobiographical intent ΓÇö source priority: diary/graph(4) > rag(3) > mem0(2) > explicit/chat(1)

[90mstdout[2m | tests/BrowserTaskMode.test.ts[2m > [22m[2mFeature F ΓÇô Generic tool clarity and routing[2m > [22m[2mtechnical questions do not get routed to browser mode
[22m[39m[IntentClassifier] intent=technical confidence=0.85
[IntentClassifier] intent=technical confidence=0.85
[IntentClassifier] intent=technical confidence=0.85
[IntentClassifier] intent=technical confidence=0.85

[90mstdout[2m | tests/LoreRetrievalPriority.test.ts[2m > [22m[2mLoreRetrievalPriority ΓÇö source metadata preservation[2m > [22m[2mMemoryFilter does not block rag/rp lore candidate in RP mode
[22m[39m[IntentClassifier] intent=lore confidence=0.85

[90mstdout[2m | tests/BrowserTaskMode.test.ts[2m > [22m[2mFeature F ΓÇô Generic tool clarity and routing[2m > [22m[2mcoding tasks do not get routed to browser mode
[22m[39m[IntentClassifier] intent=technical confidence=0.85
[IntentClassifier] intent=technical confidence=0.85
[IntentClassifier] intent=unknown confidence=0.5 reason=no_signal_matched

[90mstdout[2m | tests/LoreRetrievalPriority.test.ts[2m > [22m[2mLoreRetrievalPriority ΓÇö follow-up lore continuity[2m > [22m[2mIntentClassifier classifies "so you dont have a memory?" as lore
[22m[39m[IntentClassifier] intent=lore confidence=0.85

[90mstdout[2m | tests/BrowserTaskMode.test.ts[2m > [22m[2mFeature F ΓÇô Generic tool clarity and routing[2m > [22m[2mbrowser tasks are always classified as browser, not technical or coding
[22m[39m[IntentClassifier] intent=browser confidence=0.95
[IntentClassifier] intent=browser confidence=0.95
[IntentClassifier] intent=browser confidence=0.95

[90mstdout[2m | tests/LoreMemoryGrounding.test.ts[2m > [22m[2mLoreMemoryGrounding ΓÇö TalaContextRouter strict trigger detection[2m > [22m[2mactivates memory_grounded_soft for a plain lore query
[22m[39m[TalaRouter] Processing turn turn-1 in mode=rp 
[IntentClassifier] intent=lore confidence=0.85
[TalaRouter] Intent: lore | Suppressed: false | Reason: standard 

[90mstdout[2m | tests/LoreRetrievalPriority.test.ts[2m > [22m[2mLoreRetrievalPriority ΓÇö follow-up lore continuity[2m > [22m[2mIntentClassifier classifies "you dont remember?" as lore
[22m[39m[IntentClassifier] intent=lore tone=greeting confidence=0.9 reason=autobiographical_request_overrode_social_opener

[90mstdout[2m | tests/BrowserTaskMode.test.ts[2m > [22m[2mFeature F ΓÇô Generic tool clarity and routing[2m > [22m[2mbrowser intent has high confidence (>= 0.9)
[22m[39m[IntentClassifier] intent=browser confidence=0.95

[90mstdout[2m | tests/LoreMemoryGrounding.test.ts[2m > [22m[2mLoreMemoryGrounding ΓÇö TalaContextRouter strict trigger detection[2m > [22m[2mactivates memory_grounded_soft for a plain lore query
[22m[39m[TalaRouter] Lore intent ΓÇö injecting 1 RAG/LTMF candidates
[MemoryAudit] source=rag role=rp id=rag-lore-0-1774318100989 score=0.800 docId=lore-doc-1
[TalaRouter] Candidates before filter ΓÇö rag:2 (total=2)
[MemoryFilter] Lore/autobiographical intent ΓÇö source priority: diary/graph(4) > rag(3) > mem0(2) > explicit/chat(1)
[TalaRouter] Lore composition ΓÇö loreCandidates=2 explicitCandidates=0 fallbackCap=1
[TalaRouter] Approved memories ΓÇö rag:2 (total=2)
[TalaRouter] Memory-grounded response mode: memory_grounded_soft
[TalaRouter] RP mode policy ΓÇö tools=false, memoryReads=true, memoryWrites=false
[TalaRouter] Routing complete. Approved memories: 2/2
[TalaRouter] Capabilities ΓÇö allowed=["memory_retrieval"] blocked=["tools"]
[TalaRouter] Memory write policy: do_not_write ΓÇö RP mode isolation prohibits memory writes

[90mstdout[2m | tests/LoreRetrievalPriority.test.ts[2m > [22m[2mLoreRetrievalPriority ΓÇö follow-up lore continuity[2m > [22m[2mTalaContextRouter carries over lore retrieval context for follow-up turns
[22m[39m[TalaRouter] Processing turn turn-1 in mode=rp 
[IntentClassifier] intent=lore confidence=0.85
[TalaRouter] Intent: lore | Suppressed: false | Reason: standard 

[90mstdout[2m | tests/BrowserTaskMode.test.ts[2m > [22m[2mFeature F ΓÇô Generic tool clarity and routing[2m > [22m[2mbrowser intent includes subsystem=browser
[22m[39m[IntentClassifier] intent=browser confidence=0.95

[90mstdout[2m | tests/LoreMemoryGrounding.test.ts[2m > [22m[2mLoreMemoryGrounding ΓÇö TalaContextRouter strict trigger detection[2m > [22m[2mactivates memory_grounded_strict when query contains "exactly"
[22m[39m[TalaRouter] Processing turn turn-2 in mode=rp 
[IntentClassifier] intent=lore confidence=0.85
[TalaRouter] Intent: lore | Suppressed: false | Reason: standard 

[90mstdout[2m | tests/LoreRetrievalPriority.test.ts[2m > [22m[2mLoreRetrievalPriority ΓÇö follow-up lore continuity[2m > [22m[2mTalaContextRouter carries over lore retrieval context for follow-up turns
[22m[39m[TalaRouter] Lore intent ΓÇö injecting 1 RAG/LTMF candidates
[MemoryAudit] source=rag role=rp id=rag-lore-0-1774318100978 score=0.820 docId=n/a
[TalaRouter] Candidates before filter ΓÇö rag:1, mem0:1 (total=2)
[MemoryFilter] Lore/autobiographical intent ΓÇö source priority: diary/graph(4) > rag(3) > mem0(2) > explicit/chat(1)
[TalaRouter] Lore composition ΓÇö loreCandidates=1 explicitCandidates=1 fallbackCap=1
[TalaRouter] Approved memories ΓÇö rag:1, mem0:1 (total=2)
[TalaRouter] Memory-grounded response mode: memory_grounded_soft
[TalaRouter] RP mode policy ΓÇö tools=false, memoryReads=true, memoryWrites=false
[TalaRouter] Routing complete. Approved memories: 2/2
[TalaRouter] Capabilities ΓÇö allowed=["memory_retrieval"] blocked=["tools"]
[TalaRouter] Memory write policy: do_not_write ΓÇö RP mode isolation prohibits memory writes

 [32mΓ£ô[39m tests/P7BContextDeterminism.test.ts [2m([22m[2m40 tests[22m[2m)[22m[32m 36[2mms[22m[39m
[90mstdout[2m | tests/LoreMemoryGrounding.test.ts[2m > [22m[2mLoreMemoryGrounding ΓÇö TalaContextRouter strict trigger detection[2m > [22m[2mactivates memory_grounded_strict when query contains "exactly"
[22m[39m[TalaRouter] Lore intent ΓÇö injecting 1 RAG/LTMF candidates
[MemoryAudit] source=rag role=rp id=rag-lore-0-1774318100994 score=0.800 docId=lore-doc-1
[TalaRouter] Candidates before filter ΓÇö rag:2 (total=2)
[MemoryFilter] Lore/autobiographical intent ΓÇö source priority: diary/graph(4) > rag(3) > mem0(2) > explicit/chat(1)
[TalaRouter] Lore composition ΓÇö loreCandidates=2 explicitCandidates=0 fallbackCap=1
[TalaRouter] Approved memories ΓÇö rag:2 (total=2)
[TalaRouter] Memory-grounded response mode: memory_grounded_strict
[TalaRouter] RP mode policy ΓÇö tools=false, memoryReads=true, memoryWrites=false
[TalaRouter] Routing complete. Approved memories: 2/2
[TalaRouter] Capabilities ΓÇö allowed=["memory_retrieval"] blocked=["tools"]
[TalaRouter] Memory write policy: do_not_write ΓÇö RP mode isolation prohibits memory writes

[90mstdout[2m | tests/LoreRetrievalPriority.test.ts[2m > [22m[2mLoreRetrievalPriority ΓÇö follow-up lore continuity[2m > [22m[2mTalaContextRouter carries over lore retrieval context for follow-up turns
[22m[39m[TalaRouter] Processing turn turn-2 in mode=rp 
[IntentClassifier] intent=lore confidence=0.85
[TalaRouter] Intent: lore | Suppressed: false | Reason: standard 

 [32mΓ£ô[39m tests/BrowserTaskMode.test.ts [2m([22m[2m44 tests[22m[2m)[22m[32m 32[2mms[22m[39m
[90mstdout[2m | tests/LoreMemoryGrounding.test.ts[2m > [22m[2mLoreMemoryGrounding ΓÇö TalaContextRouter strict trigger detection[2m > [22m[2mactivates memory_grounded_strict when query says "don't make anything up"
[22m[39m[TalaRouter] Processing turn turn-3 in mode=rp 
[IntentClassifier] intent=lore confidence=0.85
[TalaRouter] Intent: lore | Suppressed: false | Reason: standard 

[90mstdout[2m | tests/LoreRetrievalPriority.test.ts[2m > [22m[2mLoreRetrievalPriority ΓÇö follow-up lore continuity[2m > [22m[2mTalaContextRouter carries over lore retrieval context for follow-up turns
[22m[39m[TalaRouter] Lore intent ΓÇö injecting 1 RAG/LTMF candidates
[MemoryAudit] source=rag role=rp id=rag-lore-0-1774318100980 score=0.820 docId=n/a
[TalaRouter] Candidates before filter ΓÇö rag:1, mem0:1 (total=2)
[MemoryFilter] Lore/autobiographical intent ΓÇö source priority: diary/graph(4) > rag(3) > mem0(2) > explicit/chat(1)
[TalaRouter] Lore composition ΓÇö loreCandidates=1 explicitCandidates=1 fallbackCap=1
[TalaRouter] Approved memories ΓÇö rag:1, mem0:1 (total=2)
[TalaRouter] Memory-grounded response mode: memory_grounded_soft
[TalaRouter] RP mode policy ΓÇö tools=false, memoryReads=true, memoryWrites=false
[TalaRouter] Routing complete. Approved memories: 2/2
[TalaRouter] Capabilities ΓÇö allowed=["memory_retrieval"] blocked=["tools"]
[TalaRouter] Memory write policy: do_not_write ΓÇö RP mode isolation prohibits memory writes

[90mstdout[2m | tests/LoreMemoryGrounding.test.ts[2m > [22m[2mLoreMemoryGrounding ΓÇö TalaContextRouter strict trigger detection[2m > [22m[2mactivates memory_grounded_strict when query says "don't make anything up"
[22m[39m[TalaRouter] Lore intent ΓÇö injecting 1 RAG/LTMF candidates
[MemoryAudit] source=rag role=rp id=rag-lore-0-1774318100995 score=0.800 docId=lore-doc-1
[TalaRouter] Candidates before filter ΓÇö rag:2 (total=2)
[MemoryFilter] Lore/autobiographical intent ΓÇö source priority: diary/graph(4) > rag(3) > mem0(2) > explicit/chat(1)
[TalaRouter] Lore composition ΓÇö loreCandidates=2 explicitCandidates=0 fallbackCap=1
[TalaRouter] Approved memories ΓÇö rag:2 (total=2)
[TalaRouter] Memory-grounded response mode: memory_grounded_strict
[TalaRouter] RP mode policy ΓÇö tools=false, memoryReads=true, memoryWrites=false
[TalaRouter] Routing complete. Approved memories: 2/2
[TalaRouter] Capabilities ΓÇö allowed=["memory_retrieval"] blocked=["tools"]
[TalaRouter] Memory write policy: do_not_write ΓÇö RP mode isolation prohibits memory writes

[90mstdout[2m | tests/LoreRetrievalPriority.test.ts[2m > [22m[2mLoreRetrievalPriority ΓÇö RP mode policy compliance[2m > [22m[2mRP mode allows memory retrieval reads
[22m[39m[TalaRouter] Processing turn turn-rp in mode=rp 
[IntentClassifier] intent=lore confidence=0.85
[TalaRouter] Intent: lore | Suppressed: false | Reason: standard 

[90mstdout[2m | tests/LoreMemoryGrounding.test.ts[2m > [22m[2mLoreMemoryGrounding ΓÇö TalaContextRouter strict trigger detection[2m > [22m[2mactivates memory_grounded_strict when query says "strictly from memory"
[22m[39m[TalaRouter] Processing turn turn-4 in mode=rp 
[IntentClassifier] intent=lore confidence=0.85
[TalaRouter] Intent: lore | Suppressed: false | Reason: standard 

[90mstdout[2m | tests/LoreRetrievalPriority.test.ts[2m > [22m[2mLoreRetrievalPriority ΓÇö RP mode policy compliance[2m > [22m[2mRP mode allows memory retrieval reads
[22m[39m[TalaRouter] Lore intent ΓÇö injecting 1 RAG/LTMF candidates
[MemoryAudit] source=rag role=rp id=rag-lore-0-1774318100982 score=0.850 docId=n/a
[TalaRouter] Candidates before filter ΓÇö rag:2 (total=2)
[MemoryFilter] Lore/autobiographical intent ΓÇö source priority: diary/graph(4) > rag(3) > mem0(2) > explicit/chat(1)
[TalaRouter] Lore composition ΓÇö loreCandidates=2 explicitCandidates=0 fallbackCap=1
[TalaRouter] Approved memories ΓÇö rag:2 (total=2)
[TalaRouter] Memory-grounded response mode: memory_grounded_soft
[TalaRouter] RP mode policy ΓÇö tools=false, memoryReads=true, memoryWrites=false
[TalaRouter] Routing complete. Approved memories: 2/2
[TalaRouter] Capabilities ΓÇö allowed=["memory_retrieval"] blocked=["tools"]
[TalaRouter] Memory write policy: do_not_write ΓÇö RP mode isolation prohibits memory writes

 [32mΓ£ô[39m tests/P7DCrossLayerCompetitiveSelection.test.ts [2m([22m[2m25 tests[22m[2m)[22m[32m 27[2mms[22m[39m
[90mstdout[2m | tests/LoreMemoryGrounding.test.ts[2m > [22m[2mLoreMemoryGrounding ΓÇö TalaContextRouter strict trigger detection[2m > [22m[2mactivates memory_grounded_strict when query says "strictly from memory"
[22m[39m[TalaRouter] Lore intent ΓÇö injecting 1 RAG/LTMF candidates
[MemoryAudit] source=rag role=rp id=rag-lore-0-1774318100997 score=0.800 docId=lore-doc-1
[TalaRouter] Candidates before filter ΓÇö rag:2 (total=2)
[MemoryFilter] Lore/autobiographical intent ΓÇö source priority: diary/graph(4) > rag(3) > mem0(2) > explicit/chat(1)
[TalaRouter] Lore composition ΓÇö loreCandidates=2 explicitCandidates=0 fallbackCap=1
[TalaRouter] Approved memories ΓÇö rag:2 (total=2)
[TalaRouter] Memory-grounded response mode: memory_grounded_strict
[TalaRouter] RP mode policy ΓÇö tools=false, memoryReads=true, memoryWrites=false
[TalaRouter] Routing complete. Approved memories: 2/2
[TalaRouter] Capabilities ΓÇö allowed=["memory_retrieval"] blocked=["tools"]
[TalaRouter] Memory write policy: do_not_write ΓÇö RP mode isolation prohibits memory writes

[90mstdout[2m | tests/LoreRetrievalPriority.test.ts[2m > [22m[2mLoreRetrievalPriority ΓÇö RP mode policy compliance[2m > [22m[2mRP mode blocks memory writes
[22m[39m[TalaRouter] Processing turn turn-rp-2 in mode=rp 
[IntentClassifier] intent=lore confidence=0.85
[TalaRouter] Intent: lore | Suppressed: false | Reason: standard 

[90mstdout[2m | tests/LoreMemoryGrounding.test.ts[2m > [22m[2mLoreMemoryGrounding ΓÇö TalaContextRouter strict trigger detection[2m > [22m[2mresponseMode is undefined when no lore memories are retrieved
[22m[39m[TalaRouter] Processing turn turn-5 in mode=rp 
[IntentClassifier] intent=lore confidence=0.85
[TalaRouter] Intent: lore | Suppressed: false | Reason: standard 

[90mstdout[2m | tests/LoreRetrievalPriority.test.ts[2m > [22m[2mLoreRetrievalPriority ΓÇö RP mode policy compliance[2m > [22m[2mRP mode blocks memory writes
[22m[39m[TalaRouter] RP mode policy ΓÇö tools=false, memoryReads=true, memoryWrites=false
[TalaRouter] Routing complete. Approved memories: 0/0
[TalaRouter] Capabilities ΓÇö allowed=["memory_retrieval"] blocked=["tools"]
[TalaRouter] Memory write policy: do_not_write ΓÇö RP mode isolation prohibits memory writes

[90mstdout[2m | tests/LoreMemoryGrounding.test.ts[2m > [22m[2mLoreMemoryGrounding ΓÇö TalaContextRouter strict trigger detection[2m > [22m[2mresponseMode is undefined when no lore memories are retrieved
[22m[39m[TalaRouter] Lore intent ΓÇö RAG returned no results; mem0/local used as fallback
[TalaRouter] RP mode policy ΓÇö tools=false, memoryReads=true, memoryWrites=false
[TalaRouter] Routing complete. Approved memories: 0/0
[TalaRouter] Capabilities ΓÇö allowed=["memory_retrieval"] blocked=["tools"]
[TalaRouter] Memory write policy: do_not_write ΓÇö RP mode isolation prohibits memory writes

[90mstdout[2m | tests/LoreRetrievalPriority.test.ts[2m > [22m[2mLoreRetrievalPriority ΓÇö RP mode policy compliance[2m > [22m[2mRP mode approved lore memories include RAG source when RAG returns results
[22m[39m[TalaRouter] Processing turn turn-rp-3 in mode=rp 
[IntentClassifier] intent=lore confidence=0.85
[TalaRouter] Intent: lore | Suppressed: false | Reason: standard 

[90mstdout[2m | tests/LoreMemoryGrounding.test.ts[2m > [22m[2mLoreMemoryGrounding ΓÇö TalaContextRouter strict trigger detection[2m > [22m[2mresponseMode is undefined for greeting intent
[22m[39m[TalaRouter] Processing turn turn-6 in mode=rp 
[IntentClassifier] intent=greeting confidence=0.95
[TalaRouter] Intent: greeting | Suppressed: true | Reason: standard 
[TalaRouter] Retrieval bypassed ΓÇö greeting intent (no lore/substantive override).
[TalaRouter] RP mode policy ΓÇö tools=false, memoryReads=true, memoryWrites=false
[TalaRouter] Routing complete. Approved memories: 0/0
[TalaRouter] Capabilities ΓÇö allowed=["memory_retrieval"] blocked=["tools"]
[TalaRouter] Memory write policy: do_not_write ΓÇö RP mode isolation prohibits memory writes

[90mstdout[2m | tests/LoreRetrievalPriority.test.ts[2m > [22m[2mLoreRetrievalPriority ΓÇö RP mode policy compliance[2m > [22m[2mRP mode approved lore memories include RAG source when RAG returns results
[22m[39m[TalaRouter] Lore intent ΓÇö injecting 1 RAG/LTMF candidates
[MemoryAudit] source=rag role=rp id=rag-lore-0-1774318100984 score=0.880 docId=ltmf-a00-0001.md
[TalaRouter] Candidates before filter ΓÇö rag:1 (total=1)
[TalaRouter] Lore composition ΓÇö loreCandidates=1 explicitCandidates=0 fallbackCap=1
[TalaRouter] Approved memories ΓÇö rag:1 (total=1)
[TalaRouter] Memory-grounded response mode: memory_grounded_soft
[TalaRouter] RP mode policy ΓÇö tools=false, memoryReads=true, memoryWrites=false
[TalaRouter] Routing complete. Approved memories: 1/1
[TalaRouter] Capabilities ΓÇö allowed=["memory_retrieval"] blocked=["tools"]
[TalaRouter] Memory write policy: do_not_write ΓÇö RP mode isolation prohibits memory writes

[90mstdout[2m | tests/LoreMemoryGrounding.test.ts[2m > [22m[2mLoreMemoryGrounding ΓÇö TalaContextRouter strict trigger detection[2m > [22m[2mcanon lore block is present in promptBlocks when memories exist
[22m[39m[TalaRouter] Processing turn turn-7 in mode=rp 
[IntentClassifier] intent=lore confidence=0.85
[TalaRouter] Intent: lore | Suppressed: false | Reason: standard 

[90mstdout[2m | tests/LoreRetrievalPriority.test.ts[2m > [22m[2mLoreRetrievalPriority ΓÇö RP mode policy compliance[2m > [22m[2mRP mode does NOT approve assistant-role memories (mode isolation)
[22m[39m[IntentClassifier] intent=lore confidence=0.85
[RouterFilter] EXCLUDE id=asst-1 reason=blocked_by_memory_read_policy (rp_role_mismatch) mode=rp

[90mstdout[2m | tests/LoreMemoryGrounding.test.ts[2m > [22m[2mLoreMemoryGrounding ΓÇö TalaContextRouter strict trigger detection[2m > [22m[2mcanon lore block is present in promptBlocks when memories exist
[22m[39m[TalaRouter] Lore intent ΓÇö injecting 1 RAG/LTMF candidates
[MemoryAudit] source=rag role=rp id=rag-lore-0-1774318100999 score=0.800 docId=lore-doc-1
[TalaRouter] Candidates before filter ΓÇö rag:2 (total=2)
[MemoryFilter] Lore/autobiographical intent ΓÇö source priority: diary/graph(4) > rag(3) > mem0(2) > explicit/chat(1)
[TalaRouter] Lore composition ΓÇö loreCandidates=2 explicitCandidates=0 fallbackCap=1
[TalaRouter] Approved memories ΓÇö rag:2 (total=2)
[TalaRouter] Memory-grounded response mode: memory_grounded_soft
[TalaRouter] RP mode policy ΓÇö tools=false, memoryReads=true, memoryWrites=false
[TalaRouter] Routing complete. Approved memories: 2/2
[TalaRouter] Capabilities ΓÇö allowed=["memory_retrieval"] blocked=["tools"]
[TalaRouter] Memory write policy: do_not_write ΓÇö RP mode isolation prohibits memory writes

[90mstdout[2m | tests/LoreRetrievalPriority.test.ts[2m > [22m[2mLoreRetrievalPriority ΓÇö RAG injection count[2m > [22m[2minjects all available RAG/LTMF candidates for lore intent (up to LORE_PRIMARY_CANDIDATE_LIMIT)
[22m[39m[TalaRouter] Processing turn turn-rag5 in mode=rp 
[IntentClassifier] intent=lore confidence=0.85
[TalaRouter] Intent: lore | Suppressed: false | Reason: standard 

[90mstdout[2m | tests/LoreMemoryGrounding.test.ts[2m > [22m[2mLoreMemoryGrounding ΓÇö TalaContextRouter strict trigger detection[2m > [22m[2mgrounding block is present in promptBlocks when memories exist
[22m[39m[TalaRouter] Processing turn turn-8 in mode=rp 
[IntentClassifier] intent=lore confidence=0.85
[TalaRouter] Intent: lore | Suppressed: false | Reason: standard 

[90mstdout[2m | tests/LoreRetrievalPriority.test.ts[2m > [22m[2mLoreRetrievalPriority ΓÇö RAG injection count[2m > [22m[2minjects all available RAG/LTMF candidates for lore intent (up to LORE_PRIMARY_CANDIDATE_LIMIT)
[22m[39m[TalaRouter] Lore intent ΓÇö injecting 5 RAG/LTMF candidates
[MemoryAudit] source=rag role=rp id=rag-lore-0-1774318100986 score=0.880 docId=ltmf-a00-0001.md
[MemoryAudit] source=rag role=rp id=rag-lore-1-1774318100986 score=0.840 docId=ltmf-a00-0002.md
[MemoryAudit] source=rag role=rp id=rag-lore-2-1774318100986 score=0.810 docId=ltmf-a00-0003.md
[MemoryAudit] source=rag role=rp id=rag-lore-3-1774318100986 score=0.780 docId=ltmf-a00-0004.md
[MemoryAudit] source=rag role=rp id=rag-lore-4-1774318100986 score=0.760 docId=ltmf-a00-0005.md
[TalaRouter] Candidates before filter ΓÇö rag:5 (total=5)
[MemoryFilter] Lore/autobiographical intent ΓÇö source priority: diary/graph(4) > rag(3) > mem0(2) > explicit/chat(1)
[TalaRouter] Lore composition ΓÇö loreCandidates=5 explicitCandidates=0 fallbackCap=1
[TalaRouter] Approved memories ΓÇö rag:5 (total=5)
[TalaRouter] Memory-grounded response mode: memory_grounded_soft
[TalaRouter] RP mode policy ΓÇö tools=false, memoryReads=true, memoryWrites=false
[TalaRouter] Routing complete. Approved memories: 5/5
[TalaRouter] Capabilities ΓÇö allowed=["memory_retrieval"] blocked=["tools"]
[TalaRouter] Memory write policy: do_not_write ΓÇö RP mode isolation prohibits memory writes

[90mstdout[2m | tests/MemoryAuthorityService.test.ts[2m > [22m[2mMemoryAuthorityService[2m > [22m[2mcreateCanonicalMemory[2m > [22m[2minserts a new record when no duplicate exists and returns the memory_id
[22m[39m[MemoryAuthority] Semantic duplicate check: stub (no embedding available yet)

[90mstdout[2m | tests/LoreMemoryGrounding.test.ts[2m > [22m[2mLoreMemoryGrounding ΓÇö TalaContextRouter strict trigger detection[2m > [22m[2mgrounding block is present in promptBlocks when memories exist
[22m[39m[TalaRouter] Lore intent ΓÇö injecting 1 RAG/LTMF candidates
[MemoryAudit] source=rag role=rp id=rag-lore-0-1774318101000 score=0.800 docId=lore-doc-1
[TalaRouter] Candidates before filter ΓÇö rag:2 (total=2)
[MemoryFilter] Lore/autobiographical intent ΓÇö source priority: diary/graph(4) > rag(3) > mem0(2) > explicit/chat(1)
[TalaRouter] Lore composition ΓÇö loreCandidates=2 explicitCandidates=0 fallbackCap=1
[TalaRouter] Approved memories ΓÇö rag:2 (total=2)
[TalaRouter] Memory-grounded response mode: memory_grounded_soft
[TalaRouter] RP mode policy ΓÇö tools=false, memoryReads=true, memoryWrites=false
[TalaRouter] Routing complete. Approved memories: 2/2
[TalaRouter] Capabilities ΓÇö allowed=["memory_retrieval"] blocked=["tools"]
[TalaRouter] Memory write policy: do_not_write ΓÇö RP mode isolation prohibits memory writes

[90mstdout[2m | tests/LoreRetrievalPriority.test.ts[2m > [22m[2mLoreRetrievalPriority ΓÇö RAG injection count[2m > [22m[2msearchStructured is called without a category filter for lore intent
[22m[39m[TalaRouter] Processing turn turn-filter in mode=rp 
[IntentClassifier] intent=lore confidence=0.85
[TalaRouter] Intent: lore | Suppressed: false | Reason: standard 

[90mstdout[2m | tests/MemoryAuthorityService.test.ts[2m > [22m[2mMemoryAuthorityService[2m > [22m[2mcreateCanonicalMemory[2m > [22m[2minserts a new record when no duplicate exists and returns the memory_id
[22m[39m[MemoryAuthority][Projection] Intent logged ΓåÆ memory_id=00000000-0000-0000-0000-000000000001 target=mem0 v1

[90mstdout[2m | tests/LoreRetrievalPriority.test.ts[2m > [22m[2mLoreRetrievalPriority ΓÇö RAG injection count[2m > [22m[2msearchStructured is called without a category filter for lore intent
[22m[39m[TalaRouter] Lore intent ΓÇö RAG returned no results; mem0/local used as fallback
[TalaRouter] RP mode policy ΓÇö tools=false, memoryReads=true, memoryWrites=false
[TalaRouter] Routing complete. Approved memories: 0/0
[TalaRouter] Capabilities ΓÇö allowed=["memory_retrieval"] blocked=["tools"]
[TalaRouter] Memory write policy: do_not_write ΓÇö RP mode isolation prohibits memory writes

[90mstdout[2m | tests/MemoryAuthorityService.test.ts[2m > [22m[2mMemoryAuthorityService[2m > [22m[2mcreateCanonicalMemory[2m > [22m[2minserts a new record when no duplicate exists and returns the memory_id
[22m[39m[MemoryAuthority][Projection] Intent logged ΓåÆ memory_id=00000000-0000-0000-0000-000000000001 target=graph v1

[90mstdout[2m | tests/LoreRetrievalPriority.test.ts[2m > [22m[2mLoreRetrievalPriority ΓÇö canon-first composition[2m > [22m[2mexplicit/chat capped to 1 when lore candidates exist
[22m[39m[TalaRouter] Processing turn turn-canon in mode=rp 
[IntentClassifier] intent=lore tone=greeting confidence=0.9 reason=autobiographical_request_overrode_social_opener
[TalaRouter] Intent: lore | Suppressed: false | Reason: Lore > Greeting (autobiographical opener) 
[TalaRouter] Greeting opener present, but lore request overrides suppression ΓÇö retrieval will run

[90mstdout[2m | tests/MemoryAuthorityService.test.ts[2m > [22m[2mMemoryAuthorityService[2m > [22m[2mcreateCanonicalMemory[2m > [22m[2minserts a new record when no duplicate exists and returns the memory_id
[22m[39m[MemoryAuthority][Projection] Intent logged ΓåÆ memory_id=00000000-0000-0000-0000-000000000001 target=vector v1

 [32mΓ£ô[39m tests/LoreMemoryGrounding.test.ts [2m([22m[2m31 tests[22m[2m)[22m[32m 31[2mms[22m[39m
[90mstdout[2m | tests/LoreRetrievalPriority.test.ts[2m > [22m[2mLoreRetrievalPriority ΓÇö canon-first composition[2m > [22m[2mexplicit/chat capped to 1 when lore candidates exist
[22m[39m[TalaRouter] Lore intent ΓÇö injecting 3 RAG/LTMF candidates
[MemoryAudit] source=rag role=rp id=rag-lore-0-1774318100988 score=0.850 docId=n/a
[MemoryAudit] source=rag role=rp id=rag-lore-1-1774318100988 score=0.820 docId=n/a
[MemoryAudit] source=rag role=rp id=rag-lore-2-1774318100988 score=0.790 docId=n/a
[TalaRouter] Candidates before filter ΓÇö rag:3, explicit:5 (total=8)
[MemoryFilter] Lore/autobiographical intent ΓÇö source priority: diary/graph(4) > rag(3) > mem0(2) > explicit/chat(1)
[TalaRouter] Lore composition ΓÇö loreCandidates=3 explicitCandidates=5 fallbackCap=1
[TalaRouter] Suppressed explicit/chat candidates for canon-first composition: 4
[TalaRouter] Approved memories ΓÇö rag:3, explicit:1 (total=4)
[TalaRouter] Memory-grounded response mode: memory_grounded_soft
[TalaRouter] RP mode policy ΓÇö tools=false, memoryReads=true, memoryWrites=false
[TalaRouter] Routing complete. Approved memories: 4/8
[TalaRouter] Capabilities ΓÇö allowed=["memory_retrieval"] blocked=["tools"]
[TalaRouter] Memory write policy: do_not_write ΓÇö RP mode isolation prohibits memory writes

[90mstdout[2m | tests/MemoryAuthorityService.test.ts[2m > [22m[2mMemoryAuthorityService[2m > [22m[2mcreateCanonicalMemory[2m > [22m[2minserts a new record when no duplicate exists and returns the memory_id
[22m[39m[MemoryAuthority] Canonical record created: 00000000-0000-0000-0000-000000000001 (type=interaction)

[90mstdout[2m | tests/LoreRetrievalPriority.test.ts[2m > [22m[2mLoreRetrievalPriority ΓÇö canon-first composition[2m > [22m[2mlore sources dominate the top positions in the resolved set
[22m[39m[IntentClassifier] intent=lore confidence=0.85
[MemoryFilter] Lore/autobiographical intent ΓÇö source priority: diary/graph(4) > rag(3) > mem0(2) > explicit/chat(1)

[90mstdout[2m | tests/MemoryAuthorityService.test.ts[2m > [22m[2mMemoryAuthorityService[2m > [22m[2mcreateCanonicalMemory[2m > [22m[2mcreates 3 projection records (mem0, graph, vector) after canonical write
[22m[39m[MemoryAuthority] Semantic duplicate check: stub (no embedding available yet)

[90mstdout[2m | tests/LoreRetrievalPriority.test.ts[2m > [22m[2mLoreRetrievalPriority ΓÇö fallback when no lore exists[2m > [22m[2mexplicit/chat memories are used when no RAG/lore candidates exist
[22m[39m[TalaRouter] Processing turn turn-fallback in mode=rp 
[IntentClassifier] intent=lore confidence=0.85
[TalaRouter] Intent: lore | Suppressed: false | Reason: standard 

[90mstdout[2m | tests/MemoryAuthorityService.test.ts[2m > [22m[2mMemoryAuthorityService[2m > [22m[2mcreateCanonicalMemory[2m > [22m[2mcreates 3 projection records (mem0, graph, vector) after canonical write
[22m[39m[MemoryAuthority][Projection] Intent logged ΓåÆ memory_id=00000000-0000-0000-0000-000000000001 target=mem0 v1

[90mstdout[2m | tests/LoreRetrievalPriority.test.ts[2m > [22m[2mLoreRetrievalPriority ΓÇö fallback when no lore exists[2m > [22m[2mexplicit/chat memories are used when no RAG/lore candidates exist
[22m[39m[TalaRouter] Lore intent ΓÇö RAG returned no results; mem0/local used as fallback
[TalaRouter] Candidates before filter ΓÇö explicit:1, mem0:1 (total=2)
[MemoryFilter] Lore/autobiographical intent ΓÇö source priority: diary/graph(4) > rag(3) > mem0(2) > explicit/chat(1)
[TalaRouter] Lore composition ΓÇö loreCandidates=0 explicitCandidates=2 fallbackCap=1
[TalaRouter] Approved memories ΓÇö mem0:1, explicit:1 (total=2)
[TalaRouter] Memory-grounded response mode: memory_grounded_soft
[TalaRouter] RP mode policy ΓÇö tools=false, memoryReads=true, memoryWrites=false
[TalaRouter] Routing complete. Approved memories: 2/2
[TalaRouter] Capabilities ΓÇö allowed=["memory_retrieval"] blocked=["tools"]
[TalaRouter] Memory write policy: do_not_write ΓÇö RP mode isolation prohibits memory writes

[90mstdout[2m | tests/MemoryAuthorityService.test.ts[2m > [22m[2mMemoryAuthorityService[2m > [22m[2mcreateCanonicalMemory[2m > [22m[2mcreates 3 projection records (mem0, graph, vector) after canonical write
[22m[39m[MemoryAuthority][Projection] Intent logged ΓåÆ memory_id=00000000-0000-0000-0000-000000000001 target=graph v1

 [32mΓ£ô[39m tests/ContentIngestionService.test.ts [2m([22m[2m27 tests[22m[2m)[22m[32m 23[2mms[22m[39m
[90mstdout[2m | tests/LoreRetrievalPriority.test.ts[2m > [22m[2mLoreRetrievalPriority ΓÇö fallback when no lore exists[2m > [22m[2mdoes not produce empty approved set when only mem0/explicit candidates exist for lore intent
[22m[39m[IntentClassifier] intent=lore confidence=0.85

[90mstdout[2m | tests/MemoryAuthorityService.test.ts[2m > [22m[2mMemoryAuthorityService[2m > [22m[2mcreateCanonicalMemory[2m > [22m[2mcreates 3 projection records (mem0, graph, vector) after canonical write
[22m[39m[MemoryAuthority][Projection] Intent logged ΓåÆ memory_id=00000000-0000-0000-0000-000000000001 target=vector v1

[90mstdout[2m | tests/LoreRetrievalPriority.test.ts[2m > [22m[2mLoreRetrievalPriority ΓÇö dedup does not collapse distinct lore facts[2m > [22m[2mmultiple RAG lore candidates with overlapping keywords all survive for lore intent
[22m[39m[IntentClassifier] intent=lore confidence=0.85
[MemoryFilter] Lore/autobiographical intent ΓÇö source priority: diary/graph(4) > rag(3) > mem0(2) > explicit/chat(1)

[90mstdout[2m | tests/MemoryAuthorityService.test.ts[2m > [22m[2mMemoryAuthorityService[2m > [22m[2mcreateCanonicalMemory[2m > [22m[2mcreates 3 projection records (mem0, graph, vector) after canonical write
[22m[39m[MemoryAuthority] Canonical record created: 00000000-0000-0000-0000-000000000001 (type=interaction)

[90mstdout[2m | tests/MemoryAuthorityService.test.ts[2m > [22m[2mMemoryAuthorityService[2m > [22m[2mdetectDuplicates[2m > [22m[2mreturns duplicate_found=false when no exact hash match exists
[22m[39m[MemoryAuthority] Semantic duplicate check: stub (no embedding available yet)

[90mstdout[2m | tests/MemoryAuthorityService.test.ts[2m > [22m[2mMemoryAuthorityService[2m > [22m[2mdetectDuplicates[2m > [22m[2mcreateCanonicalMemory returns existing ID without inserting when duplicate detected
[22m[39m[MemoryAuthority] Duplicate detected (exact, score=1) ΓåÆ returning existing 00000000-0000-0000-0000-000000000001

 [32mΓ£ô[39m tests/LoreRetrievalPriority.test.ts [2m([22m[2m21 tests[22m[2m)[22m[32m 34[2mms[22m[39m
[90mstdout[2m | tests/MemoryAuthorityService.test.ts[2m > [22m[2mMemoryAuthorityService[2m > [22m[2mvalidateIntegrity ΓÇö orphan detection[2m > [22m[2mreports an orphan when a projection has no corresponding memory_records row
[22m[39m[MemoryAuthority] Integrity check complete: 1 issue(s) found

[90mstdout[2m | tests/MemoryAuthorityService.test.ts[2m > [22m[2mMemoryAuthorityService[2m > [22m[2mvalidateIntegrity ΓÇö orphan detection[2m > [22m[2mreports zero orphans when all projections have valid canonical records
[22m[39m[MemoryAuthority] Integrity check complete: 0 issue(s) found

[90mstdout[2m | tests/MemoryAuthorityService.test.ts[2m > [22m[2mMemoryAuthorityService[2m > [22m[2mvalidateIntegrity ΓÇö projection mismatch[2m > [22m[2mreports projection_mismatch when projected_version lags canonical version
[22m[39m[MemoryAuthority] Integrity check complete: 1 issue(s) found

[90mstdout[2m | tests/MemoryAuthorityService.test.ts[2m > [22m[2mMemoryAuthorityService[2m > [22m[2mrebuildDerivedState[2m > [22m[2mreads all canonical records and produces rebuild actions for missing projections
[22m[39m[MemoryAuthority][Rebuild] Would project memory_id=00000000-0000-0000-0000-000000000001 type=interaction ΓåÆ mem0 (v1)
[MemoryAuthority][Rebuild] Would project memory_id=00000000-0000-0000-0000-000000000001 type=interaction ΓåÆ graph (v1)
[MemoryAuthority][Rebuild] Would project memory_id=00000000-0000-0000-0000-000000000001 type=interaction ΓåÆ vector (v1)

[90mstdout[2m | tests/MemoryAuthorityService.test.ts[2m > [22m[2mMemoryAuthorityService[2m > [22m[2mrebuildDerivedState[2m > [22m[2mreads all canonical records and produces rebuild actions for missing projections
[22m[39m[MemoryAuthority] Rebuild scan complete: 1 canonical record(s) checked, 3 projection(s) needed

[90mstdout[2m | tests/MemoryAuthorityService.test.ts[2m > [22m[2mMemoryAuthorityService[2m > [22m[2mrebuildDerivedState[2m > [22m[2mreports unreachable_count for records with NULL content_text
[22m[39m[MemoryAuthority] Rebuild scan complete: 0 canonical record(s) checked, 0 projection(s) needed

[90mstderr[2m | tests
/MemoryAuthorityService
.test.ts[2m > [22m[2
mMemoryAuthorityService
[2m > [22m[2mrebuild
DerivedState[2m > 
[22m[2mreports 
unreachable_count for 
records with NULL 
content_text
[22m[39m[MemoryAuthor
ity][Rebuild] 2 
canonical record(s) 
have NULL content_text

[90mstdout[2m | tests/MemoryAuthorityService.test.ts[2m > [22m[2mMemoryAuthorityService[2m > [22m[2mtombstoneMemory[2m > [22m[2msets authority_status to tombstoned and records lineage
[22m[39m[MemoryAuthority] Record tombstoned: 00000000-0000-0000-0000-000000000001

[90mstderr[2m | tests
/MemoryAuthorityService
.test.ts[2m > [22m[2
mMemoryAuthorityService
[2m > [22m[2mtombsto
neMemory[2m > 
[22m[2mis idempotent 
ΓÇö does not throw 
when already tombstoned
[22m[39m[MemoryAuthor
ity] Memory 00000000-00
00-0000-0000-0000000000
01 already tombstoned 
ΓÇö skipping

[90mstdout[2m | tests/MemoryAuthorityService.test.ts[2m > [22m[2mMemoryAuthorityService[2m > [22m[2mupdateCanonicalMemory[2m > [22m[2mincrements version and marks projections stale
[22m[39m[MemoryAuthority] Record updated: 00000000-0000-0000-0000-000000000001 ΓåÆ v2

[90mstdout[2m | tests/MemoryAuthorityService.test.ts[2m > [22m[2mMemoryAuthorityService[2m > [22m[2mvalidateIntegrity ΓÇö duplicate canonical conflicts[2m > [22m[2mreports duplicate conflict when multiple canonical records share a hash
[22m[39m[MemoryAuthority] Integrity check complete: 1 issue(s) found

[90mstdout[2m | tests/MemoryAuthorityService.test.ts[2m > [22m[2mMemoryAuthorityService[2m > [22m[2mvalidateIntegrity ΓÇö tombstone violations[2m > [22m[2mreports tombstone_violation when projection still active for tombstoned record
[22m[39m[MemoryAuthority] Integrity check complete: 1 issue(s) found

[90mstdout[2m | tests/MemoryAuthorityService.test.ts[2m > [22m[2mMemoryAuthorityService[2m > [22m[2mvalidateIntegrity ΓÇö absent projections[2m > [22m[2mreports absent_projection for canonical records with no projection row
[22m[39m[MemoryAuthority] Integrity check complete: 3 issue(s) found

[90mstdout[2m | tests/MemoryAuthorityService.test.ts[2m > [22m[2mMemoryAuthorityService[2m > [22m[2mvalidateIntegrity ΓÇö absent projections[2m > [22m[2mreports zero absent projections when all canonical records have projection rows
[22m[39m[MemoryAuthority] Integrity check complete: 0 issue(s) found

[90mstdout[2m | tests/MemoryAuthorityService.test.ts[2m > [22m[2mMemoryAuthorityService[2m > [22m[2mvalidateIntegrity ΓÇö superseded active projections[2m > [22m[2mreports superseded_active_projection for superseded records still projected
[22m[39m[MemoryAuthority] Integrity check complete: 1 issue(s) found

[90mstdout[2m | tests/MemoryAuthorityService.test.ts[2m > [22m[2mMemoryAuthorityService[2m > [22m[2mrebuildMem0FromCanonical / rebuildGraphFromCanonical / rebuildVectorIndexFromCanonical[2m > [22m[2mrebuildMem0FromCanonical produces create actions for missing mem0 projections
[22m[39m[MemoryAuthority][Rebuild:mem0] Would project memory_id=00000000-0000-0000-0000-000000000001 type=interaction ΓåÆ mem0 (v1)

[90mstdout[2m | tests/MemoryAuthorityService.test.ts[2m > [22m[2mMemoryAuthorityService[2m > [22m[2mrebuildMem0FromCanonical / rebuildGraphFromCanonical / rebuildVectorIndexFromCanonical[2m > [22m[2mrebuildMem0FromCanonical produces create actions for missing mem0 projections
[22m[39m[MemoryAuthority] Rebuild:mem0 scan complete: 1 canonical record(s) checked, 1 projection(s) needed

[90mstdout[2m | tests/MemoryAuthorityService.test.ts[2m > [22m[2mMemoryAuthorityService[2m > [22m[2mrebuildMem0FromCanonical / rebuildGraphFromCanonical / rebuildVectorIndexFromCanonical[2m > [22m[2mrebuildGraphFromCanonical produces create actions for missing graph projections
[22m[39m[MemoryAuthority][Rebuild:graph] Would project memory_id=00000000-0000-0000-0000-000000000001 type=interaction ΓåÆ graph (v2)

[90mstdout[2m | tests/MemoryAuthorityService.test.ts[2m > [22m[2mMemoryAuthorityService[2m > [22m[2mrebuildMem0FromCanonical / rebuildGraphFromCanonical / rebuildVectorIndexFromCanonical[2m > [22m[2mrebuildGraphFromCanonical produces create actions for missing graph projections
[22m[39m[MemoryAuthority] Rebuild:graph scan complete: 1 canonical record(s) checked, 1 projection(s) needed

[90mstdout[2m | tests/MemoryAuthorityService.test.ts[2m > [22m[2mMemoryAuthorityService[2m > [22m[2mrebuildMem0FromCanonical / rebuildGraphFromCanonical / rebuildVectorIndexFromCanonical[2m > [22m[2mrebuildVectorIndexFromCanonical skips records with NULL content_text
[22m[39m[MemoryAuthority] Rebuild:vector scan complete: 1 canonical record(s) checked, 0 projection(s) needed

[90mstderr[2m | tests
/MemoryAuthorityService
.test.ts[2m > [22m[2
mMemoryAuthorityService
[2m > [22m[2mrebuild
Mem0FromCanonical / reb
uildGraphFromCanonical 
/ rebuildVectorIndexFro
mCanonical[2m > [22m
[2mrebuildVectorIndexFr
omCanonical skips 
records with NULL 
content_text
[22m[39m[MemoryAuthor
ity][Rebuild:vector] 1 
canonical record(s) 
have NULL content_text

[90mstdout[2m | tests/MemoryAuthorityService.test.ts[2m > [22m[2mMemoryAuthorityService[2m > [22m[2mrebuildMem0FromCanonical / rebuildGraphFromCanonical / rebuildVectorIndexFromCanonical[2m > [22m[2mrebuildDerivedState skip action when projection is already current
[22m[39m[MemoryAuthority] Rebuild scan complete: 1 canonical record(s) checked, 0 projection(s) needed

[90mstderr[2m | tests
/MemoryAuthorityService
.test.ts[2m > [22m[2
mMemoryAuthorityService
[2m > [22m[2mresolve
MemoryAuthorityConflict
[2m > 
[22m[2mcanonical 
always wins when 
content differs
[22m[39m[P7A] 
Authority conflict 
detected in 
"test-context": 
canonical memory_id=000
00000-0000-0000-0000-00
0000000001 v2 differs 
from derived (anchor=00
000000-0000-0000-0000-0
00000000001). 
Canonical wins. 
Derived content 
discarded.

 [32mΓ£ô[39m tests/MemoryAuthorityService.test.ts [2m([22m[2m28 tests[22m[2m)[22m[32m 35[2mms[22m[39m
[90mstdout[2m | tests/A2UISurfaces.test.ts[2m > [22m[2mA2UIWorkspaceRouter[2m > [22m[2memits agent-event with a2ui-surface-open type for cognition
[22m[39m[A2UIWorkspaceRouter] Surface 'cognition' opened/updated. Tab: a2ui:cognition

[90mstdout[2m | tests/A2UISurfaces.test.ts[2m > [22m[2mA2UIWorkspaceRouter[2m > [22m[2memits agent-event for world surface
[22m[39m[A2UIWorkspaceRouter] Surface 'world' opened/updated. Tab: a2ui:world

[90mstdout[2m | tests/A2UISurfaces.test.ts[2m > [22m[2mA2UIWorkspaceRouter[2m > [22m[2memits agent-event for maintenance surface
[22m[39m[A2UIWorkspaceRouter] Surface 'maintenance' opened/updated. Tab: a2ui:maintenance

[90mstdout[2m | tests/A2UISurfaces.test.ts[2m > [22m[2mA2UIWorkspaceRouter[2m > [22m[2memits a2ui_surface_open_requested telemetry
[22m[39m[A2UIWorkspaceRouter] Surface 'cognition' opened/updated. Tab: a2ui:cognition

[90mstdout[2m | tests/A2UISurfaces.test.ts[2m > [22m[2mA2UIWorkspaceRouter[2m > [22m[2memits a2ui_surface_opened telemetry on success
[22m[39m[A2UIWorkspaceRouter] Surface 'cognition' opened/updated. Tab: a2ui:cognition

[90mstdout[2m | tests/A2UISurfaces.test.ts[2m > [22m[2mA2UIWorkspaceRouter[2m > [22m[2muses stable tab ID for cognition surface
[22m[39m[A2UIWorkspaceRouter] Surface 'cognition' opened/updated. Tab: a2ui:cognition

[90mstdout[2m | tests/A2UISurfaces.test.ts[2m > [22m[2mA2UIWorkspaceRouter[2m > [22m[2muses stable tab ID for cognition surface
[22m[39m[A2UIWorkspaceRouter] Surface 'cognition' opened/updated. Tab: a2ui:cognition

[90mstdout[2m | tests/A2UISurfaces.test.ts[2m > [22m[2mA2UIWorkspaceRouter[2m > [22m[2misSurfaceOpen returns true after opening
[22m[39m[A2UIWorkspaceRouter] Surface 'cognition' opened/updated. Tab: a2ui:cognition

[90mstdout[2m | tests/A2UISurfaces.test.ts[2m > [22m[2mA2UIWorkspaceRouter[2m > [22m[2mgetDiagnosticsSummary reflects open surfaces
[22m[39m[A2UIWorkspaceRouter] Surface 'world' opened/updated. Tab: a2ui:world

[90mstdout[2m | tests/A2UISurfaces.test.ts[2m > [22m[2mA2UIWorkspaceRouter[2m > [22m[2mfalls back gracefully when world model is unavailable
[22m[39m[A2UIWorkspaceRouter] Surface 'world' opened/updated. Tab: a2ui:world

[90mstdout[2m | tests/A2UISurfaces.test.ts[2m > [22m[2mA2UIActionBridge[2m > [22m[2mdispatches open_cognition_surface successfully
[22m[39m[A2UIWorkspaceRouter] Surface 'cognition' opened/updated. Tab: a2ui:cognition

[90mstdout[2m | tests/A2UISurfaces.test.ts[2m > [22m[2mA2UIActionBridge[2m > [22m[2mdispatches open_world_surface successfully
[22m[39m[A2UIWorkspaceRouter] Surface 'world' opened/updated. Tab: a2ui:world

[90mstdout[2m | tests/A2UISurfaces.test.ts[2m > [22m[2mA2UIActionBridge[2m > [22m[2mdispatches run_maintenance_check and refreshes surface
[22m[39m[A2UIWorkspaceRouter] Surface 'maintenance' opened/updated. Tab: a2ui:maintenance

[90mstdout[2m | tests/A2UISurfaces.test.ts[2m > [22m[2mA2UIActionBridge[2m > [22m[2mdispatches switch_maintenance_mode with valid mode
[22m[39m[A2UIWorkspaceRouter] Surface 'maintenance' opened/updated. Tab: a2ui:maintenance

 [32mΓ£ô[39m tests/AffectiveGraphIntegration.test.ts [2m([22m[2m16 tests[22m[2m)[22m[32m 30[2mms[22m[39m
[90mstdout[2m | tests/A2UISurfaces.test.ts[2m > [22m[2mA2UIActionBridge[2m > [22m[2memits a2ui_action_received telemetry on dispatch
[22m[39m[A2UIWorkspaceRouter] Surface 'cognition' opened/updated. Tab: a2ui:cognition

[90mstdout[2m | tests/A2UISurfaces.test.ts[2m > [22m[2mA2UIActionBridge[2m > [22m[2memits a2ui_action_validated telemetry for allowlisted action
[22m[39m[A2UIWorkspaceRouter] Surface 'cognition' opened/updated. Tab: a2ui:cognition

 [32mΓ£ô[39m tests/SelfMaintenance.test.ts [2m([22m[2m50 tests[22m[2m)[22m[32m 35[2mms[22m[39m
[90mstdout[2m | tests/A2UISurfaces.test.ts[2m > [22m[2mA2UIActionBridge[2m > [22m[2memits a2ui_action_executed telemetry on success
[22m[39m[A2UIWorkspaceRouter] Surface 'cognition' opened/updated. Tab: a2ui:cognition

[90mstdout[2m | tests/A2UISurfaces.test.ts[2m > [22m[2mA2UIActionBridge[2m > [22m[2mgetActionCounts increments dispatched count
[22m[39m[A2UIWorkspaceRouter] Surface 'cognition' opened/updated. Tab: a2ui:cognition

[90mstdout[2m | tests/A2UISurfaces.test.ts[2m > [22m[2mA2UIActionBridge[2m > [22m[2mgetActionCounts increments dispatched count
[22m[39m[A2UIWorkspaceRouter] Surface 'world' opened/updated. Tab: a2ui:world

[90mstdout[2m | tests/A2UISurfaces.test.ts[2m > [22m[2mWorkspace UX Rules[2m > [22m[2mrouter does not emit webContents.send to chat channel
[22m[39m[A2UIWorkspaceRouter] Surface 'cognition' opened/updated. Tab: a2ui:cognition

 [32mΓ£ô[39m tests/A2UISurfaces.test.ts [2m([22m[2m41 tests[22m[2m)[22m[32m 44[2mms[22m[39m
 [32mΓ£ô[39m electron/__tests__/cognitive/ReflectionNoiseControl.test.ts [2m([22m[2m21 tests[22m[2m)[22m[32m 20[2mms[22m[39m
 [32mΓ£ô[39m tests/MemoryPolicy.test.ts [2m([22m[2m33 tests[22m[2m)[22m[32m 21[2mms[22m[39m
 [32mΓ£ô[39m electron/__tests__/cognitive/PreInferenceContextOrchestrator.test.ts [2m([22m[2m22 tests[22m[2m)[22m[32m 28[2mms[22m[39m
[90mstderr[2m | tests
/P7aHardeningAudit.test
.ts[2m > [22m[2mderi
vedWriteGuards ΓÇö reso
lveMemoryAuthorityConfl
ict[2m > 
[22m[2mcanonical 
always wins when 
content differs
[22m[39m[P7A] 
Authority conflict 
detected in "test": 
canonical memory_id=000
00000-0000-0000-0000-00
0000000001 v2 differs 
from derived (anchor=00
000000-0000-0000-0000-0
00000000001). 
Canonical wins. 
Derived content 
discarded.

[90mstderr[2m | tests
/P7aHardeningAudit.test
.ts[2m > [22m[2mderi
vedWriteGuards ΓÇö reso
lveMemoryAuthorityConfl
ict[2m > 
[22m[2mcanonical 
wins even when derived 
has no anchor
[22m[39m[P7A] 
Authority conflict 
detected in 
"unanchored-test": 
canonical memory_id=000
00000-0000-0000-0000-00
0000000001 v3 differs 
from derived 
(anchor=none). 
Canonical wins. 
Derived content 
discarded.

 [32mΓ£ô[39m tests/P7aHardeningAudit.test.ts [2m([22m[2m23 tests[22m[2m)[22m[32m 26[2mms[22m[39m
[90mstdout[2m | electron/__tests__/router/Phase1Hardening.test.ts[2m > [22m[2mTurnContext ΓÇö canonical structure[2m > [22m[2mpopulates all required canonical fields
[22m[39m[TalaRouter] Processing turn turn-1 in mode=assistant 
[IntentClassifier] intent=technical confidence=0.85
[TalaRouter] Intent: technical | Suppressed: false | Reason: standard 

[90mstdout[2m | electron/__tests__/router/Phase1Hardening.test.ts[2m > [22m[2mTurnContext ΓÇö canonical structure[2m > [22m[2mpopulates all required canonical fields
[22m[39m[TalaRouter] Routing complete. Approved memories: 0/0
[TalaRouter] Capabilities ΓÇö allowed=["all"] blocked=[]
[TalaRouter] Memory write policy: long_term ΓÇö Technical/technical intent warrants long-term retention

[90mstdout[2m | electron/__tests__/router/Phase1Hardening.test.ts[2m > [22m[2mTurnContext ΓÇö canonical structure[2m > [22m[2mnormalizes rawInput correctly
[22m[39m[TalaRouter] Processing turn turn-2 in mode=assistant 
[IntentClassifier] intent=lore tone=greeting confidence=0.9 reason=autobiographical_request_overrode_social_opener
[TalaRouter] Intent: lore | Suppressed: false | Reason: Lore > Greeting (autobiographical opener) 
[TalaRouter] Greeting opener present, but lore request overrides suppression ΓÇö retrieval will run

[90mstdout[2m | electron/__tests__/router/Phase1Hardening.test.ts[2m > [22m[2mTurnContext ΓÇö canonical structure[2m > [22m[2mnormalizes rawInput correctly
[22m[39m[TalaRouter] Routing complete. Approved memories: 0/0
[TalaRouter] Capabilities ΓÇö allowed=["all"] blocked=[]
[TalaRouter] Memory write policy: short_term ΓÇö Assistant mode default: short-term retention

[90mstdout[2m | electron/__tests__/router/Phase1Hardening.test.ts[2m > [22m[2mMemory Write Policy[2m > [22m[2msuppresses memory writes in RP mode
[22m[39m[TalaRouter] Processing turn rp-1 in mode=rp 
[IntentClassifier] intent=lore tone=greeting confidence=0.9 reason=autobiographical_request_overrode_social_opener
[TalaRouter] Intent: lore | Suppressed: false | Reason: Lore > Greeting (autobiographical opener) 
[TalaRouter] Greeting opener present, but lore request overrides suppression ΓÇö retrieval will run

[90mstdout[2m | electron/__tests__/router/Phase1Hardening.test.ts[2m > [22m[2mMemory Write Policy[2m > [22m[2msuppresses memory writes in RP mode
[22m[39m[TalaRouter] RP mode policy ΓÇö tools=false, memoryReads=true, memoryWrites=false
[TalaRouter] Routing complete. Approved memories: 0/0
[TalaRouter] Capabilities ΓÇö allowed=["memory_retrieval"] blocked=["tools"]
[TalaRouter] Memory write policy: do_not_write ΓÇö RP mode isolation prohibits memory writes

[90mstdout[2m | electron/__tests__/router/Phase1Hardening.test.ts[2m > [22m[2mMemory Write Policy[2m > [22m[2msuppresses memory writes for greeting turns
[22m[39m[TalaRouter] Processing turn greet-1 in mode=assistant 
[IntentClassifier] intent=greeting confidence=0.95
[TalaRouter] Intent: greeting | Suppressed: true | Reason: standard 
[TalaRouter] Retrieval bypassed ΓÇö greeting intent (no lore/substantive override).
[TalaRouter] Routing complete. Approved memories: 0/0
[TalaRouter] Capabilities ΓÇö allowed=[] blocked=["memory_retrieval"]
[TalaRouter] Memory write policy: do_not_write ΓÇö Greeting turns carry no persistent content

[90mstdout[2m | electron/__tests__/router/Phase1Hardening.test.ts[2m > [22m[2mMemory Write Policy[2m > [22m[2mallows short-term writes in hybrid mode
[22m[39m[TalaRouter] Processing turn hybrid-1 in mode=hybrid 
[IntentClassifier] intent=unknown confidence=0.5 reason=no_signal_matched
[TalaRouter] Intent: unknown | Suppressed: false | Reason: standard 

[90mstdout[2m | electron/__tests__/router/Phase1Hardening.test.ts[2m > [22m[2mMemory Write Policy[2m > [22m[2mallows short-term writes in hybrid mode
[22m[39m[TalaRouter] Routing complete. Approved memories: 0/0
[TalaRouter] Capabilities ΓÇö allowed=["all"] blocked=[]
[TalaRouter] Memory write policy: short_term ΓÇö Hybrid mode uses short-term persistence by default

[90mstdout[2m | electron/__tests__/router/Phase1Hardening.test.ts[2m > [22m[2mMemory Write Policy[2m > [22m[2mapproves long-term writes for technical queries in assistant mode
[22m[39m[TalaRouter] Processing turn assist-tech-1 in mode=assistant 
[IntentClassifier] intent=technical confidence=0.85
[TalaRouter] Intent: technical | Suppressed: false | Reason: standard 

[90mstdout[2m | electron/__tests__/router/Phase1Hardening.test.ts[2m > [22m[2mMemory Write Policy[2m > [22m[2mapproves long-term writes for technical queries in assistant mode
[22m[39m[TalaRouter] Routing complete. Approved memories: 0/0
[TalaRouter] Capabilities ΓÇö allowed=["all"] blocked=[]
[TalaRouter] Memory write policy: long_term ΓÇö Technical/technical intent warrants long-term retention

[90mstdout[2m | electron/__tests__/router/Phase1Hardening.test.ts[2m > [22m[2mMode Gating ΓÇö capability enforcement[2m > [22m[2mblocks tools (not all) in RP mode and allows memory_retrieval
[22m[39m[TalaRouter] Processing turn rp-gate-1 in mode=rp 
[IntentClassifier] intent=lore tone=greeting confidence=0.9 reason=autobiographical_request_overrode_social_opener
[TalaRouter] Intent: lore | Suppressed: false | Reason: Lore > Greeting (autobiographical opener) 
[TalaRouter] Greeting opener present, but lore request overrides suppression ΓÇö retrieval will run

[90mstdout[2m | electron/__tests__/router/Phase1Hardening.test.ts[2m > [22m[2mMode Gating ΓÇö capability enforcement[2m > [22m[2mblocks tools (not all) in RP mode and allows memory_retrieval
[22m[39m[TalaRouter] RP mode policy ΓÇö tools=false, memoryReads=true, memoryWrites=false
[TalaRouter] Routing complete. Approved memories: 0/0
[TalaRouter] Capabilities ΓÇö allowed=["memory_retrieval"] blocked=["tools"]
[TalaRouter] Memory write policy: do_not_write ΓÇö RP mode isolation prohibits memory writes

[90mstdout[2m | electron/__tests__/router/Phase1Hardening.test.ts[2m > [22m[2mMode Gating ΓÇö capability enforcement[2m > [22m[2mallows all capabilities in assistant mode for substantive queries
[22m[39m[TalaRouter] Processing turn assist-gate-1 in mode=assistant 
[IntentClassifier] intent=technical confidence=0.85
[TalaRouter] Intent: technical | Suppressed: false | Reason: standard 

[90mstdout[2m | electron/__tests__/router/Phase1Hardening.test.ts[2m > [22m[2mMode Gating ΓÇö capability enforcement[2m > [22m[2mallows all capabilities in assistant mode for substantive queries
[22m[39m[TalaRouter] Routing complete. Approved memories: 0/0
[TalaRouter] Capabilities ΓÇö allowed=["all"] blocked=[]
[TalaRouter] Memory write policy: long_term ΓÇö Technical/technical intent warrants long-term retention

[90mstdout[2m | electron/__tests__/router/Phase1Hardening.test.ts[2m > [22m[2mMode Gating ΓÇö capability enforcement[2m > [22m[2mblocks memory_retrieval for greeting turns regardless of mode
[22m[39m[TalaRouter] Processing turn greet-gate-1 in mode=assistant 
[IntentClassifier] intent=greeting confidence=0.95
[TalaRouter] Intent: greeting | Suppressed: true | Reason: standard 
[TalaRouter] Retrieval bypassed ΓÇö greeting intent (no lore/substantive override).
[TalaRouter] Routing complete. Approved memories: 0/0
[TalaRouter] Capabilities ΓÇö allowed=[] blocked=["memory_retrieval"]
[TalaRouter] Memory write policy: do_not_write ΓÇö Greeting turns carry no persistent content

[90mstdout[2m | electron/__tests__/router/Phase1Hardening.test.ts[2m > [22m[2mMode Gating ΓÇö capability enforcement[2m > [22m[2mrecords mode in TurnContext for audit
[22m[39m[TalaRouter] Processing turn mode-record-1 in mode=hybrid 
[IntentClassifier] intent=technical confidence=0.85
[TalaRouter] Intent: technical | Suppressed: false | Reason: standard 

[90mstdout[2m | electron/__tests__/router/Phase1Hardening.test.ts[2m > [22m[2mMode Gating ΓÇö capability enforcement[2m > [22m[2mrecords mode in TurnContext for audit
[22m[39m[TalaRouter] Routing complete. Approved memories: 0/0
[TalaRouter] Capabilities ΓÇö allowed=["all"] blocked=[]
[TalaRouter] Memory write policy: short_term ΓÇö Hybrid mode uses short-term persistence by default

[90mstdout[2m | electron/__tests__/router/Phase1Hardening.test.ts[2m > [22m[2mArtifactRouter ΓÇö routing decisions and fallback[2m > [22m[2mroutes raw content override to chat regardless of length
[22m[39m[ArtifactRouter] RAW_CONTENT_OVERRIDE DETECTED. Bypassing artifact routing.

[90mstdout[2m | electron/__tests__/router/Phase1Hardening.test.ts[2m > [22m[2mArtifactRouter ΓÇö routing decisions and fallback[2m > [22m[2mincludes routingReason in all outputs
[22m[39m[ArtifactRouter] RAW_CONTENT_OVERRIDE DETECTED. Bypassing artifact routing.

 [32mΓ£ô[39m electron/__tests__/router/Phase1Hardening.test.ts [2m([22m[2m24 tests[22m[2m)[22m[32m 35[2mms[22m[39m
 [32mΓ£ô[39m tests/P7DUnifiedCandidateArena.test.ts [2m([22m[2m17 tests[22m[2m)[22m[32m 25[2mms[22m[39m
 [32mΓ£ô[39m tests/PgvectorSemanticMemory.test.ts [2m([22m[2m15 tests[22m[2m)[22m[32m 21[2mms[22m[39m
 [32mΓ£ô[39m electron/__tests__/context/ContextAssemblyDeterminism.test.ts [2m([22m[2m8 tests[22m[2m)[22m[32m 21[2mms[22m[39m
[90mstdout[2m | tests/ExternalApiSearchProvider.test.ts[2m > [22m[2mExternalApiSearchProvider and Health Tracker[2m > [22m[2mhandles success and records health
[22m[39m[ExternalApiSearchProvider][external:brave] GET https://api.search.brave.com/res/v1/web/search?q=test

[90mstdout[2m | tests/ExternalApiSearchProvider.test.ts[2m > [22m[2mExternalApiSearchProvider and Health Tracker[2m > [22m[2mhandles success and records health
[22m[39m[ExternalSearch][external:brave] OK 1 results in 3ms

[90mstdout[2m | tests/ExternalApiSearchProvider.test.ts[2m > [22m[2mExternalApiSearchProvider and Health Tracker[2m > [22m[2mhandles 401 error and increments consecutive failure tracker
[22m[39m[ExternalApiSearchProvider][external:brave] GET https://api.search.brave.com/res/v1/web/search?q=test

[90mstderr[2m | tests
/ExternalApiSearchProvi
der.test.ts[2m > [22m
[2mExternalApiSearchPr
ovider and Health 
Tracker[2m > 
[22m[2mhandles 401 
error and increments 
consecutive failure 
tracker
[22m[39m[ExternalSear
ch][external:brave] 
FAIL phase=response 
status=401 message="[ex
ternal:brave][response]
 Brave Search returned 
HTTP 401" preview="{"me
ssage":"Invalid API 
key"}"

[90mstdout[2m | tests/ExternalApiSearchProvider.test.ts[2m > [22m[2mExternalApiSearchProvider and Health Tracker[2m > [22m[2mhandles 401 error and increments consecutive failure tracker
[22m[39m[ExternalApiSearchProvider][external:brave] GET https://api.search.brave.com/res/v1/web/search?q=test2

[90mstderr[2m | tests
/ExternalApiSearchProvi
der.test.ts[2m > [22m
[2mExternalApiSearchPr
ovider and Health 
Tracker[2m > 
[22m[2mhandles 401 
error and increments 
consecutive failure 
tracker
[22m[39m[ExternalSear
ch][external:brave] 
FAIL phase=response 
status=401 message="[ex
ternal:brave][response]
 Brave Search returned 
HTTP 401" preview="{"me
ssage":"Invalid API 
key"}"

[90mstdout[2m | tests/ExternalApiSearchProvider.test.ts[2m > [22m[2mExternalApiSearchProvider and Health Tracker[2m > [22m[2mhandles 401 error and increments consecutive failure tracker
[22m[39m[ExternalApiSearchProvider][external:brave] GET https://api.search.brave.com/res/v1/web/search?q=test3

[90mstderr[2m | tests
/ExternalApiSearchProvi
der.test.ts[2m > [22m
[2mExternalApiSearchPr
ovider and Health 
Tracker[2m > 
[22m[2mhandles 401 
error and increments 
consecutive failure 
tracker
[22m[39m[ExternalSear
ch][external:brave] 
FAIL phase=response 
status=401 message="[ex
ternal:brave][response]
 Brave Search returned 
HTTP 401" preview="{"me
ssage":"Invalid API 
key"}"

[90mstderr[2m | tests
/ExternalApiSearchProvi
der.test.ts[2m > [22m
[2mExternalApiSearchPr
ovider and Health 
Tracker[2m > 
[22m[2mthrows early 
if missing api key
[22m[39m[ExternalSear
ch][external:brave] 
FAIL phase=config messa
ge="[external:brave][co
nfig] Brave Search API 
key 
(X-Subscription-Token) 
is not configured. Add 
your Brave API key in 
Settings ΓåÆ Search."

[90mstdout[2m | tests/ExternalApiSearchProvider.test.ts[2m > [22m[2mExternalApiSearchProvider and Health Tracker[2m > [22m[2mvalidates normalized results and filters bad ones
[22m[39m[ExternalApiSearchProvider][external:brave] GET https://api.search.brave.com/res/v1/web/search?q=validation+test

 [32mΓ£ô[39m electron/__tests__/cognitive/CognitiveDiagnosticsSnapshot.test.ts [2m([22m[2m14 tests[22m[2m)[22m[32m 23[2mms[22m[39m
[90mstdout[2m | tests/ExternalApiSearchProvider.test.ts[2m > [22m[2mExternalApiSearchProvider and Health Tracker[2m > [22m[2mvalidates normalized results and filters bad ones
[22m[39m[ExternalSearch][external:brave] Dropped 2 invalid results during normalization

[90mstdout[2m | tests/ExternalApiSearchProvider.test.ts[2m > [22m[2mExternalApiSearchProvider and Health Tracker[2m > [22m[2mtestProvider export handles success and formats properly
[22m[39m[ExternalApiSearchProvider][external:brave] GET https://api.search.brave.com/res/v1/web/search?q=test+query

[90mstderr[2m | tests
/ExternalApiSearchProvi
der.test.ts[2m > [22m
[2mExternalApiSearchPr
ovider and Health 
Tracker[2m > 
[22m[2mvalidates 
normalized results and 
filters bad ones
[22m[39m[ExternalSear
ch][external:brave] 
FAIL phase=normalize me
ssage="[external:brave]
[normalize] More than 
50% of results (2/3) 
were invalid (missing 
title or valid URI)."

[90mstdout[2m | tests/ExternalApiSearchProvider.test.ts[2m > [22m[2mExternalApiSearchProvider and Health Tracker[2m > [22m[2mtestProvider export handles success and formats properly
[22m[39m[ExternalSearch][external:brave] OK 1 results in 0ms

[90mstdout[2m | electron/__tests__/reflection/ReflectionUIPath.test.ts[2m > [22m[2mReflectionAppService (Facade)[2m > [22m[2mroutes getDashboardState correctly and logs telemetry
[22m[39m[ReflectionAppService] ≡ƒƒó IPC Invoke: getDashboardState 

 [32mΓ£ô[39m tests/ExternalApiSearchProvider.test.ts [2m([22m[2m5 tests[22m[2m)[22m[32m 18[2mms[22m[39m
[90mstdout[2m | electron/__tests__/reflection/ReflectionUIPath.test.ts[2m > [22m[2mReflectionAppService (Facade)[2m > [22m[2mroutes createGoal and enqueues immediately
[22m[39m[ReflectionAppService] ≡ƒƒó IPC Invoke: createGoal 

[90mstdout[2m | electron/__tests__/reflection/ReflectionUIPath.test.ts[2m > [22m[2mReflectionAppService (Facade)[2m > [22m[2mhandles failures gracefully and logs error telemetry
[22m[39m[ReflectionAppService] ≡ƒƒó IPC Invoke: getDashboardState 

[90mstderr[2m | elect
ron/__tests__/reflectio
n/ReflectionUIPath.test
.ts[2m > [22m[2mRefl
ectionAppService 
(Facade)[2m > 
[22m[2mhandles 
failures gracefully 
and logs error 
telemetry
[22m[39m[ReflectionAp
pService] ≡ƒö┤ IPC 
Error in 
getDashboardState: 
Error: Backend error
    at D:/src/client1/t
ala-app/electron/__test
s__/reflection/Reflecti
onUIPath.test.ts:85:67
    at [90mfile:///D:/
src/client1/tala-app/[
39mnode_modules/[4m@vi
test[24m/runner/dist/i
ndex.js:296:11
    at [90mfile:///D:/
src/client1/tala-app/[
39mnode_modules/[4m@vi
test[24m/runner/dist/i
ndex.js:1258:26
    at [90mfile:///D:/
src/client1/tala-app/[
39mnode_modules/[4m@vi
test[24m/runner/dist/i
ndex.js:1681:20
    at new Promise 
(<anonymous>)
    at runWithCancel [
90m(file:///D:/src/clie
nt1/tala-app/[39mnode_
modules/[4m@vitest[24
m/runner/dist/index.js:
1678:10[90m)[39m
    at [90mfile:///D:/
src/client1/tala-app/[
39mnode_modules/[4m@vi
test[24m/runner/dist/i
ndex.js:1660:20
    at new Promise 
(<anonymous>)
    at runWithTimeout 
[90m(file:///D:/src/cli
ent1/tala-app/[39mnode
_modules/[4m@vitest[2
4m/runner/dist/index.js
:1627:10[90m)[39m
    at [90mfile:///D:/
src/client1/tala-app/[
39mnode_modules/[4m@vi
test[24m/runner/dist/i
ndex.js:2309:64

 [32mΓ£ô[39m tests/LocalEmbeddingProvider.test.ts [2m([22m[2m14 tests[22m[2m)[22m[32m 21[2mms[22m[39m
 [32mΓ£ô[39m electron/__tests__/reflection/ReflectionUIPath.test.ts [2m([22m[2m4 tests[22m[2m)[22m[32m 24[2mms[22m[39m
 [32mΓ£ô[39m electron/__tests__/reflection/ReflectionTelemetry.test.ts [2m([22m[2m17 tests[22m[2m)[22m[32m 20[2mms[22m[39m
 [32mΓ£ô[39m electron/__tests__/cognitive/CrossModelConsistency.test.ts [2m([22m[2m12 tests[22m[2m)[22m[32m 21[2mms[22m[39m
 [32mΓ£ô[39m electron/__tests__/cognitive/CognitiveTurnModel.test.ts [2m([22m[2m21 tests[22m[2m)[22m[32m 20[2mms[22m[39m
 [32mΓ£ô[39m tests/BrowserActionAck.test.ts [2m([22m[2m37 tests[22m[2m)[22m[32m 22[2mms[22m[39m
 [32mΓ£ô[39m tests/AffectiveGraphService.test.ts [2m([22m[2m29 tests[22m[2m)[22m[32m 20[2mms[22m[39m
 [32mΓ£ô[39m tests/EmbeddingsRepository.test.ts [2m([22m[2m11 tests[22m[2m)[22m[32m 19[2mms[22m[39m
 [32mΓ£ô[39m electron/__tests__/cognitive/CognitiveTelemetry.test.ts [2m([22m[2m16 tests[22m[2m)[22m[32m 18[2mms[22m[39m
 [32mΓ£ô[39m electron/__tests__/cognitive/CognitiveContextCompactor.test.ts [2m([22m[2m16 tests[22m[2m)[22m[32m 22[2mms[22m[39m
 [32mΓ£ô[39m electron/__tests__/cognitive/EmotionalModulationValidation.test.ts [2m([22m[2m22 tests[22m[2m)[22m[32m 20[2mms[22m[39m
 [32mΓ£ô[39m electron/__tests__/cognitive/MemoryContribution.test.ts [2m([22m[2m20 tests[22m[2m)[22m[32m 21[2mms[22m[39m
 [32mΓ£ô[39m tests/P7DCrossLayerNormalization.test.ts [2m([22m[2m36 tests[22m[2m)[22m[32m 18[2mms[22m[39m
 [32mΓ£ô[39m tests/ChunkEmbeddingService.test.ts [2m([22m[2m10 tests[22m[2m)[22m[32m 21[2mms[22m[39m
[90mstdout[2m | electron/__tests__/diagnostics/RuntimeDiagnosticsModel.test.ts
[22m[39m[AuditLogger] Initialized at: \tmp\tala-test\userData\logs\audit-log.jsonl

 [32mΓ£ô[39m electron/__tests__/telemetry/TelemetryService.test.ts [2m([22m[2m16 tests[22m[2m)[22m[32m 19[2mms[22m[39m
 [32mΓ£ô[39m electron/__tests__/diagnostics/RuntimeDiagnosticsModel.test.ts [2m([22m[2m14 tests[22m[2m)[22m[32m 18[2mms[22m[39m
 [32mΓ£ô[39m tests/SemanticSearchProvider.test.ts [2m([22m[2m12 tests[22m[2m)[22m[32m 18[2mms[22m[39m
[90mstdout[2m | electron/__tests__/diagnostics/McpLifecycle.test.ts
[22m[39m[AuditLogger] Initialized at: \tmp\tala-test\userData\logs\audit-log.jsonl

 [32mΓ£ô[39m electron/__tests__/cognitive/TinyModelPromptValidation.test.ts [2m([22m[2m17 tests[22m[2m)[22m[32m 18[2mms[22m[39m
 [32mΓ£ô[39m electron/__tests__/inference/ProviderSelection.test.ts [2m([22m[2m15 tests[22m[2m)[22m[32m 15[2mms[22m[39m
 [32mΓ£ô[39m electron/__tests__/diagnostics/McpLifecycle.test.ts [2m([22m[2m20 tests[22m[2m)[22m[32m 20[2mms[22m[39m
 [32mΓ£ô[39m tests/MemoryRankingValidation.test.ts [2m([22m[2m13 tests[22m[2m)[22m[32m 15[2mms[22m[39m
 [32mΓ£ô[39m tests/ReflectionNoiseControl.test.ts [2m([22m[2m14 tests[22m[2m)[22m[32m 16[2mms[22m[39m
 [32mΓ£ô[39m electron/__tests__/docs/DocRetrievalGating.test.ts [2m([22m[2m16 tests[22m[2m)[22m[32m 18[2mms[22m[39m
 [32mΓ£ô[39m electron/__tests__/cognitive/McpGatingValidation.test.ts [2m([22m[2m11 tests[22m[2m)[22m[32m 13[2mms[22m[39m
 [32mΓ£ô[39m electron/__tests__/cognitive/EmotionalModulation.test.ts [2m([22m[2m15 tests[22m[2m)[22m[32m 18[2mms[22m[39m
[90mstdout[2m | electron/__tests__/diagnostics/DiagnosticsReflection.test.ts
[22m[39m[AuditLogger] Initialized at: \tmp\tala-test\userData\logs\audit-log.jsonl

 [32mΓ£ô[39m tests/EmotionalModulationValidation.test.ts [2m([22m[2m15 tests[22m[2m)[22m[32m 14[2mms[22m[39m
 [32mΓ£ô[39m electron/__tests__/diagnostics/DiagnosticsReflection.test.ts [2m([22m[2m20 tests[22m[2m)[22m[32m 21[2mms[22m[39m
 [32mΓ£ô[39m tests/TinyModelPromptValidation.test.ts [2m([22m[2m14 tests[22m[2m)[22m[32m 17[2mms[22m[39m
 [32mΓ£ô[39m electron/__tests__/cognitive/ReflectionContribution.test.ts [2m([22m[2m20 tests[22m[2m)[22m[32m 17[2mms[22m[39m
 [32mΓ£ô[39m tests/CrossModelConsistency.test.ts [2m([22m[2m14 tests[22m[2m)[22m[32m 18[2mms[22m[39m
[90mstdout[2m | tests/reflection/ProposalEngine.test.ts[2m > [22m[2mProposalEngine[2m > [22m[2mgenerates no proposals for clean events
[22m[39m[ProposalEngine] Analyzing reflection: evt-001
[ProposalEngine] Heuristic generated 0 proposal(s).

[90mstdout[2m | tests/reflection/ProposalEngine.test.ts[2m > [22m[2mProposalEngine[2m > [22m[2mgenerates timeout proposals when timeout errors detected
[22m[39m[ProposalEngine] Analyzing reflection: evt-001
[ProposalEngine] Heuristic generated 2 proposal(s).

[90mstdout[2m | tests/reflection/ProposalEngine.test.ts[2m > [22m[2mProposalEngine[2m > [22m[2mgenerates tool hardening proposals for repeated failures
[22m[39m[ProposalEngine] Analyzing reflection: evt-001
[ProposalEngine] Heuristic generated 1 proposal(s).

[90mstdout[2m | tests/reflection/ProposalEngine.test.ts[2m > [22m[2mProposalEngine[2m > [22m[2mgenerates inference fallback proposal for connection errors
[22m[39m[ProposalEngine] Analyzing reflection: evt-001
[ProposalEngine] Heuristic generated 1 proposal(s).

[90mstdout[2m | tests/reflection/ProposalEngine.test.ts[2m > [22m[2mProposalEngine[2m > [22m[2mgenerates high error rate advisory
[22m[39m[ProposalEngine] Analyzing reflection: evt-001
[ProposalEngine] Heuristic generated 1 proposal(s).

[90mstdout[2m | tests/reflection/ProposalEngine.test.ts[2m > [22m[2mProposalEngine[2m > [22m[2mgenerates latency advisory for slow inference
[22m[39m[ProposalEngine] Analyzing reflection: evt-001
[ProposalEngine] Heuristic generated 1 proposal(s).

[90mstdout[2m | tests/AssistMode.test.ts[2m > [22m[2mAssist Mode Logic[2m > [22m[2mshould persist activeMode
[22m[39m[SettingsManager] No settings file found, using defaults.

[90mstdout[2m | tests/reflection/ProposalEngine.test.ts[2m > [22m[2mProposalEngine[2m > [22m[2mcaps proposals at 3 per cycle
[22m[39m[ProposalEngine] Analyzing reflection: evt-001
[ProposalEngine] Heuristic generated 3 proposal(s).

[90mstdout[2m | tests/reflection/ProposalEngine.test.ts[2m > [22m[2mProposalEngine[2m > [22m[2massigns valid proposal structure
[22m[39m[ProposalEngine] Analyzing reflection: evt-001
[ProposalEngine] Heuristic generated 1 proposal(s).

 [32mΓ£ô[39m electron/__tests__/cognitive/CompressionPolicies.test.ts [2m([22m[2m27 tests[22m[2m)[22m[32m 21[2mms[22m[39m
 [32mΓ£ô[39m tests/AssistMode.test.ts [2m([22m[2m5 tests[22m[2m)[22m[32m 11[2mms[22m[39m
 [32mΓ£ô[39m tests/reflection/ProposalEngine.test.ts [2m([22m[2m8 tests[22m[2m)[22m[32m 19[2mms[22m[39m
 [32mΓ£ô[39m tests/ToolCallPipeline.test.ts [2m([22m[2m28 tests[22m[2m)[22m[32m 14[2mms[22m[39m
[90mstdout[2m | tests/RetrievalOrchestratorFallback.test.ts[2m > [22m[2mRetrievalOrchestrator Fallback Logic[2m > [22m[2mfalls back to duckduckgo when curated provider throws an error
[22m[39m[RetrievalOrchestrator] retrieve starting for query: "test query" (mode: keyword)

[90mstdout[2m | tests/RetrievalOrchestratorFallback.test.ts[2m > [22m[2mRetrievalOrchestrator Fallback Logic[2m > [22m[2mfalls back to duckduckgo when curated provider throws an error
[22m[39m[RetrievalOrchestrator] Using curated external provider: external:brave

[90mstderr[2m | tests
/RetrievalOrchestratorF
allback.test.ts[2m > 
[22m[2mRetrievalOrches
trator Fallback 
Logic[2m > 
[22m[2mfalls back to 
duckduckgo when 
curated provider 
throws an error
[22m[39m[RetrievalOrc
hestrator] FALLBACK 
external:brave ΓåÆ 
duckduckgo

[90mstdout[2m | tests/RetrievalOrchestratorFallback.test.ts[2m > [22m[2mRetrievalOrchestrator Fallback Logic[2m > [22m[2mfalls back to duckduckgo when curated provider throws an error
[22m[39m[RetrievalOrchestrator] retrieve completed in 2ms with 1 results.

[90mstdout[2m | tests/RetrievalOrchestratorFallback.test.ts[2m > [22m[2mRetrievalOrchestrator Fallback Logic[2m > [22m[2mdoes NOT fallback to duckduckgo when curated provider returns 0 results successfully
[22m[39m[RetrievalOrchestrator] retrieve starting for query: "test query empty" (mode: keyword)

[90mstdout[2m | tests/RetrievalOrchestratorFallback.test.ts[2m > [22m[2mRetrievalOrchestrator Fallback Logic[2m > [22m[2mdoes NOT fallback to duckduckgo when curated provider returns 0 results successfully
[22m[39m[RetrievalOrchestrator] Using curated external provider: external:brave

[90mstdout[2m | tests/RetrievalOrchestratorFallback.test.ts[2m > [22m[2mRetrievalOrchestrator Fallback Logic[2m > [22m[2mdoes NOT fallback to duckduckgo when curated provider returns 0 results successfully
[22m[39m[RetrievalOrchestrator] retrieve completed in 1ms with 0 results.

[90mstdout[2m | tests/RetrievalOrchestratorFallback.test.ts[2m > [22m[2mRetrievalOrchestrator Fallback Logic[2m > [22m[2mkeeps both errors if fallback also fails
[22m[39m[RetrievalOrchestrator] retrieve starting for query: "doom" (mode: keyword)

[90mstdout[2m | tests/RetrievalOrchestratorFallback.test.ts[2m > [22m[2mRetrievalOrchestrator Fallback Logic[2m > [22m[2mkeeps both errors if fallback also fails
[22m[39m[RetrievalOrchestrator] Using curated external provider: external:brave

[90mstderr[2m | tests
/RetrievalOrchestratorF
allback.test.ts[2m > 
[22m[2mRetrievalOrches
trator Fallback 
Logic[2m > 
[22m[2mkeeps both 
errors if fallback 
also fails
[22m[39m[RetrievalOrc
hestrator] FALLBACK 
external:brave ΓåÆ 
duckduckgo

[90mstdout[2m | tests/RetrievalOrchestratorFallback.test.ts[2m > [22m[2mRetrievalOrchestrator Fallback Logic[2m > [22m[2mkeeps both errors if fallback also fails
[22m[39m[RetrievalOrchestrator] retrieve completed in 1ms with 0 results.

 [32mΓ£ô[39m tests/RetrievalOrchestratorFallback.test.ts [2m([22m[2m3 tests[22m[2m)[22m[32m 15[2mms[22m[39m
 [32mΓ£ô[39m electron/__tests__/cognitive/ModelCapabilityClassifier.test.ts [2m([22m[2m20 tests[22m[2m)[22m[32m 14[2mms[22m[39m
[90mstdout[2m | tests/reflection/RiskEngine.test.ts[2m > [22m[2mRiskEngine[2m > [22m[2massesses low-risk proposals as safe
[22m[39m[RiskEngine] Initialized ΓÇö autoApplyLimit: 5, changeBudget: 10/day
[RiskEngine] Assessing proposal: test-prop-001 (Score: 2, AutoApplyLimit: 5)
[RiskEngine] Γ£à APPROVED for auto-apply.

[90mstdout[2m | tests/reflection/RiskEngine.test.ts[2m > [22m[2mRiskEngine[2m > [22m[2mblocks proposals above auto-apply threshold
[22m[39m[RiskEngine] Initialized ΓÇö autoApplyLimit: 3, changeBudget: 10/day
[RiskEngine] Assessing proposal: test-prop-001 (Score: 7, AutoApplyLimit: 3)
[RiskEngine] ≡ƒöÆ BLOCKED ΓÇö Reason: Score 7 > limit 3

[90mstdout[2m | tests/reflection/RiskEngine.test.ts[2m > [22m[2mRiskEngine[2m > [22m[2mnever auto-applies in safe leash mode (level 0)
[22m[39m[RiskEngine] Initialized ΓÇö autoApplyLimit: 0, changeBudget: 10/day
[RiskEngine] Assessing proposal: test-prop-001 (Score: 1, AutoApplyLimit: 0)
[RiskEngine] ≡ƒöÆ BLOCKED ΓÇö Reason: Score 1 > limit 0

[90mstdout[2m | tests/reflection/RiskEngine.test.ts[2m > [22m[2mRiskEngine[2m > [22m[2mrespects daily change budget
[22m[39m[RiskEngine] Initialized ΓÇö autoApplyLimit: 10, changeBudget: 2/day
[RiskEngine] Assessing proposal: test-prop-001 (Score: 3, AutoApplyLimit: 10)
[RiskEngine] ≡ƒöÆ BLOCKED ΓÇö Reason: Failed gates: Change Budget

[90mstdout[2m | tests/reflection/RiskEngine.test.ts[2m > [22m[2mRiskEngine[2m > [22m[2mevaluates multiple gates
[22m[39m[RiskEngine] Initialized ΓÇö autoApplyLimit: 5, changeBudget: 10/day
[RiskEngine] Assessing proposal: test-prop-001 (Score: 3, AutoApplyLimit: 5)
[RiskEngine] Γ£à APPROVED for auto-apply.

 [32mΓ£ô[39m tests/reflection/RiskEngine.test.ts [2m([22m[2m5 tests[22m[2m)[22m[32m 15[2mms[22m[39m
 [32mΓ£ô[39m tests/SearchSelection.test.ts [2m([22m[2m21 tests[22m[2m)[22m[32m 15[2mms[22m[39m
 [32mΓ£ô[39m tests/MemoryPolicyService.test.ts [2m([22m[2m25 tests[22m[2m)[22m[32m 14[2mms[22m[39m
 [32mΓ£ô[39m electron/__tests__/cognitive/MemoryRankingValidation.test.ts [2m([22m[2m13 tests[22m[2m)[22m[32m 14[2mms[22m[39m
 [32mΓ£ô[39m tests/DocRetrievalValidation.test.ts [2m([22m[2m10 tests[22m[2m)[22m[32m 13[2mms[22m[39m
 [32mΓ£ô[39m electron/__tests__/diagnostics/InferenceDiagnostics.test.ts [2m([22m[2m21 tests[22m[2m)[22m[32m 14[2mms[22m[39m
 [32mΓ£ô[39m tests/CognitiveDiagnosticsSnapshot.test.ts [2m([22m[2m10 tests[22m[2m)[22m[32m 14[2mms[22m[39m
 [32mΓ£ô[39m electron/__tests__/context/ContextAssemblyDiagnostics.test.ts [2m([22m[2m3 tests[22m[2m)[22m[32m 14[2mms[22m[39m
 [32mΓ£ô[39m electron/__tests__/cognitive/DocRetrievalValidation.test.ts [2m([22m[2m13 tests[22m[2m)[22m[32m 13[2mms[22m[39m
 [32mΓ£ô[39m tests/McpGatingValidation.test.ts [2m([22m[2m12 tests[22m[2m)[22m[32m 11[2mms[22m[39m
 [32mΓ£ô[39m electron/__tests__/context/ContextAssemblyStrategy.test.ts [2m([22m[2m6 tests[22m[2m)[22m[32m 13[2mms[22m[39m
 [32mΓ£ô[39m tests/DuckDuckGoSearchProvider.test.ts [2m([22m[2m4 tests[22m[2m)[22m[32m 13[2mms[22m[39m
 [32mΓ£ô[39m electron/__tests__/reflection/ReflectionIntent.test.ts [2m([22m[2m6 tests[22m[2m)[22m[32m 8[2mms[22m[39m
 [32mΓ£ô[39m tests/PathResolver.test.ts [2m([22m[2m7 tests[22m[2m)[22m[32m 8[2mms[22m[39m
 [32mΓ£ô[39m tests/MemoryIdentity.test.ts [2m([22m[2m2 tests[22m[2m)[22m[32m 5[2mms[22m[39m
 [32mΓ£ô[39m tests/SystemServicePaths.test.ts [2m([22m[2m1 test[22m[2m)[22m[32m 9[2mms[22m[39m
 [32mΓ£ô[39m tests/LocalDatabaseRuntimePaths.test.ts [2m([22m[2m3 tests[22m[2m)[22m[32m 5[2mms[22m[39m
 [32mΓ£ô[39m tests/IdentityTripwire.test.ts [2m([22m[2m2 tests[22m[2m)[22m[32m 5[2mms[22m[39m
[90mstdout[2m | tests/McpRecoveryLoop.test.ts
[22m[39m[AuditLogger] Initialized at: \tmp\tala-test\userData\logs\audit-log.jsonl

 [32mΓ£ô[39m tests/McpRecoveryLoop.test.ts [2m([22m[2m13 tests[22m[2m)[22m[32m 6[2mms[22m[39m

[31mΓÄ»ΓÄ»ΓÄ»ΓÄ»ΓÄ»ΓÄ»
[39m[1m[41m Failed 
Tests 14 [49m[22m[31
mΓÄ»ΓÄ»ΓÄ»ΓÄ»ΓÄ»ΓÄ»ΓÄ»
[39m

[41m[1m FAIL 
[22m[49m tests/Contex
tAssemblyService.test.t
s[2m > [22mContextAss
emblyService[2m > 
[22mcitation and 
provenance metadata 
preservation[2m > 
[22mpreserves title, 
uri, sourceKey, score 
from retrieval result
[31m[1mAssertionError
[22m: expected 
undefined to be 'file:/
//docs/architecture.md'
 // Object.is 
equality[39m

[32m- Expected:[39m
"file:///docs/architect
ure.md"

[31m+ Received:[39m
undefined

[36m [2mΓ¥»[22m test
s/ContextAssemblyServic
e.test.ts:[2m384:24[2
2m[39m
    [90m382|[39m     
  [35mconst[39m item 
[33m=[39m result[33m
.[39mitems[[34m0[39m
][33m;[39m
    [90m383|[39m     
  [34mexpect[39m(item
[33m.[39mtitle)[33m.
[39m[34mtoBe[39m([3
2m'Architecture Overvie
w'[39m)[33m;[39m
    [90m384|[39m     
  [34mexpect[39m(item
[33m.[39muri)[33m.[
39m[34mtoBe[39m([32m
'file:///docs/architect
ure.md'[39m)[33m;[39
m
    [90m   |[39m     
                   
[31m^[39m
    [90m385|[39m     
  [34mexpect[39m(item
[33m.[39msourceKey)[
33m.[39m[34mtoBe[39m
([32m'item-key-1'[39m
)[33m;[39m
    [90m386|[39m     
  [34mexpect[39m(item
[33m.[39mscore)[33m.
[39m[34mtoBe[39m([3
4m0.95[39m)[33m;[39m

[31m[2mΓÄ»ΓÄ»ΓÄ»ΓÄ»ΓÄ
»ΓÄ»ΓÄ»ΓÄ»ΓÄ»ΓÄ»ΓÄ»ΓÄ»Γ
Ä»ΓÄ»ΓÄ»ΓÄ»ΓÄ»ΓÄ»ΓÄ»ΓÄ»
ΓÄ»ΓÄ»ΓÄ»[1/14]ΓÄ»[22m
[39m

[41m[1m FAIL 
[22m[49m tests/Contex
tAssemblyService.test.t
s[2m > [22mContextAss
emblyService[2m > 
[22maffective context 
integration[2m > 
[22maffective items 
carry 
metadata.affective=true
[31m[1mAssertionError
[22m: expected null 
to be 'modulates' // 
Object.is equality[39m

[32m- Expected:[39m
"modulates"

[31m+ Received:[39m
null

[36m [2mΓ¥»[22m test
s/ContextAssemblyServic
e.test.ts:[2m786:42[2
2m[39m
    [90m784|[39m     
  const affective = 
result.items.filter(i 
=> i.metadata?.affectiv
eΓÇª
    [90m785|[39m     
  [34mexpect[39m(affe
ctive[33m.[39mlength)
[33m.[39m[34mtoBeGre
aterThan[39m([34m0[3
9m)[33m;[39m
    [90m786|[39m     
  [34mexpect[39m(affe
ctive[[34m0[39m][33m
.[39mgraphEdgeType)[3
3m.[39m[34mtoBe[39m(
[32m'modulates'[39m)
[33m;[39m
    [90m   |[39m     
                       
              
[31m^[39m
    [90m787|[39m     
  [34mexpect[39m(affe
ctive[[34m0[39m][33m
.[39mgraphEdgeTrust)[
33m.[39m[34mtoBe[39m
([32m'session_only'[3
9m)[33m;[39m
    [90m788|[39m     
})[33m;[39m

[31m[2mΓÄ»ΓÄ»ΓÄ»ΓÄ»ΓÄ
»ΓÄ»ΓÄ»ΓÄ»ΓÄ»ΓÄ»ΓÄ»ΓÄ»Γ
Ä»ΓÄ»ΓÄ»ΓÄ»ΓÄ»ΓÄ»ΓÄ»ΓÄ»
ΓÄ»ΓÄ»ΓÄ»[2/14]ΓÄ»[22m
[39m

[41m[1m FAIL 
[22m[49m tests/GraphT
raversalService.test.ts
[2m > [22mContextAsse
mblyService graph 
integration[2m > 
[22mgraph_context 
items in 
ContextAssemblyResult 
have correct edge type
[31m[1mAssertionError
[22m: expected null 
to be 'contains' // 
Object.is equality[39m

[32m- Expected:[39m
"contains"

[31m+ Received:[39m
null

[36m [2mΓ¥»[22m test
s/GraphTraversalService
.test.ts:[2m993:41[22
m[39m
    [90m991|[39m
    [90m992|[39m     
const graphItems = 
result.items.filter(i 
=> i.selectionClass 
=== 'ΓÇª
    [90m993|[39m     
[34mexpect[39m(graphI
tems[[34m0[39m][33m.
[39mgraphEdgeType)[33
m.[39m[34mtoBe[39m(
[32m'contains'[39m)[3
3m;[39m
    [90m   |[39m     
                       
             
[31m^[39m
    [90m994|[39m     
[34mexpect[39m(graphI
tems[[34m0[39m][33m.
[39mgraphEdgeTrust)[3
3m.[39m[34mtoBe[39m(
[32m'derived'[39m)[3
3m;[39m
    [90m995|[39m   
})[33m;[39m

[31m[2mΓÄ»ΓÄ»ΓÄ»ΓÄ»ΓÄ
»ΓÄ»ΓÄ»ΓÄ»ΓÄ»ΓÄ»ΓÄ»ΓÄ»Γ
Ä»ΓÄ»ΓÄ»ΓÄ»ΓÄ»ΓÄ»ΓÄ»ΓÄ»
ΓÄ»ΓÄ»ΓÄ»[3/14]ΓÄ»[22m
[39m

[41m[1m FAIL 
[22m[49m tests/P7CAff
ectiveWeighting.test.ts
[2m > [22mP7C: 
ContextAssemblyService 
ΓÇö affective 
weighting 
integration[2m > 
[22mevidence 
affective reason code 
is layer_not_eligible 
when allowEvidenceReord
ering=false
[31m[1mAssertionError
[22m: expected null 
to be 'affective.layer_
not_eligible' // 
Object.is equality[39m

[32m- Expected:[39m
"affective.layer_not_el
igible"

[31m+ Received:[39m
null

[36m [2mΓ¥»[22m test
s/P7CAffectiveWeighting
.test.ts:[2m496:37[22
m[39m
    [90m494|[39m     
[35mfor[39m 
([35mconst[39m d 
[35mof[39m 
evidenceDecisions) {
    [90m495|[39m     
  [90m// Should be 
layer_not_eligible 
(not applied to 
evidence)[39m
    [90m496|[39m     
  expect(d.affectiveRea
sonCode).toBe('affectiv
e.layer_not_eligibleΓÇª
    [90m   |[39m     
                       
         [31m^[39m
    [90m497|[39m     
}
    [90m498|[39m   
})[33m;[39m

[31m[2mΓÄ»ΓÄ»ΓÄ»ΓÄ»ΓÄ
»ΓÄ»ΓÄ»ΓÄ»ΓÄ»ΓÄ»ΓÄ»ΓÄ»Γ
Ä»ΓÄ»ΓÄ»ΓÄ»ΓÄ»ΓÄ»ΓÄ»ΓÄ»
ΓÄ»ΓÄ»ΓÄ»[4/14]ΓÄ»[22m
[39m

[41m[1m FAIL 
[22m[49m tests/P7DCro
ssLayerAuthorityEnforce
ment.test.ts[2m > 
[22mP7D Feed 4: includ
ed.supporting_derived 
reason code[2m > 
[22mderived graph 
candidate included 
alongside canonical 
gets included.supportin
g_derived
[31m[1mAssertionError
[22m: expected 
'excluded' to be 
'included' // 
Object.is equality[39m

Expected: [32m"[7min
[27mcluded"[39m
Received: [31m"[7mex
[27mcluded"[39m

[36m [2mΓ¥»[22m test
s/P7DCrossLayerAuthorit
yEnforcement.test.ts:[
2m443:37[22m[39m
    [90m441|[39m     
const derivedDecision 
= d.decisions.find(dec 
=> 
dec.candidateId.inΓÇª
    [90m442|[39m     
[34mexpect[39m(derive
dDecision)[33m.[39m[
34mtoBeDefined[39m()[
33m;[39m
    [90m443|[39m     
[34mexpect[39m(derive
dDecision[33m![39m[3
3m.[39mstatus)[33m.[
39m[34mtoBe[39m([32m
'included'[39m)[33m;
[39m
    [90m   |[39m     
                       
         [31m^[39m
    [90m444|[39m     
expect(derivedDecision!
.reasons).toContain('in
cluded.supporting_deΓÇª
    [90m445|[39m   
})[33m;[39m

[31m[2mΓÄ»ΓÄ»ΓÄ»ΓÄ»ΓÄ
»ΓÄ»ΓÄ»ΓÄ»ΓÄ»ΓÄ»ΓÄ»ΓÄ»Γ
Ä»ΓÄ»ΓÄ»ΓÄ»ΓÄ»ΓÄ»ΓÄ»ΓÄ»
ΓÄ»ΓÄ»ΓÄ»[5/14]ΓÄ»[22m
[39m

[41m[1m FAIL 
[22m[49m tests/Retrie
valProviders.test.ts[2
m > [22mExternalApiSea
rchProvider[2m > 
[22mresult 
normalization (via 
mocked HTTP)[2m > 
[22mreturns graceful 
error result when 
_executeSearch throws
[31m[1mTypeError[22m
: .toMatch() expects 
to receive a string, 
but got object[39m
[36m [2mΓ¥»[22m test
s/RetrievalProviders.te
st.ts:[2m220:28[22m[
39m
    [90m218|[39m     
  })[33m;[39m
    [90m219|[39m     
  const result = await 
provider.search('q', 
globalScope(), 
defaultΓÇª
    [90m220|[39m     
  [34mexpect[39m(resu
lt[33m.[39merror)[33
m.[39m[34mtoMatch[39
m([36m/Network timeout
/[39m)[33m;[39m
    [90m   |[39m     
                       
[31m^[39m
    [90m221|[39m     
  [34mexpect[39m(resu
lt[33m.[39mresults)[
33m.[39m[34mtoEqual[
39m([])[33m;[39m
    [90m222|[39m     
})[33m;[39m

[31m[2mΓÄ»ΓÄ»ΓÄ»ΓÄ»ΓÄ
»ΓÄ»ΓÄ»ΓÄ»ΓÄ»ΓÄ»ΓÄ»ΓÄ»Γ
Ä»ΓÄ»ΓÄ»ΓÄ»ΓÄ»ΓÄ»ΓÄ»ΓÄ»
ΓÄ»ΓÄ»ΓÄ»[6/14]ΓÄ»[22m
[39m

[41m[1m FAIL 
[22m[49m tests/Retrie
valProviders.test.ts[2
m > [22mExternalApiSea
rchProvider[2m > 
[22mresult 
normalization (via 
mocked HTTP)[2m > 
[22mpreserves 
metadata fields 
(providerType, 
providerName, endpoint)
[31m[1mAssertionError
[22m: expected 
'brave' to be 'tavily' 
// Object.is 
equality[39m

Expected: 
[32m"tavily"[39m
Received: 
[31m"brave"[39m

[36m [2mΓ¥»[22m test
s/RetrievalProviders.te
st.ts:[2m232:34[22m[
39m
    [90m230|[39m     
  const result = await 
provider.search('q', 
globalScope(), 
defaultΓÇª
    [90m231|[39m     
  [35mconst[39m meta 
[33m=[39m result[33m
.[39mresults[[34m0[3
9m][33m.[39mmetadata
[33m;[39m
    [90m232|[39m     
  [34mexpect[39m(meta
[33m?.[39mproviderTyp
e)[33m.[39m[34mtoBe
[39m([32m'tavily'[39m
)[33m;[39m
    [90m   |[39m     
                       
      [31m^[39m
    [90m233|[39m     
  [34mexpect[39m(meta
[33m?.[39mproviderNam
e)[33m.[39m[34mtoBe
[39m([32m'Tavily'[39m
)[33m;[39m
    [90m234|[39m     
  [34mexpect[39m(meta
[33m?.[39mendpoint)[
33m.[39m[34mtoBe[39m
([32m'https://api.tavi
ly.com/search'[39m)[3
3m;[39m

[31m[2mΓÄ»ΓÄ»ΓÄ»ΓÄ»ΓÄ
»ΓÄ»ΓÄ»ΓÄ»ΓÄ»ΓÄ»ΓÄ»ΓÄ»Γ
Ä»ΓÄ»ΓÄ»ΓÄ»ΓÄ»ΓÄ»ΓÄ»ΓÄ»
ΓÄ»ΓÄ»ΓÄ»[7/14]ΓÄ»[22m
[39m

[41m[1m FAIL 
[22m[49m tests/WorldM
odel.test.ts[2m > [22
mWorkspaceStateBuilder
[2m > [22mbuilds 
workspace state for an 
existing workspace root
[31m[1mAssertionError
[22m: expected [] to 
include 'src'[39m
[36m [2mΓ¥»[22m test
s/WorldModel.test.ts:[
2m187:40[22m[39m
    [90m185|[39m     
    [34mexpect[39m(st
ate[33m.[39mmeta[33m
.[39mavailability)[33
m.[39m[34mtoBe[39m(
[32m'available'[39m)[
33m;[39m
    [90m186|[39m     
    [34mexpect[39m(st
ate[33m.[39mmeta[33m
.[39mfreshness)[33m.
[39m[34mtoBe[39m([32
m'fresh'[39m)[33m;[3
9m
    [90m187|[39m     
    [34mexpect[39m(st
ate[33m.[39mknownDire
ctories)[33m.[39m[34
mtoContain[39m([32m's
rc'[39m)[33m;[39m
    [90m   |[39m     
                       
            [31m^[39m
    [90m188|[39m     
    [34mexpect[39m(st
ate[33m.[39mknownDire
ctories)[33m.[39m[34
mtoContain[39m([32m'e
lectron'[39m)[33m;[3
9m
    [90m189|[39m     
    [34mexpect[39m(st
ate[33m.[39mknownDire
ctories)[33m.[39m[34
mtoContain[39m([32m'd
ocs'[39m)[33m;[39m

[31m[2mΓÄ»ΓÄ»ΓÄ»ΓÄ»ΓÄ
»ΓÄ»ΓÄ»ΓÄ»ΓÄ»ΓÄ»ΓÄ»ΓÄ»Γ
Ä»ΓÄ»ΓÄ»ΓÄ»ΓÄ»ΓÄ»ΓÄ»ΓÄ»
ΓÄ»ΓÄ»ΓÄ»[8/14]ΓÄ»[22m
[39m

[41m[1m FAIL 
[22m[49m tests/WorldM
odel.test.ts[2m > [22
mWorkspaceStateBuilder
[2m > [22mclassifies 
workspace as mixed 
when both src/electron 
and docs are present
[31m[1mAssertionError
[22m: expected 
'unknown' to be 
'mixed' // Object.is 
equality[39m

Expected: 
[32m"mixed"[39m
Received: 
[31m"unknown"[39m

[36m [2mΓ¥»[22m test
s/WorldModel.test.ts:[
2m195:38[22m[39m
    [90m193|[39m     
    [35mconst[39m 
builder [33m=[39m 
[35mnew[39m [33mWork
spaceStateBuilder[39m(
)[33m;[39m
    [90m194|[39m     
    [35mconst[39m 
state [33m=[39m build
er[33m.[39m[34mbuild
[39m({ workspaceRoot[
33m:[39m 
[32m'/workspace'[39m 
})[33m;[39m
    [90m195|[39m     
    [34mexpect[39m(st
ate[33m.[39mclassific
ation)[33m.[39m[34mt
oBe[39m([32m'mixed'[
39m)[33m;[39m
    [90m   |[39m     
                       
          [31m^[39m
    [90m196|[39m     
})[33m;[39m
    [90m197|[39m

[31m[2mΓÄ»ΓÄ»ΓÄ»ΓÄ»ΓÄ
»ΓÄ»ΓÄ»ΓÄ»ΓÄ»ΓÄ»ΓÄ»ΓÄ»Γ
Ä»ΓÄ»ΓÄ»ΓÄ»ΓÄ»ΓÄ»ΓÄ»ΓÄ»
ΓÄ»ΓÄ»ΓÄ»[9/14]ΓÄ»[22m
[39m

[41m[1m FAIL 
[22m[49m tests/WorldM
odel.test.ts[2m > [22
mRepoStateBuilder[2m 
> [22mbuilds repo 
state as a git repo 
when .git is present
[31m[1mAssertionError
[22m: expected false 
to be true // 
Object.is equality[39m

[32m- Expected[39m
[31m+ Received[39m

[32m- true[39m
[31m+ false[39m

[36m [2mΓ¥»[22m test
s/WorldModel.test.ts:[
2m233:30[22m[39m
    [90m231|[39m     
    [35mconst[39m 
state [33m=[39m 
[35mawait[39m builder
[33m.[39m[34mbuild[
39m([32m'/workspace'[
39m)[33m;[39m
    [90m232|[39m
    [90m233|[39m     
    [34mexpect[39m(st
ate[33m.[39misRepo)[
33m.[39m[34mtoBe[39m
([35mtrue[39m)[33m;
[39m
    [90m   |[39m     
                       
  [31m^[39m
    [90m234|[39m     
    [34mexpect[39m(st
ate[33m.[39mrepoRoot)
[33m.[39m[34mtoBe[3
9m([32m'/workspace'[3
9m)[33m;[39m
    [90m235|[39m     
})[33m;[39m

[31m[2mΓÄ»ΓÄ»ΓÄ»ΓÄ»ΓÄ
»ΓÄ»ΓÄ»ΓÄ»ΓÄ»ΓÄ»ΓÄ»ΓÄ»Γ
Ä»ΓÄ»ΓÄ»ΓÄ»ΓÄ»ΓÄ»ΓÄ»ΓÄ»
ΓÄ»ΓÄ»[10/14]ΓÄ»[22m[
39m

[41m[1m FAIL 
[22m[49m tests/WorldM
odel.test.ts[2m > [22
mRepoStateBuilder[2m 
> [22mdetects key 
directories correctly
[31m[1mAssertionError
[22m: expected [] to 
include 'src'[39m
[36m [2mΓ¥»[22m test
s/WorldModel.test.ts:[
2m241:43[22m[39m
    [90m239|[39m     
    [35mconst[39m 
state [33m=[39m 
[35mawait[39m builder
[33m.[39m[34mbuild[
39m([32m'/workspace'[
39m)[33m;[39m
    [90m240|[39m
    [90m241|[39m     
    [34mexpect[39m(st
ate[33m.[39mdetectedD
irectories)[33m.[39m
[34mtoContain[39m([32
m'src'[39m)[33m;[39m
    [90m   |[39m     
                       
               
[31m^[39m
    [90m242|[39m     
    [34mexpect[39m(st
ate[33m.[39mdetectedD
irectories)[33m.[39m
[34mtoContain[39m([32
m'electron'[39m)[33m;
[39m
    [90m243|[39m     
    [34mexpect[39m(st
ate[33m.[39mdetectedD
irectories)[33m.[39m
[34mtoContain[39m([32
m'docs'[39m)[33m;[39
m

[31m[2mΓÄ»ΓÄ»ΓÄ»ΓÄ»ΓÄ
»ΓÄ»ΓÄ»ΓÄ»ΓÄ»ΓÄ»ΓÄ»ΓÄ»Γ
Ä»ΓÄ»ΓÄ»ΓÄ»ΓÄ»ΓÄ»ΓÄ»ΓÄ»
ΓÄ»ΓÄ»[11/14]ΓÄ»[22m[
39m

[41m[1m FAIL 
[22m[49m tests/WorldM
odel.test.ts[2m > [22
mRepoStateBuilder[2m 
> [22mclassifies 
project as 
electron_app when both 
electron and src are 
present
[31m[1mAssertionError
[22m: expected 
'unknown' to be 
'electron_app' // 
Object.is equality[39m

Expected: [32m"electro
n_app"[39m
Received: 
[31m"unknown"[39m

[36m [2mΓ¥»[22m test
s/WorldModel.test.ts:[
2m250:35[22m[39m
    [90m248|[39m     
    [35mconst[39m 
builder [33m=[39m 
[35mnew[39m [33mRepo
StateBuilder[39m()[33
m;[39m
    [90m249|[39m     
    [35mconst[39m 
state [33m=[39m 
[35mawait[39m builder
[33m.[39m[34mbuild[
39m([32m'/workspace'[
39m)[33m;[39m
    [90m250|[39m     
    [34mexpect[39m(st
ate[33m.[39mprojectTy
pe)[33m.[39m[34mtoBe
[39m([32m'electron_ap
p'[39m)[33m;[39m
    [90m   |[39m     
                       
       [31m^[39m
    [90m251|[39m     
})[33m;[39m
    [90m252|[39m

[31m[2mΓÄ»ΓÄ»ΓÄ»ΓÄ»ΓÄ
»ΓÄ»ΓÄ»ΓÄ»ΓÄ»ΓÄ»ΓÄ»ΓÄ»Γ
Ä»ΓÄ»ΓÄ»ΓÄ»ΓÄ»ΓÄ»ΓÄ»ΓÄ»
ΓÄ»ΓÄ»[12/14]ΓÄ»[22m[
39m

[41m[1m FAIL 
[22m[49m tests/WorldM
odel.test.ts[2m > [22
mRepoStateBuilder[2m 
> [22mmarks 
hasArchitectureDocs 
when docs directory is 
present
[31m[1mAssertionError
[22m: expected false 
to be true // 
Object.is equality[39m

[32m- Expected[39m
[31m+ Received[39m

[32m- true[39m
[31m+ false[39m

[36m [2mΓ¥»[22m test
s/WorldModel.test.ts:[
2m256:43[22m[39m
    [90m254|[39m     
    [35mconst[39m 
builder [33m=[39m 
[35mnew[39m [33mRepo
StateBuilder[39m()[33
m;[39m
    [90m255|[39m     
    [35mconst[39m 
state [33m=[39m 
[35mawait[39m builder
[33m.[39m[34mbuild[
39m([32m'/workspace'[
39m)[33m;[39m
    [90m256|[39m     
    [34mexpect[39m(st
ate[33m.[39mhasArchit
ectureDocs)[33m.[39m
[34mtoBe[39m([35mtrue
[39m)[33m;[39m
    [90m   |[39m     
                       
               
[31m^[39m
    [90m257|[39m     
})[33m;[39m
    [90m258|[39m

[31m[2mΓÄ»ΓÄ»ΓÄ»ΓÄ»ΓÄ
»ΓÄ»ΓÄ»ΓÄ»ΓÄ»ΓÄ»ΓÄ»ΓÄ»Γ
Ä»ΓÄ»ΓÄ»ΓÄ»ΓÄ»ΓÄ»ΓÄ»ΓÄ»
ΓÄ»ΓÄ»[13/14]ΓÄ»[22m[
39m

[41m[1m FAIL 
[22m[49m electron/__t
ests__/inference/Canoni
calStreaming.test.ts[2
m > [22mInferenceServi
ce.executeStream()[2m 
> [22mstream failure 
after partial output 
does NOT retry, 
returns isPartial=true
[31m[1mAssertionError
[22m: expected 
'aborted' to be 
'failed' // Object.is 
equality[39m

Expected: [32m"[7mfai
l[27med"[39m
Received: [31m"[7mabo
rt[27med"[39m

[36m [2mΓ¥»[22m elec
tron/__tests__/inferenc
e/CanonicalStreaming.te
st.ts:[2m250:37[22m[
39m
    [90m248|[39m     
    [34mexpect[39m(re
sult[33m.[39msuccess)
[33m.[39m[34mtoBe[3
9m([35mfalse[39m)[33
m;[39m
    [90m249|[39m     
    [34mexpect[39m(re
sult[33m.[39misPartia
l)[33m.[39m[34mtoBe
[39m([35mtrue[39m)[3
3m;[39m
    [90m250|[39m     
    [34mexpect[39m(re
sult[33m.[39mstreamSt
atus)[33m.[39m[34mto
Be[39m([32m'failed'[
39m)[33m;[39m
    [90m   |[39m     
                       
         [31m^[39m
    [90m251|[39m     
    [34mexpect[39m(re
sult[33m.[39mprovider
Id)[33m.[39m[34mtoBe
[39m([32m'primary'[3
9m)[33m;[39m
    [90m252|[39m     
    [90m// Fallback 
must NOT have been 
attempted after 
partial output[39m

[31m[2mΓÄ»ΓÄ»ΓÄ»ΓÄ»ΓÄ
»ΓÄ»ΓÄ»ΓÄ»ΓÄ»ΓÄ»ΓÄ»ΓÄ»Γ
Ä»ΓÄ»ΓÄ»ΓÄ»ΓÄ»ΓÄ»ΓÄ»ΓÄ»
ΓÄ»ΓÄ»[14/14]ΓÄ»[22m[
39m


[2m Test Files [22m [1m[31m7 failed[39m[22m[2m | [22m[1m[32m85 passed[39m[22m[90m (92)[39m
[2m      Tests [22m [1m[31m14 failed[39m[22m[2m | [22m[1m[32m1737 passed[39m[22m[90m (1751)[39m
[2m   Start at [22m 21:08:19
[2m   Duration [22m 4.02s[2m (transform 10.52s, setup 0ms, import 18.62s, tests 3.13s, environment 18ms)[22m

